<html>
<body>
<pre>
<h1>µVision Build Log</h1>
<h2>Project:</h2>
C:\Users\AcerPC\Desktop\GradSchool\TM4C1234g\ORI-COPY\ControllableInverter_NoFREETOS\InverterControlLoop\freertos_demo.uvproj
Project File Date:  03/25/2018

<h2>Output:</h2>
Build target 'freertos_demo'
compiling PLL.c...
PLL.c(90): warning:  #68-D: integer conversion resulted in a change of sign
        spll_obj->lpf_coeff.B1_lf=B1_LPF;//the loop filter params don't change???
PLL.c(92): warning:  #68-D: integer conversion resulted in a change of sign
        spll_obj->lpf_coeff.A1_lf=A1_LPF;
PLL.c(97): warning:  #940-D: missing return statement at end of non-void function "PLLTaskInit"
  }
PLL.c(175): warning:  #1035-D: single-precision operand implicitly converted to double-precision
        temp=(float)1.0/(osgx+osgy+4.0);
PLL.c(177): warning:  #68-D: integer conversion resulted in a change of sign
        spll->osg_coeff.osg_b2=(SPLL_SOGI_Q(-1.0)*spll->osg_coeff.osg_b0);
PLL.c(178): warning:  #1035-D: single-precision operand implicitly converted to double-precision
        spll->osg_coeff.osg_a1=SPLL_SOGI_Q((float)(2.0*(4.0-osgy))*temp);
PLL.c(180): warning:  #1035-D: single-precision operand implicitly converted to double-precision
        spll->osg_coeff.osg_qb0=SPLL_SOGI_Q((float)(0.5*osgy)*temp);
PLL.c(193): warning:  #1-D: last line of file ends without a newline
  }
PLL.c: 8 warnings, 0 errors
linking...
Program Size: Code=4644 RO-data=1104 RW-data=1644 ZI-data=8412  
After Build - User command #1: fromelf --bin --output .\rvmdk\freertos_demo.bin .\rvmdk\freertos_demo.axf
".\rvmdk\freertos_demo.axf" - 0 Error(s), 8 Warning(s).
Load "C:\\Users\\AcerPC\\Desktop\\GradSchool\\TM4C1234g\\ORI-COPY\\ControllableInverter_NoFREETOS\\InverterControlLoop\\rvmdk\\freertos_demo.axf" 
Connecting: Mode=JTAG, Speed=1000000Hz
Erase Done.
Programming Done.
Verify OK.
</pre>
</body>
</html>
#1-D: last line of file ends without a newline
  }
PLL.c: 8 warnings, 0 errors
linking...
Program Size: Code=4528 RO-data=1104 RW-data=1644 ZI-data=8260  
After Build - User command #1: fromelf --bin --output .\rvmdk\freertos_demo.bin .\rvmdk\freertos_demo.axf
".\rvmdk\freertos_demo.axf" - 0 Error(s), 11 Warning(s).
Load "C:\\Users\\AcerPC\\Desktop\\GradSchool\\TM4C1234g\\ORI-COPY\\ControllableInverter_NoFREETOS\\InverterControlLoop\\rvmdk\\freertos_demo.axf" 
Connecting: Mode=JTAG, Speed=1000000Hz
Erase Done.
Programming Done.
Verify OK.
