<html>
<body>
<pre>
<h1>µVision Build Log</h1>
<h2>Project:</h2>
C:\Users\Oriana\Desktop\InverterFinalCode\InverterControlLoop\freertos_demo.uvproj
Project File Date:  07/10/2018

<h2>Output:</h2>
Build target 'freertos_demo'
compiling Control.c...
Control.c(125): warning:  #1-D: last line of file ends without a newline
  }
Control.c: 1 warning, 0 errors
linking...
Program Size: Code=12488 RO-data=5592 RW-data=1644 ZI-data=2748  
After Build - User command #1: fromelf --bin --output .\rvmdk\freertos_demo.bin .\rvmdk\freertos_demo.axf
".\rvmdk\freertos_demo.axf" - 0 Error(s), 1 Warning(s).
Load "C:\\Users\\Oriana\\Desktop\\InverterFinalCode\\InverterControlLoop\\rvmdk\\freertos_demo.axf" 
Connecting: Mode=JTAG, Speed=1000000Hz
Erase Done.
Programming Done.
Verify OK.
</pre>
</body>
</html>
rget DLL has been cancelled
Load "C:\\Users\\Oriana\\Desktop\\InverterFinalCode\\InverterControlLoop\\rvmdk\\freertos_demo.axf" 
Connecting: Mode=JTAG, Speed=1000000Hz
Erase Done.
Programming Done.
Verify OK.
" 
Connecting: Mode=JTAG, Speed=1000000Hz
Erase Done.
Programming Done.
Verify OK.
c_task.c(298): warning:  #1035-D: single-precision operand implicitly converted to double-precision
        VSync.AC_input =(((float) correctedInput)-0.5)*2;
adc_task.c: 2 warnings, 0 errors
"adc_task.c" - 0 Error(s), 2 Warning(s).
