ARM Linker, 5.03 [Build 76] [MDK-ARM Lite]

==============================================================================

Section Cross References

    main.o(i.ConfigureUART) refers to uart.o(i.UARTClockSourceSet) for UARTClockSourceSet
    main.o(i.ConfigureUART) refers to uartstdio.o(i.UARTStdioConfig) for UARTStdioConfig
    main.o(i.main) refers to gpio_task.o(i.GPIOTaskInit) for GPIOTaskInit
    main.o(i.main) refers to adc_task.o(i.ADCTaskInit) for ADCTaskInit
    main.o(i.main) refers to pwm_task.o(i.PWMTaskInit) for PWMTaskInit
    main.o(i.main) refers to pll.o(i.PLLTaskInit) for PLLTaskInit
    main.o(i.main) refers to main.o(i.ConfigureUART) for ConfigureUART
    main.o(i.main) refers to uartstdio.o(i.UARTprintf) for UARTprintf
    main.o(i.main) refers to interrupt.o(i.IntEnable) for IntEnable
    main.o(i.main) refers to adc_task.o(i.ADCTask) for ADCTask
    main.o(i.main) refers to main.o(i.Producer) for Producer
    main.o(i.main) refers to main.o(.bss) for lpf_coeff
    main.o(i.main) refers to pll.o(.bss) for VSync
    startup_rvmdk.o(RESET) refers to startup_rvmdk.o(STACK) for StackMem
    startup_rvmdk.o(RESET) refers to entry.o(.ARM.Collect$$$$00000000) for __main
    uartstdio.o(i.UARTStdioConfig) refers to uartstdio.o(.constdata) for g_ui32UARTPeriph
    uartstdio.o(i.UARTStdioConfig) refers to uartstdio.o(.data) for g_ui32Base
    uartstdio.o(i.UARTgetc) refers to uartstdio.o(.data) for g_ui32Base
    uartstdio.o(i.UARTgets) refers to uartstdio.o(i.UARTwrite) for UARTwrite
    uartstdio.o(i.UARTgets) refers to uartstdio.o(.data) for g_ui32Base
    uartstdio.o(i.UARTprintf) refers to uartstdio.o(i.UARTvprintf) for UARTvprintf
    uartstdio.o(i.UARTvprintf) refers to uartstdio.o(i.UARTwrite) for UARTwrite
    uartstdio.o(i.UARTvprintf) refers to uartstdio.o(.constdata) for g_pcHex
    uartstdio.o(i.UARTwrite) refers to uartstdio.o(.data) for g_ui32Base
    uartstdio.o(.constdata) refers to uartstdio.o(.conststring) for .conststring
    ustdlib.o(i.ulocaltime) refers to ustdlib.o(.constdata) for g_psDaysToMonth
    ustdlib.o(i.umktime) refers to ustdlib.o(i.ulocaltime) for ulocaltime
    ustdlib.o(i.umktime) refers to ustdlib.o(i.ucmptime) for ucmptime
    ustdlib.o(i.urand) refers to ustdlib.o(.data) for g_iRandomSeed
    ustdlib.o(i.usnprintf) refers to ustdlib.o(i.uvsnprintf) for uvsnprintf
    ustdlib.o(i.usprintf) refers to ustdlib.o(i.uvsnprintf) for uvsnprintf
    ustdlib.o(i.usrand) refers to ustdlib.o(.data) for g_iRandomSeed
    ustdlib.o(i.ustrcasecmp) refers to ustdlib.o(i.ustrncasecmp) for ustrncasecmp
    ustdlib.o(i.ustrcmp) refers to ustdlib.o(i.ustrncmp) for ustrncmp
    ustdlib.o(i.ustrstr) refers to ustdlib.o(i.ustrlen) for ustrlen
    ustdlib.o(i.ustrstr) refers to ustdlib.o(i.ustrncmp) for ustrncmp
    ustdlib.o(i.ustrtof) refers to ustdlib.o(.constdata) for g_pfExponents
    ustdlib.o(i.uvsnprintf) refers to ustdlib.o(i.ustrncpy) for ustrncpy
    ustdlib.o(i.uvsnprintf) refers to ustdlib.o(.constdata) for g_pcHex
    ustdlib.o(.constdata) refers to ustdlib.o(.conststring) for .conststring
    adc_task.o(i.ADC0Seq0_Handler) refers to adc.o(i.ADCIntClear) for ADCIntClear
    adc_task.o(i.ADC0Seq0_Handler) refers to adc.o(i.ADCSequenceDataGet) for ADCSequenceDataGet
    adc_task.o(i.ADC0Seq0_Handler) refers to adc_task.o(.data) for avg_dcMeas
    adc_task.o(i.ADC0Seq2_Handler) refers to adc.o(i.ADCIntClear) for ADCIntClear
    adc_task.o(i.ADC0Seq2_Handler) refers to adc.o(i.ADCSequenceDataGet) for ADCSequenceDataGet
    adc_task.o(i.ADC0Seq2_Handler) refers to f2d.o(.text) for __aeabi_f2d
    adc_task.o(i.ADC0Seq2_Handler) refers to dadd.o(.text) for __aeabi_dsub
    adc_task.o(i.ADC0Seq2_Handler) refers to dmul.o(.text) for __aeabi_dmul
    adc_task.o(i.ADC0Seq2_Handler) refers to d2f.o(.text) for __aeabi_d2f
    adc_task.o(i.ADC0Seq2_Handler) refers to pll.o(i.PLLRun) for PLLRun
    adc_task.o(i.ADC0Seq2_Handler) refers to adc_task.o(.bss) for adcRawInput
    adc_task.o(i.ADC0Seq2_Handler) refers to adc_task.o(.data) for adc_input_index
    adc_task.o(i.ADC0Seq2_Handler) refers to pll.o(.bss) for VSync
    adc_task.o(i.ADCTask) refers to dflti.o(.text) for __aeabi_i2d
    adc_task.o(i.ADCTask) refers to ddiv.o(.text) for __aeabi_ddiv
    adc_task.o(i.ADCTask) refers to dfixi.o(.text) for __aeabi_d2iz
    adc_task.o(i.ADCTask) refers to adc_task.o(i.sqrtInt) for sqrtInt
    adc_task.o(i.ADCTask) refers to dmul.o(.text) for __aeabi_dmul
    adc_task.o(i.ADCTask) refers to dadd.o(.text) for __aeabi_dadd
    adc_task.o(i.ADCTask) refers to uartstdio.o(i.UARTprintf) for UARTprintf
    adc_task.o(i.ADCTask) refers to adc_task.o(.data) for rmsFlag
    adc_task.o(i.ADCTask) refers to adc_task.o(.bss) for Sinv
    adc_task.o(i.ADCTask) refers to sqrt.o(i.__hardfp_sqrt) for __hardfp_sqrt
    adc_task.o(i.ADCTask) refers to cdcmple.o(.text) for __aeabi_cdcmple
    adc_task.o(i.ADCTask) refers to cdrcmple.o(.text) for __aeabi_cdrcmple
    adc_task.o(i.ADCTask) refers to control.o(i.VarControl) for VarControl
    adc_task.o(i.ADCTask) refers to gpio.o(i.GPIOPinWrite) for GPIOPinWrite
    adc_task.o(i.ADCTaskInit) refers to sysctl.o(i.SysCtlPeripheralEnable) for SysCtlPeripheralEnable
    adc_task.o(i.ADCTaskInit) refers to gpio.o(i.GPIOPinTypeADC) for GPIOPinTypeADC
    adc_task.o(i.ADCTaskInit) refers to timer.o(i.TimerDisable) for TimerDisable
    adc_task.o(i.ADCTaskInit) refers to timer.o(i.TimerControlTrigger) for TimerControlTrigger
    adc_task.o(i.ADCTaskInit) refers to timer.o(i.TimerConfigure) for TimerConfigure
    adc_task.o(i.ADCTaskInit) refers to sysctl.o(i.SysCtlClockGet) for SysCtlClockGet
    adc_task.o(i.ADCTaskInit) refers to timer.o(i.TimerLoadSet) for TimerLoadSet
    adc_task.o(i.ADCTaskInit) refers to timer.o(i.TimerIntDisable) for TimerIntDisable
    adc_task.o(i.ADCTaskInit) refers to timer.o(i.TimerEnable) for TimerEnable
    adc_task.o(i.ADCTaskInit) refers to adc.o(i.ADCClockConfigSet) for ADCClockConfigSet
    adc_task.o(i.ADCTaskInit) refers to adc.o(i.ADCSequenceDisable) for ADCSequenceDisable
    adc_task.o(i.ADCTaskInit) refers to adc.o(i.ADCSequenceConfigure) for ADCSequenceConfigure
    adc_task.o(i.ADCTaskInit) refers to adc.o(i.ADCSequenceStepConfigure) for ADCSequenceStepConfigure
    adc_task.o(i.ADCTaskInit) refers to adc.o(i.ADCSequenceEnable) for ADCSequenceEnable
    adc_task.o(i.ADCTaskInit) refers to adc.o(i.ADCIntEnable) for ADCIntEnable
    adc_task.o(i.ADCTaskInit) refers to adc.o(i.ADCIntRegister) for ADCIntRegister
    adc_task.o(i.ADCTaskInit) refers to interrupt.o(i.IntPrioritySet) for IntPrioritySet
    adc_task.o(i.ADCTaskInit) refers to interrupt.o(i.IntDisable) for IntDisable
    adc_task.o(i.ADCTaskInit) refers to adc.o(i.ADCIntClear) for ADCIntClear
    adc_task.o(i.ADCTaskInit) refers to adc_task.o(i.ADC0Seq2_Handler) for ADC0Seq2_Handler
    adc_task.o(i.ADCTaskInit) refers to adc_task.o(i.ADC0Seq0_Handler) for ADC0Seq0_Handler
    pll.o(i.PLLRun) refers to dmul.o(.text) for __aeabi_dmul
    pll.o(i.PLLRun) refers to ddiv.o(.text) for __aeabi_ddiv
    pll.o(i.PLLRun) refers to d2f.o(.text) for __aeabi_d2f
    pll.o(i.PLLRun) refers to f2d.o(.text) for __aeabi_f2d
    pll.o(i.PLLRun) refers to cdrcmple.o(.text) for __aeabi_cdrcmple
    pll.o(i.PLLRun) refers to cdcmple.o(.text) for __aeabi_cdcmple
    pll.o(i.PLLRun) refers to dadd.o(.text) for __aeabi_drsub
    pll.o(i.PLLRun) refers to ceil.o(i.__hardfp_ceil) for __hardfp_ceil
    pll.o(i.PLLRun) refers to dfixi.o(.text) for __aeabi_d2iz
    pll.o(i.PLLRun) refers to pll.o(.data) for oldValue
    pll.o(i.PLLRun) refers to pll.o(.constdata) for sineTable
    pll.o(i.PLLRun) refers to pwm_task.o(.data) for inputValue
    pll.o(i.PLLTask) refers to uartstdio.o(i.UARTprintf) for UARTprintf
    pll.o(i.PLLTaskInit) refers to dfltui.o(.text) for __aeabi_ui2d
    pll.o(i.PLLTaskInit) refers to dmul.o(.text) for __aeabi_dmul
    pll.o(i.PLLTaskInit) refers to d2f.o(.text) for __aeabi_d2f
    pll.o(i.TIMER0AIntHandler) refers to timer.o(i.TimerIntClear) for TimerIntClear
    pll.o(i.TIMER0AIntHandler) refers to gpio.o(i.GPIOPinWrite) for GPIOPinWrite
    pll.o(i.TIMER0AIntHandler) refers to pll.o(i.PLLRun) for PLLRun
    pll.o(i.TIMER0AIntHandler) refers to pll.o(.bss) for VSync
    pll.o(i.configureTIMER0A) refers to sysctl.o(i.SysCtlPeripheralEnable) for SysCtlPeripheralEnable
    pll.o(i.configureTIMER0A) refers to timer.o(i.TimerConfigure) for TimerConfigure
    pll.o(i.configureTIMER0A) refers to sysctl.o(i.SysCtlClockGet) for SysCtlClockGet
    pll.o(i.configureTIMER0A) refers to timer.o(i.TimerLoadSet) for TimerLoadSet
    pll.o(i.configureTIMER0A) refers to timer.o(i.TimerIntRegister) for TimerIntRegister
    pll.o(i.configureTIMER0A) refers to interrupt.o(i.IntPrioritySet) for IntPrioritySet
    pll.o(i.configureTIMER0A) refers to timer.o(i.TimerEnable) for TimerEnable
    pll.o(i.configureTIMER0A) refers to timer.o(i.TimerIntEnable) for TimerIntEnable
    pll.o(i.configureTIMER0A) refers to pll.o(i.TIMER0AIntHandler) for TIMER0AIntHandler
    pwm_task.o(i.PWM0IntHandler) refers to pwm.o(i.PWMGenIntClear) for PWMGenIntClear
    pwm_task.o(i.PWM0IntHandler) refers to dflti.o(.text) for __aeabi_i2d
    pwm_task.o(i.PWM0IntHandler) refers to dmul.o(.text) for __aeabi_dmul
    pwm_task.o(i.PWM0IntHandler) refers to dfixi.o(.text) for __aeabi_d2iz
    pwm_task.o(i.PWM0IntHandler) refers to pwm.o(i.PWMPulseWidthSet) for PWMPulseWidthSet
    pwm_task.o(i.PWM0IntHandler) refers to pwm_task.o(.data) for inputValue
    pwm_task.o(i.PWM0IntHandler) refers to control.o(.data) for ma_avg
    pwm_task.o(i.PWMTaskInit) refers to sysctl.o(i.SysCtlPWMClockSet) for SysCtlPWMClockSet
    pwm_task.o(i.PWMTaskInit) refers to sysctl.o(i.SysCtlPeripheralEnable) for SysCtlPeripheralEnable
    pwm_task.o(i.PWMTaskInit) refers to gpio.o(i.GPIOPinConfigure) for GPIOPinConfigure
    pwm_task.o(i.PWMTaskInit) refers to gpio.o(i.GPIOPinTypePWM) for GPIOPinTypePWM
    pwm_task.o(i.PWMTaskInit) refers to pwm.o(i.PWMGenConfigure) for PWMGenConfigure
    pwm_task.o(i.PWMTaskInit) refers to sysctl.o(i.SysCtlClockGet) for SysCtlClockGet
    pwm_task.o(i.PWMTaskInit) refers to pwm.o(i.PWMGenPeriodSet) for PWMGenPeriodSet
    pwm_task.o(i.PWMTaskInit) refers to pwm.o(i.PWMPulseWidthSet) for PWMPulseWidthSet
    pwm_task.o(i.PWMTaskInit) refers to pwm.o(i.PWMOutputState) for PWMOutputState
    pwm_task.o(i.PWMTaskInit) refers to pwm.o(i.PWMGenIntTrigEnable) for PWMGenIntTrigEnable
    pwm_task.o(i.PWMTaskInit) refers to pwm.o(i.PWMGenIntRegister) for PWMGenIntRegister
    pwm_task.o(i.PWMTaskInit) refers to interrupt.o(i.IntPrioritySet) for IntPrioritySet
    pwm_task.o(i.PWMTaskInit) refers to pwm.o(i.PWMIntEnable) for PWMIntEnable
    pwm_task.o(i.PWMTaskInit) refers to pwm.o(i.PWMGenEnable) for PWMGenEnable
    pwm_task.o(i.PWMTaskInit) refers to pwm_task.o(i.PWM0IntHandler) for PWM0IntHandler
    pwm_task.o(i.Timer1AIntHandler) refers to timer.o(i.TimerIntClear) for TimerIntClear
    pwm_task.o(i.configureTimer1A) refers to sysctl.o(i.SysCtlPeripheralEnable) for SysCtlPeripheralEnable
    pwm_task.o(i.configureTimer1A) refers to timer.o(i.TimerConfigure) for TimerConfigure
    pwm_task.o(i.configureTimer1A) refers to timer.o(i.TimerLoadSet) for TimerLoadSet
    pwm_task.o(i.configureTimer1A) refers to timer.o(i.TimerIntRegister) for TimerIntRegister
    pwm_task.o(i.configureTimer1A) refers to interrupt.o(i.IntPrioritySet) for IntPrioritySet
    pwm_task.o(i.configureTimer1A) refers to timer.o(i.TimerEnable) for TimerEnable
    pwm_task.o(i.configureTimer1A) refers to timer.o(i.TimerIntEnable) for TimerIntEnable
    pwm_task.o(i.configureTimer1A) refers to interrupt.o(i.IntDisable) for IntDisable
    pwm_task.o(i.configureTimer1A) refers to timer.o(i.TimerIntClear) for TimerIntClear
    pwm_task.o(i.configureTimer1A) refers to pwm_task.o(i.Timer1AIntHandler) for Timer1AIntHandler
    gpio_task.o(i.GPIOTask) refers to gpio_task.o(i.GPIO_PB2_SET_HIGH) for GPIO_PB2_SET_HIGH
    gpio_task.o(i.GPIOTask) refers to gpio_task.o(i.GPIO_PB2_SET_LOW) for GPIO_PB2_SET_LOW
    gpio_task.o(i.GPIOTask) refers to gpio_task.o(.data) for counter
    gpio_task.o(i.GPIOTaskInit) refers to sysctl.o(i.SysCtlPeripheralEnable) for SysCtlPeripheralEnable
    gpio_task.o(i.GPIOTaskInit) refers to gpio.o(i.GPIOPinTypeGPIOOutput) for GPIOPinTypeGPIOOutput
    gpio_task.o(i.GPIO_PB2_SET_HIGH) refers to gpio.o(i.GPIOPinWrite) for GPIOPinWrite
    gpio_task.o(i.GPIO_PB2_SET_LOW) refers to gpio.o(i.GPIOPinWrite) for GPIOPinWrite
    control.o(i.Timer2AIntHandler) refers to timer.o(i.TimerIntClear) for TimerIntClear
    control.o(i.VarControl) refers to dadd.o(.text) for __aeabi_dsub
    control.o(i.VarControl) refers to f2d.o(.text) for __aeabi_f2d
    control.o(i.VarControl) refers to dmul.o(.text) for __aeabi_dmul
    control.o(i.VarControl) refers to dfixi.o(.text) for __aeabi_d2iz
    control.o(i.VarControl) refers to uartstdio.o(i.UARTprintf) for UARTprintf
    control.o(i.VarControl) refers to ddiv.o(.text) for __aeabi_ddiv
    control.o(i.VarControl) refers to control.o(i.min) for min
    control.o(i.VarControl) refers to control.o(i.max) for max
    control.o(i.VarControl) refers to control.o(.data) for Vref
    control.o(i.VarControl) refers to adc_task.o(.data) for ctrlFlag
    control.o(i.configureTimer2A) refers to sysctl.o(i.SysCtlPeripheralEnable) for SysCtlPeripheralEnable
    control.o(i.configureTimer2A) refers to timer.o(i.TimerConfigure) for TimerConfigure
    control.o(i.configureTimer2A) refers to sysctl.o(i.SysCtlClockGet) for SysCtlClockGet
    control.o(i.configureTimer2A) refers to timer.o(i.TimerLoadSet) for TimerLoadSet
    control.o(i.configureTimer2A) refers to timer.o(i.TimerIntRegister) for TimerIntRegister
    control.o(i.configureTimer2A) refers to interrupt.o(i.IntPrioritySet) for IntPrioritySet
    control.o(i.configureTimer2A) refers to timer.o(i.TimerEnable) for TimerEnable
    control.o(i.configureTimer2A) refers to timer.o(i.TimerIntEnable) for TimerIntEnable
    control.o(i.configureTimer2A) refers to interrupt.o(i.IntDisable) for IntDisable
    control.o(i.configureTimer2A) refers to timer.o(i.TimerIntClear) for TimerIntClear
    control.o(i.configureTimer2A) refers to control.o(i.Timer2AIntHandler) for Timer2AIntHandler
    control.o(i.max) refers to cdrcmple.o(.text) for __aeabi_cdrcmple
    control.o(i.min) refers to cdcmple.o(.text) for __aeabi_cdcmple
    control.o(i.sqrtDb) refers to dadd.o(.text) for __aeabi_dadd
    control.o(i.sqrtDb) refers to ddiv.o(.text) for __aeabi_ddiv
    control.o(i.sqrtDb) refers to dmul.o(.text) for __aeabi_dmul
    control.o(i.sqrtDb) refers to cdcmple.o(.text) for __aeabi_cdcmpeq
    control.o(i.sqrtDb) refers to cdrcmple.o(.text) for __aeabi_cdrcmple
    adc.o(i.ADCIntRegister) refers to interrupt.o(i.IntRegister) for IntRegister
    adc.o(i.ADCIntRegister) refers to interrupt.o(i.IntEnable) for IntEnable
    adc.o(i.ADCIntUnregister) refers to interrupt.o(i.IntDisable) for IntDisable
    adc.o(i.ADCIntUnregister) refers to interrupt.o(i.IntUnregister) for IntUnregister
    adc.o(i.ADCSoftwareOversampleConfigure) refers to adc.o(.data) for .data
    adc.o(i.ADCSoftwareOversampleDataGet) refers to adc.o(.data) for .data
    adc.o(i.ADCSoftwareOversampleStepConfigure) refers to adc.o(.data) for .data
    gpio.o(i.GPIOIntRegister) refers to gpio.o(i._GPIOIntNumberGet) for _GPIOIntNumberGet
    gpio.o(i.GPIOIntRegister) refers to interrupt.o(i.IntRegister) for IntRegister
    gpio.o(i.GPIOIntRegister) refers to interrupt.o(i.IntEnable) for IntEnable
    gpio.o(i.GPIOIntRegisterPin) refers to gpio.o(i._GPIOIntNumberGet) for _GPIOIntNumberGet
    gpio.o(i.GPIOIntRegisterPin) refers to interrupt.o(i.IntRegister) for IntRegister
    gpio.o(i.GPIOIntRegisterPin) refers to interrupt.o(i.IntEnable) for IntEnable
    gpio.o(i.GPIOIntUnregister) refers to gpio.o(i._GPIOIntNumberGet) for _GPIOIntNumberGet
    gpio.o(i.GPIOIntUnregister) refers to interrupt.o(i.IntDisable) for IntDisable
    gpio.o(i.GPIOIntUnregister) refers to interrupt.o(i.IntUnregister) for IntUnregister
    gpio.o(i.GPIOIntUnregisterPin) refers to gpio.o(i._GPIOIntNumberGet) for _GPIOIntNumberGet
    gpio.o(i.GPIOIntUnregisterPin) refers to interrupt.o(i.IntDisable) for IntDisable
    gpio.o(i.GPIOIntUnregisterPin) refers to interrupt.o(i.IntUnregister) for IntUnregister
    gpio.o(i.GPIOPinConfigure) refers to gpio.o(.constdata) for .constdata
    gpio.o(i.GPIOPinTypeADC) refers to gpio.o(i.GPIODirModeSet) for GPIODirModeSet
    gpio.o(i.GPIOPinTypeADC) refers to gpio.o(i.GPIOPadConfigSet) for GPIOPadConfigSet
    gpio.o(i.GPIOPinTypeCAN) refers to gpio.o(i.GPIODirModeSet) for GPIODirModeSet
    gpio.o(i.GPIOPinTypeCAN) refers to gpio.o(i.GPIOPadConfigSet) for GPIOPadConfigSet
    gpio.o(i.GPIOPinTypeComparator) refers to gpio.o(i.GPIODirModeSet) for GPIODirModeSet
    gpio.o(i.GPIOPinTypeComparator) refers to gpio.o(i.GPIOPadConfigSet) for GPIOPadConfigSet
    gpio.o(i.GPIOPinTypeComparatorOutput) refers to gpio.o(i.GPIODirModeSet) for GPIODirModeSet
    gpio.o(i.GPIOPinTypeComparatorOutput) refers to gpio.o(i.GPIOPadConfigSet) for GPIOPadConfigSet
    gpio.o(i.GPIOPinTypeDIVSCLK) refers to gpio.o(i.GPIODirModeSet) for GPIODirModeSet
    gpio.o(i.GPIOPinTypeDIVSCLK) refers to gpio.o(i.GPIOPadConfigSet) for GPIOPadConfigSet
    gpio.o(i.GPIOPinTypeEPI) refers to gpio.o(i.GPIODirModeSet) for GPIODirModeSet
    gpio.o(i.GPIOPinTypeEPI) refers to gpio.o(i.GPIOPadConfigSet) for GPIOPadConfigSet
    gpio.o(i.GPIOPinTypeEthernetLED) refers to gpio.o(i.GPIODirModeSet) for GPIODirModeSet
    gpio.o(i.GPIOPinTypeEthernetLED) refers to gpio.o(i.GPIOPadConfigSet) for GPIOPadConfigSet
    gpio.o(i.GPIOPinTypeEthernetMII) refers to gpio.o(i.GPIODirModeSet) for GPIODirModeSet
    gpio.o(i.GPIOPinTypeEthernetMII) refers to gpio.o(i.GPIOPadConfigSet) for GPIOPadConfigSet
    gpio.o(i.GPIOPinTypeGPIOInput) refers to gpio.o(i.GPIODirModeSet) for GPIODirModeSet
    gpio.o(i.GPIOPinTypeGPIOInput) refers to gpio.o(i.GPIOPadConfigSet) for GPIOPadConfigSet
    gpio.o(i.GPIOPinTypeGPIOOutput) refers to gpio.o(i.GPIOPadConfigSet) for GPIOPadConfigSet
    gpio.o(i.GPIOPinTypeGPIOOutput) refers to gpio.o(i.GPIODirModeSet) for GPIODirModeSet
    gpio.o(i.GPIOPinTypeGPIOOutputOD) refers to gpio.o(i.GPIOPadConfigSet) for GPIOPadConfigSet
    gpio.o(i.GPIOPinTypeGPIOOutputOD) refers to gpio.o(i.GPIODirModeSet) for GPIODirModeSet
    gpio.o(i.GPIOPinTypeHibernateRTCCLK) refers to gpio.o(i.GPIODirModeSet) for GPIODirModeSet
    gpio.o(i.GPIOPinTypeHibernateRTCCLK) refers to gpio.o(i.GPIOPadConfigSet) for GPIOPadConfigSet
    gpio.o(i.GPIOPinTypeI2C) refers to gpio.o(i.GPIODirModeSet) for GPIODirModeSet
    gpio.o(i.GPIOPinTypeI2C) refers to gpio.o(i.GPIOPadConfigSet) for GPIOPadConfigSet
    gpio.o(i.GPIOPinTypeI2CSCL) refers to gpio.o(i.GPIODirModeSet) for GPIODirModeSet
    gpio.o(i.GPIOPinTypeI2CSCL) refers to gpio.o(i.GPIOPadConfigSet) for GPIOPadConfigSet
    gpio.o(i.GPIOPinTypeLCD) refers to gpio.o(i.GPIODirModeSet) for GPIODirModeSet
    gpio.o(i.GPIOPinTypeLCD) refers to gpio.o(i.GPIOPadConfigSet) for GPIOPadConfigSet
    gpio.o(i.GPIOPinTypeOneWire) refers to gpio.o(i.GPIODirModeSet) for GPIODirModeSet
    gpio.o(i.GPIOPinTypeOneWire) refers to gpio.o(i.GPIOPadConfigSet) for GPIOPadConfigSet
    gpio.o(i.GPIOPinTypePWM) refers to gpio.o(i.GPIODirModeSet) for GPIODirModeSet
    gpio.o(i.GPIOPinTypePWM) refers to gpio.o(i.GPIOPadConfigSet) for GPIOPadConfigSet
    gpio.o(i.GPIOPinTypeQEI) refers to gpio.o(i.GPIODirModeSet) for GPIODirModeSet
    gpio.o(i.GPIOPinTypeQEI) refers to gpio.o(i.GPIOPadConfigSet) for GPIOPadConfigSet
    gpio.o(i.GPIOPinTypeSSI) refers to gpio.o(i.GPIODirModeSet) for GPIODirModeSet
    gpio.o(i.GPIOPinTypeSSI) refers to gpio.o(i.GPIOPadConfigSet) for GPIOPadConfigSet
    gpio.o(i.GPIOPinTypeTimer) refers to gpio.o(i.GPIODirModeSet) for GPIODirModeSet
    gpio.o(i.GPIOPinTypeTimer) refers to gpio.o(i.GPIOPadConfigSet) for GPIOPadConfigSet
    gpio.o(i.GPIOPinTypeTrace) refers to gpio.o(i.GPIODirModeSet) for GPIODirModeSet
    gpio.o(i.GPIOPinTypeTrace) refers to gpio.o(i.GPIOPadConfigSet) for GPIOPadConfigSet
    gpio.o(i.GPIOPinTypeUART) refers to gpio.o(i.GPIODirModeSet) for GPIODirModeSet
    gpio.o(i.GPIOPinTypeUART) refers to gpio.o(i.GPIOPadConfigSet) for GPIOPadConfigSet
    gpio.o(i.GPIOPinTypeUSBAnalog) refers to gpio.o(i.GPIODirModeSet) for GPIODirModeSet
    gpio.o(i.GPIOPinTypeUSBAnalog) refers to gpio.o(i.GPIOPadConfigSet) for GPIOPadConfigSet
    gpio.o(i.GPIOPinTypeUSBDigital) refers to gpio.o(i.GPIODirModeSet) for GPIODirModeSet
    gpio.o(i.GPIOPinTypeUSBDigital) refers to gpio.o(i.GPIOPadConfigSet) for GPIOPadConfigSet
    gpio.o(i.GPIOPinTypeWakeHigh) refers to gpio.o(i.GPIODirModeSet) for GPIODirModeSet
    gpio.o(i.GPIOPinTypeWakeHigh) refers to gpio.o(i.GPIOPadConfigSet) for GPIOPadConfigSet
    gpio.o(i.GPIOPinTypeWakeLow) refers to gpio.o(i.GPIODirModeSet) for GPIODirModeSet
    gpio.o(i.GPIOPinTypeWakeLow) refers to gpio.o(i.GPIOPadConfigSet) for GPIOPadConfigSet
    gpio.o(i._GPIOIntNumberGet) refers to gpio.o(.constdata) for .constdata
    interrupt.o(i.IntDisable) refers to interrupt.o(.constdata) for .constdata
    interrupt.o(i.IntEnable) refers to interrupt.o(.constdata) for .constdata
    interrupt.o(i.IntIsEnabled) refers to interrupt.o(.constdata) for .constdata
    interrupt.o(i.IntMasterDisable) refers to cpu.o(.emb_text) for CPUcpsid
    interrupt.o(i.IntMasterEnable) refers to cpu.o(.emb_text) for CPUcpsie
    interrupt.o(i.IntPendClear) refers to interrupt.o(.constdata) for .constdata
    interrupt.o(i.IntPendSet) refers to interrupt.o(.constdata) for .constdata
    interrupt.o(i.IntPriorityGet) refers to interrupt.o(.constdata) for .constdata
    interrupt.o(i.IntPriorityGroupingGet) refers to interrupt.o(.constdata) for .constdata
    interrupt.o(i.IntPriorityGroupingSet) refers to interrupt.o(.constdata) for .constdata
    interrupt.o(i.IntPriorityMaskGet) refers to cpu.o(.emb_text) for CPUbasepriGet
    interrupt.o(i.IntPriorityMaskSet) refers to cpu.o(.emb_text) for CPUbasepriSet
    interrupt.o(i.IntPrioritySet) refers to interrupt.o(.constdata) for .constdata
    interrupt.o(i.IntRegister) refers to interrupt.o(vtable) for vtable
    interrupt.o(i.IntUnregister) refers to interrupt.o(i._IntDefaultHandler) for _IntDefaultHandler
    interrupt.o(i.IntUnregister) refers to interrupt.o(vtable) for vtable
    pwm.o(i.PWMFaultIntRegister) refers to interrupt.o(i.IntRegister) for IntRegister
    pwm.o(i.PWMFaultIntRegister) refers to interrupt.o(i.IntEnable) for IntEnable
    pwm.o(i.PWMFaultIntUnregister) refers to interrupt.o(i.IntDisable) for IntDisable
    pwm.o(i.PWMFaultIntUnregister) refers to interrupt.o(i.IntUnregister) for IntUnregister
    pwm.o(i.PWMGenIntRegister) refers to pwm.o(i._PWMGenIntNumberGet) for _PWMGenIntNumberGet
    pwm.o(i.PWMGenIntRegister) refers to interrupt.o(i.IntRegister) for IntRegister
    pwm.o(i.PWMGenIntRegister) refers to interrupt.o(i.IntEnable) for IntEnable
    pwm.o(i.PWMGenIntUnregister) refers to pwm.o(i._PWMGenIntNumberGet) for _PWMGenIntNumberGet
    pwm.o(i.PWMGenIntUnregister) refers to interrupt.o(i.IntDisable) for IntDisable
    pwm.o(i.PWMGenIntUnregister) refers to interrupt.o(i.IntUnregister) for IntUnregister
    sysctl.o(i.SysCtlClockFreqSet) refers to sysctl.o(.constdata) for .constdata
    sysctl.o(i.SysCtlClockGet) refers to sysctl.o(.constdata) for .constdata
    sysctl.o(i.SysCtlClockSet) refers to sysctl.o(.emb_text) for SysCtlDelay
    sysctl.o(i.SysCtlDeepSleep) refers to cpu.o(.emb_text) for CPUwfi
    sysctl.o(i.SysCtlIntRegister) refers to interrupt.o(i.IntRegister) for IntRegister
    sysctl.o(i.SysCtlIntRegister) refers to interrupt.o(i.IntEnable) for IntEnable
    sysctl.o(i.SysCtlIntUnregister) refers to interrupt.o(i.IntDisable) for IntDisable
    sysctl.o(i.SysCtlIntUnregister) refers to interrupt.o(i.IntUnregister) for IntUnregister
    sysctl.o(i.SysCtlSleep) refers to cpu.o(.emb_text) for CPUwfi
    sysctl.o(i.SysCtlVCOGet) refers to sysctl.o(.constdata) for .constdata
    timer.o(i.TimerIntRegister) refers to interrupt.o(i.IntRegister) for IntRegister
    timer.o(i.TimerIntRegister) refers to interrupt.o(i.IntEnable) for IntEnable
    timer.o(i.TimerIntRegister) refers to timer.o(.constdata) for .constdata
    timer.o(i.TimerIntUnregister) refers to interrupt.o(i.IntDisable) for IntDisable
    timer.o(i.TimerIntUnregister) refers to interrupt.o(i.IntUnregister) for IntUnregister
    timer.o(i.TimerIntUnregister) refers to timer.o(.constdata) for .constdata
    uart.o(i.UARTIntRegister) refers to interrupt.o(i.IntRegister) for IntRegister
    uart.o(i.UARTIntRegister) refers to interrupt.o(i.IntEnable) for IntEnable
    uart.o(i.UARTIntRegister) refers to uart.o(.constdata) for .constdata
    uart.o(i.UARTIntUnregister) refers to interrupt.o(i.IntDisable) for IntDisable
    uart.o(i.UARTIntUnregister) refers to interrupt.o(i.IntUnregister) for IntUnregister
    uart.o(i.UARTIntUnregister) refers to uart.o(.constdata) for .constdata
    ceil.o(i.__hardfp_ceil) refers (Special) to iusefp.o(.text) for __I$use$fp
    ceil.o(i.__hardfp_ceil) refers to dadd.o(.text) for __aeabi_dadd
    ceil.o(i.__hardfp_ceil) refers to cdrcmple.o(.text) for __aeabi_cdrcmple
    ceil.o(i.__softfp_ceil) refers (Special) to iusefp.o(.text) for __I$use$fp
    ceil.o(i.__softfp_ceil) refers to ceil.o(i.__hardfp_ceil) for __hardfp_ceil
    ceil.o(i.ceil) refers (Special) to iusefp.o(.text) for __I$use$fp
    ceil.o(i.ceil) refers to ceil.o(i.__hardfp_ceil) for __hardfp_ceil
    sqrt.o(i.__hardfp_sqrt) refers (Special) to iusefp.o(.text) for __I$use$fp
    sqrt.o(i.__hardfp_sqrt) refers to dsqrt.o(.text) for _dsqrt
    sqrt.o(i.__hardfp_sqrt) refers to errno.o(i.__set_errno) for __set_errno
    sqrt.o(i.__softfp_sqrt) refers (Special) to iusefp.o(.text) for __I$use$fp
    sqrt.o(i.__softfp_sqrt) refers to dsqrt.o(.text) for _dsqrt
    sqrt.o(i.__softfp_sqrt) refers to errno.o(i.__set_errno) for __set_errno
    sqrt.o(i.sqrt) refers (Special) to iusefp.o(.text) for __I$use$fp
    sqrt.o(i.sqrt) refers to dsqrt.o(.text) for _dsqrt
    sqrt.o(i.sqrt) refers to errno.o(i.__set_errno) for __set_errno
    sqrt_x.o(i.____hardfp_sqrt$lsc) refers (Special) to iusefp.o(.text) for __I$use$fp
    sqrt_x.o(i.____hardfp_sqrt$lsc) refers to cdcmple.o(.text) for __aeabi_cdcmple
    sqrt_x.o(i.____hardfp_sqrt$lsc) refers to errno.o(i.__set_errno) for __set_errno
    sqrt_x.o(i.____hardfp_sqrt$lsc) refers to dsqrt.o(.text) for _dsqrt
    sqrt_x.o(i.____softfp_sqrt$lsc) refers (Special) to iusefp.o(.text) for __I$use$fp
    sqrt_x.o(i.____softfp_sqrt$lsc) refers to cdcmple.o(.text) for __aeabi_cdcmple
    sqrt_x.o(i.____softfp_sqrt$lsc) refers to errno.o(i.__set_errno) for __set_errno
    sqrt_x.o(i.____softfp_sqrt$lsc) refers to dsqrt.o(.text) for _dsqrt
    sqrt_x.o(i.__sqrt$lsc) refers (Special) to iusefp.o(.text) for __I$use$fp
    sqrt_x.o(i.__sqrt$lsc) refers to cdcmple.o(.text) for __aeabi_cdcmple
    sqrt_x.o(i.__sqrt$lsc) refers to errno.o(i.__set_errno) for __set_errno
    sqrt_x.o(i.__sqrt$lsc) refers to dsqrt.o(.text) for _dsqrt
    entry.o(.ARM.Collect$$$$00000000) refers (Special) to entry10a.o(.ARM.Collect$$$$0000000D) for __rt_final_cpp
    entry.o(.ARM.Collect$$$$00000000) refers (Special) to entry11a.o(.ARM.Collect$$$$0000000F) for __rt_final_exit
    entry.o(.ARM.Collect$$$$00000000) refers (Special) to entry7b.o(.ARM.Collect$$$$00000008) for _main_clock
    entry.o(.ARM.Collect$$$$00000000) refers (Special) to entry8b.o(.ARM.Collect$$$$0000000A) for _main_cpp_init
    entry.o(.ARM.Collect$$$$00000000) refers (Special) to entry9a.o(.ARM.Collect$$$$0000000B) for _main_init
    entry.o(.ARM.Collect$$$$00000000) refers (Special) to entry5.o(.ARM.Collect$$$$00000004) for _main_scatterload
    entry.o(.ARM.Collect$$$$00000000) refers (Special) to entry2.o(.ARM.Collect$$$$00000001) for _main_stk
    dadd.o(.text) refers (Special) to iusefp.o(.text) for __I$use$fp
    dadd.o(.text) refers to llshl.o(.text) for __aeabi_llsl
    dadd.o(.text) refers to llsshr.o(.text) for __aeabi_lasr
    dadd.o(.text) refers to depilogue.o(.text) for _double_epilogue
    dmul.o(.text) refers (Special) to iusefp.o(.text) for __I$use$fp
    dmul.o(.text) refers to depilogue.o(.text) for _double_epilogue
    ddiv.o(.text) refers (Special) to iusefp.o(.text) for __I$use$fp
    ddiv.o(.text) refers to depilogue.o(.text) for _double_round
    dflti.o(.text) refers (Special) to iusefp.o(.text) for __I$use$fp
    dflti.o(.text) refers to depilogue.o(.text) for _double_epilogue
    dfltui.o(.text) refers (Special) to iusefp.o(.text) for __I$use$fp
    dfltui.o(.text) refers to depilogue.o(.text) for _double_epilogue
    dfixi.o(.text) refers (Special) to iusefp.o(.text) for __I$use$fp
    dfixi.o(.text) refers to llushr.o(.text) for __aeabi_llsr
    f2d.o(.text) refers (Special) to iusefp.o(.text) for __I$use$fp
    cdcmple.o(.text) refers (Special) to iusefp.o(.text) for __I$use$fp
    cdrcmple.o(.text) refers (Special) to iusefp.o(.text) for __I$use$fp
    d2f.o(.text) refers (Special) to iusefp.o(.text) for __I$use$fp
    d2f.o(.text) refers to fepilogue.o(.text) for _float_round
    entry2.o(.ARM.Collect$$$$00000001) refers to entry2.o(.ARM.Collect$$$$00002712) for __lit__00000000
    entry2.o(.ARM.Collect$$$$00002712) refers to startup_rvmdk.o(STACK) for __initial_sp
    entry2.o(__vectab_stack_and_reset_area) refers to startup_rvmdk.o(STACK) for __initial_sp
    entry2.o(__vectab_stack_and_reset_area) refers to entry.o(.ARM.Collect$$$$00000000) for __main
    entry5.o(.ARM.Collect$$$$00000004) refers to init.o(.text) for __scatterload
    entry9a.o(.ARM.Collect$$$$0000000B) refers to main.o(i.main) for main
    entry9b.o(.ARM.Collect$$$$0000000C) refers to main.o(i.main) for main
    errno.o(i.__aeabi_errno_addr) refers to errno.o(.data) for .data
    errno.o(i.__read_errno) refers to errno.o(.data) for .data
    errno.o(i.__set_errno) refers to errno.o(.data) for .data
    depilogue.o(.text) refers to llshl.o(.text) for __aeabi_llsl
    depilogue.o(.text) refers to llushr.o(.text) for __aeabi_llsr
    dsqrt.o(.text) refers to llushr.o(.text) for __aeabi_llsr
    dsqrt.o(.text) refers to depilogue.o(.text) for _double_round
    init.o(.text) refers to entry5.o(.ARM.Collect$$$$00000004) for __main_after_scatterload


==============================================================================

Removing Unused input sections from the image.

    Removing main.o(.constdata), (4096 bytes).
    Removing startup_rvmdk.o(HEAP), (0 bytes).
    Removing startup_rvmdk.o(.text), (0 bytes).
    Removing uartstdio.o(i.UARTgetc), (24 bytes).
    Removing uartstdio.o(i.UARTgets), (156 bytes).
    Removing ustdlib.o(i.ucmptime), (162 bytes).
    Removing ustdlib.o(i.ulocaltime), (172 bytes).
    Removing ustdlib.o(i.umktime), (84 bytes).
    Removing ustdlib.o(i.urand), (36 bytes).
    Removing ustdlib.o(i.usnprintf), (38 bytes).
    Removing ustdlib.o(i.usprintf), (38 bytes).
    Removing ustdlib.o(i.usrand), (12 bytes).
    Removing ustdlib.o(i.ustrcasecmp), (20 bytes).
    Removing ustdlib.o(i.ustrcmp), (20 bytes).
    Removing ustdlib.o(i.ustrlen), (16 bytes).
    Removing ustdlib.o(i.ustrncasecmp), (94 bytes).
    Removing ustdlib.o(i.ustrncmp), (58 bytes).
    Removing ustdlib.o(i.ustrncpy), (42 bytes).
    Removing ustdlib.o(i.ustrstr), (44 bytes).
    Removing ustdlib.o(i.ustrtof), (512 bytes).
    Removing ustdlib.o(i.ustrtoul), (212 bytes).
    Removing ustdlib.o(i.uvsnprintf), (708 bytes).
    Removing ustdlib.o(.constdata), (76 bytes).
    Removing ustdlib.o(.conststring), (17 bytes).
    Removing ustdlib.o(.data), (4 bytes).
    Removing adc_task.o(i.ADC_Print), (2 bytes).
    Removing adc_task.o(i.ADC_PrintJSON), (2 bytes).
    Removing adc_task.o(.constdata), (4096 bytes).
    Removing pll.o(i.PLLTask), (24 bytes).
    Removing pll.o(i.TIMER0AIntHandler), (52 bytes).
    Removing pll.o(i.configureTIMER0A), (88 bytes).
    Removing pwm_task.o(i.PWMTask), (2 bytes).
    Removing pwm_task.o(i.Timer1AIntHandler), (16 bytes).
    Removing pwm_task.o(i.configureTimer1A), (88 bytes).
    Removing gpio_task.o(i.GPIOTask), (44 bytes).
    Removing gpio_task.o(i.GPIO_PB2_SET_HIGH), (20 bytes).
    Removing gpio_task.o(i.GPIO_PB2_SET_LOW), (20 bytes).
    Removing gpio_task.o(.data), (2 bytes).
    Removing control.o(i.Timer2AIntHandler), (16 bytes).
    Removing control.o(i.configureTimer2A), (100 bytes).
    Removing control.o(i.ctrlInit), (2 bytes).
    Removing control.o(i.sqrtDb), (224 bytes).
    Removing control.o(.bss), (800 bytes).
    Removing adc.o(i.ADCBusy), (8 bytes).
    Removing adc.o(i.ADCClockConfigGet), (32 bytes).
    Removing adc.o(i.ADCComparatorConfigure), (10 bytes).
    Removing adc.o(i.ADCComparatorIntClear), (4 bytes).
    Removing adc.o(i.ADCComparatorIntDisable), (18 bytes).
    Removing adc.o(i.ADCComparatorIntEnable), (16 bytes).
    Removing adc.o(i.ADCComparatorIntStatus), (4 bytes).
    Removing adc.o(i.ADCComparatorRegionSet), (14 bytes).
    Removing adc.o(i.ADCComparatorReset), (40 bytes).
    Removing adc.o(i.ADCHardwareOversampleConfigure), (18 bytes).
    Removing adc.o(i.ADCIntClearEx), (4 bytes).
    Removing adc.o(i.ADCIntDisable), (16 bytes).
    Removing adc.o(i.ADCIntDisableEx), (10 bytes).
    Removing adc.o(i.ADCIntEnableEx), (8 bytes).
    Removing adc.o(i.ADCIntStatus), (52 bytes).
    Removing adc.o(i.ADCIntStatusEx), (22 bytes).
    Removing adc.o(i.ADCIntUnregister), (108 bytes).
    Removing adc.o(i.ADCPhaseDelayGet), (4 bytes).
    Removing adc.o(i.ADCPhaseDelaySet), (4 bytes).
    Removing adc.o(i.ADCProcessorTrigger), (26 bytes).
    Removing adc.o(i.ADCReferenceGet), (8 bytes).
    Removing adc.o(i.ADCReferenceSet), (12 bytes).
    Removing adc.o(i.ADCSequenceDMADisable), (18 bytes).
    Removing adc.o(i.ADCSequenceDMAEnable), (16 bytes).
    Removing adc.o(i.ADCSequenceOverflow), (12 bytes).
    Removing adc.o(i.ADCSequenceOverflowClear), (10 bytes).
    Removing adc.o(i.ADCSequenceUnderflow), (12 bytes).
    Removing adc.o(i.ADCSequenceUnderflowClear), (10 bytes).
    Removing adc.o(i.ADCSoftwareOversampleConfigure), (44 bytes).
    Removing adc.o(i.ADCSoftwareOversampleDataGet), (88 bytes).
    Removing adc.o(i.ADCSoftwareOversampleStepConfigure), (168 bytes).
    Removing adc.o(.data), (6 bytes).
    Removing gpio.o(i.GPIOADCTriggerDisable), (14 bytes).
    Removing gpio.o(i.GPIOADCTriggerEnable), (12 bytes).
    Removing gpio.o(i.GPIODMATriggerDisable), (14 bytes).
    Removing gpio.o(i.GPIODMATriggerEnable), (12 bytes).
    Removing gpio.o(i.GPIODirModeGet), (34 bytes).
    Removing gpio.o(i.GPIOIntClear), (6 bytes).
    Removing gpio.o(i.GPIOIntDisable), (14 bytes).
    Removing gpio.o(i.GPIOIntEnable), (12 bytes).
    Removing gpio.o(i.GPIOIntRegister), (26 bytes).
    Removing gpio.o(i.GPIOIntRegisterPin), (30 bytes).
    Removing gpio.o(i.GPIOIntStatus), (14 bytes).
    Removing gpio.o(i.GPIOIntTypeGet), (68 bytes).
    Removing gpio.o(i.GPIOIntTypeSet), (80 bytes).
    Removing gpio.o(i.GPIOIntUnregister), (22 bytes).
    Removing gpio.o(i.GPIOIntUnregisterPin), (26 bytes).
    Removing gpio.o(i.GPIOPadConfigGet), (204 bytes).
    Removing gpio.o(i.GPIOPinRead), (6 bytes).
    Removing gpio.o(i.GPIOPinTypeCAN), (28 bytes).
    Removing gpio.o(i.GPIOPinTypeComparator), (28 bytes).
    Removing gpio.o(i.GPIOPinTypeComparatorOutput), (28 bytes).
    Removing gpio.o(i.GPIOPinTypeDIVSCLK), (28 bytes).
    Removing gpio.o(i.GPIOPinTypeEPI), (28 bytes).
    Removing gpio.o(i.GPIOPinTypeEthernetLED), (28 bytes).
    Removing gpio.o(i.GPIOPinTypeEthernetMII), (28 bytes).
    Removing gpio.o(i.GPIOPinTypeGPIOInput), (28 bytes).
    Removing gpio.o(i.GPIOPinTypeGPIOOutputOD), (28 bytes).
    Removing gpio.o(i.GPIOPinTypeHibernateRTCCLK), (28 bytes).
    Removing gpio.o(i.GPIOPinTypeI2C), (28 bytes).
    Removing gpio.o(i.GPIOPinTypeI2CSCL), (28 bytes).
    Removing gpio.o(i.GPIOPinTypeLCD), (28 bytes).
    Removing gpio.o(i.GPIOPinTypeOneWire), (28 bytes).
    Removing gpio.o(i.GPIOPinTypeQEI), (28 bytes).
    Removing gpio.o(i.GPIOPinTypeSSI), (28 bytes).
    Removing gpio.o(i.GPIOPinTypeTimer), (28 bytes).
    Removing gpio.o(i.GPIOPinTypeTrace), (28 bytes).
    Removing gpio.o(i.GPIOPinTypeUART), (28 bytes).
    Removing gpio.o(i.GPIOPinTypeUSBAnalog), (28 bytes).
    Removing gpio.o(i.GPIOPinTypeUSBDigital), (28 bytes).
    Removing gpio.o(i.GPIOPinTypeWakeHigh), (30 bytes).
    Removing gpio.o(i.GPIOPinTypeWakeLow), (30 bytes).
    Removing gpio.o(i.GPIOPinWakeStatus), (6 bytes).
    Removing gpio.o(i._GPIOIntNumberGet), (80 bytes).
    Removing interrupt.o(i.IntIsEnabled), (96 bytes).
    Removing interrupt.o(i.IntMasterDisable), (14 bytes).
    Removing interrupt.o(i.IntMasterEnable), (14 bytes).
    Removing interrupt.o(i.IntPendClear), (68 bytes).
    Removing interrupt.o(i.IntPendSet), (84 bytes).
    Removing interrupt.o(i.IntPriorityGet), (28 bytes).
    Removing interrupt.o(i.IntPriorityGroupingGet), (36 bytes).
    Removing interrupt.o(i.IntPriorityGroupingSet), (28 bytes).
    Removing interrupt.o(i.IntPriorityMaskGet), (4 bytes).
    Removing interrupt.o(i.IntPriorityMaskSet), (4 bytes).
    Removing interrupt.o(i.IntTrigger), (12 bytes).
    Removing interrupt.o(i.IntUnregister), (20 bytes).
    Removing interrupt.o(i._IntDefaultHandler), (2 bytes).
    Removing pwm.o(i.PWMClockGet), (26 bytes).
    Removing pwm.o(i.PWMClockSet), (20 bytes).
    Removing pwm.o(i.PWMDeadBandDisable), (12 bytes).
    Removing pwm.o(i.PWMDeadBandEnable), (16 bytes).
    Removing pwm.o(i.PWMFaultIntClear), (8 bytes).
    Removing pwm.o(i.PWMFaultIntClearExt), (4 bytes).
    Removing pwm.o(i.PWMFaultIntRegister), (92 bytes).
    Removing pwm.o(i.PWMFaultIntUnregister), (84 bytes).
    Removing pwm.o(i.PWMGenDisable), (10 bytes).
    Removing pwm.o(i.PWMGenFaultClear), (18 bytes).
    Removing pwm.o(i.PWMGenFaultConfigure), (18 bytes).
    Removing pwm.o(i.PWMGenFaultStatus), (18 bytes).
    Removing pwm.o(i.PWMGenFaultTriggerGet), (12 bytes).
    Removing pwm.o(i.PWMGenFaultTriggerSet), (12 bytes).
    Removing pwm.o(i.PWMGenIntStatus), (12 bytes).
    Removing pwm.o(i.PWMGenIntTrigDisable), (10 bytes).
    Removing pwm.o(i.PWMGenIntUnregister), (22 bytes).
    Removing pwm.o(i.PWMGenPeriodGet), (18 bytes).
    Removing pwm.o(i.PWMIntDisable), (10 bytes).
    Removing pwm.o(i.PWMIntStatus), (10 bytes).
    Removing pwm.o(i.PWMOutputFault), (16 bytes).
    Removing pwm.o(i.PWMOutputFaultLevel), (16 bytes).
    Removing pwm.o(i.PWMOutputInvert), (16 bytes).
    Removing pwm.o(i.PWMOutputUpdateMode), (62 bytes).
    Removing pwm.o(i.PWMPulseWidthGet), (32 bytes).
    Removing pwm.o(i.PWMSyncTimeBase), (4 bytes).
    Removing pwm.o(i.PWMSyncUpdate), (4 bytes).
    Removing sysctl.o(.emb_text), (6 bytes).
    Removing sysctl.o(i.SysCtlAltClkConfig), (12 bytes).
    Removing sysctl.o(i.SysCtlClockFreqSet), (740 bytes).
    Removing sysctl.o(i.SysCtlClockOutConfig), (20 bytes).
    Removing sysctl.o(i.SysCtlClockSet), (288 bytes).
    Removing sysctl.o(i.SysCtlDeepSleep), (32 bytes).
    Removing sysctl.o(i.SysCtlDeepSleepClockConfigSet), (112 bytes).
    Removing sysctl.o(i.SysCtlDeepSleepClockSet), (12 bytes).
    Removing sysctl.o(i.SysCtlDeepSleepPowerSet), (12 bytes).
    Removing sysctl.o(i.SysCtlFlashSectorSizeGet), (56 bytes).
    Removing sysctl.o(i.SysCtlFlashSizeGet), (56 bytes).
    Removing sysctl.o(i.SysCtlGPIOAHBDisable), (28 bytes).
    Removing sysctl.o(i.SysCtlGPIOAHBEnable), (24 bytes).
    Removing sysctl.o(i.SysCtlIntClear), (12 bytes).
    Removing sysctl.o(i.SysCtlIntDisable), (16 bytes).
    Removing sysctl.o(i.SysCtlIntEnable), (16 bytes).
    Removing sysctl.o(i.SysCtlIntRegister), (20 bytes).
    Removing sysctl.o(i.SysCtlIntStatus), (16 bytes).
    Removing sysctl.o(i.SysCtlIntUnregister), (18 bytes).
    Removing sysctl.o(i.SysCtlLDODeepSleepGet), (12 bytes).
    Removing sysctl.o(i.SysCtlLDODeepSleepSet), (12 bytes).
    Removing sysctl.o(i.SysCtlLDOSleepGet), (12 bytes).
    Removing sysctl.o(i.SysCtlLDOSleepSet), (12 bytes).
    Removing sysctl.o(i.SysCtlMOSCConfigSet), (12 bytes).
    Removing sysctl.o(i.SysCtlNMIClear), (16 bytes).
    Removing sysctl.o(i.SysCtlNMIStatus), (12 bytes).
    Removing sysctl.o(i.SysCtlPIOSCCalibrate), (76 bytes).
    Removing sysctl.o(i.SysCtlPWMClockGet), (24 bytes).
    Removing sysctl.o(i.SysCtlPeripheralClockGating), (68 bytes).
    Removing sysctl.o(i.SysCtlPeripheralDeepSleepDisable), (40 bytes).
    Removing sysctl.o(i.SysCtlPeripheralDeepSleepEnable), (40 bytes).
    Removing sysctl.o(i.SysCtlPeripheralDisable), (40 bytes).
    Removing sysctl.o(i.SysCtlPeripheralPowerOff), (40 bytes).
    Removing sysctl.o(i.SysCtlPeripheralPowerOn), (40 bytes).
    Removing sysctl.o(i.SysCtlPeripheralPresent), (44 bytes).
    Removing sysctl.o(i.SysCtlPeripheralReady), (44 bytes).
    Removing sysctl.o(i.SysCtlPeripheralReset), (60 bytes).
    Removing sysctl.o(i.SysCtlPeripheralSleepDisable), (40 bytes).
    Removing sysctl.o(i.SysCtlPeripheralSleepEnable), (40 bytes).
    Removing sysctl.o(i.SysCtlReset), (16 bytes).
    Removing sysctl.o(i.SysCtlResetBehaviorGet), (12 bytes).
    Removing sysctl.o(i.SysCtlResetBehaviorSet), (12 bytes).
    Removing sysctl.o(i.SysCtlResetCauseClear), (16 bytes).
    Removing sysctl.o(i.SysCtlResetCauseGet), (12 bytes).
    Removing sysctl.o(i.SysCtlSRAMSizeGet), (16 bytes).
    Removing sysctl.o(i.SysCtlSleep), (4 bytes).
    Removing sysctl.o(i.SysCtlSleepPowerSet), (12 bytes).
    Removing sysctl.o(i.SysCtlUSBPLLDisable), (16 bytes).
    Removing sysctl.o(i.SysCtlUSBPLLEnable), (16 bytes).
    Removing sysctl.o(i.SysCtlVCOGet), (120 bytes).
    Removing sysctl.o(i.SysCtlVoltageEventClear), (16 bytes).
    Removing sysctl.o(i.SysCtlVoltageEventConfig), (12 bytes).
    Removing sysctl.o(i.SysCtlVoltageEventStatus), (12 bytes).
    Removing timer.o(i.TimerADCEventGet), (4 bytes).
    Removing timer.o(i.TimerADCEventSet), (4 bytes).
    Removing timer.o(i.TimerClockSourceGet), (6 bytes).
    Removing timer.o(i.TimerClockSourceSet), (6 bytes).
    Removing timer.o(i.TimerControlEvent), (18 bytes).
    Removing timer.o(i.TimerControlLevel), (22 bytes).
    Removing timer.o(i.TimerControlStall), (22 bytes).
    Removing timer.o(i.TimerControlWaitOnTrigger), (48 bytes).
    Removing timer.o(i.TimerDMAEventGet), (4 bytes).
    Removing timer.o(i.TimerDMAEventSet), (4 bytes).
    Removing timer.o(i.TimerIntClear), (4 bytes).
    Removing timer.o(i.TimerIntEnable), (8 bytes).
    Removing timer.o(i.TimerIntRegister), (104 bytes).
    Removing timer.o(i.TimerIntStatus), (10 bytes).
    Removing timer.o(i.TimerIntUnregister), (104 bytes).
    Removing timer.o(i.TimerLoadGet), (10 bytes).
    Removing timer.o(i.TimerLoadGet64), (14 bytes).
    Removing timer.o(i.TimerLoadSet64), (6 bytes).
    Removing timer.o(i.TimerMatchGet), (10 bytes).
    Removing timer.o(i.TimerMatchGet64), (14 bytes).
    Removing timer.o(i.TimerMatchSet), (18 bytes).
    Removing timer.o(i.TimerMatchSet64), (6 bytes).
    Removing timer.o(i.TimerPrescaleGet), (10 bytes).
    Removing timer.o(i.TimerPrescaleMatchGet), (10 bytes).
    Removing timer.o(i.TimerPrescaleMatchSet), (18 bytes).
    Removing timer.o(i.TimerPrescaleSet), (18 bytes).
    Removing timer.o(i.TimerRTCDisable), (10 bytes).
    Removing timer.o(i.TimerRTCEnable), (10 bytes).
    Removing timer.o(i.TimerSynchronize), (4 bytes).
    Removing timer.o(i.TimerUpdateMode), (42 bytes).
    Removing timer.o(i.TimerValueGet), (10 bytes).
    Removing timer.o(i.TimerValueGet64), (14 bytes).
    Removing timer.o(.constdata), (160 bytes).
    Removing uart.o(i.UART9BitAddrSend), (38 bytes).
    Removing uart.o(i.UART9BitAddrSet), (10 bytes).
    Removing uart.o(i.UART9BitDisable), (14 bytes).
    Removing uart.o(i.UART9BitEnable), (14 bytes).
    Removing uart.o(i.UARTBreakCtl), (18 bytes).
    Removing uart.o(i.UARTBusy), (8 bytes).
    Removing uart.o(i.UARTCharGet), (12 bytes).
    Removing uart.o(i.UARTCharGetNonBlocking), (16 bytes).
    Removing uart.o(i.UARTCharPut), (12 bytes).
    Removing uart.o(i.UARTCharPutNonBlocking), (16 bytes).
    Removing uart.o(i.UARTCharsAvail), (10 bytes).
    Removing uart.o(i.UARTClockSourceGet), (6 bytes).
    Removing uart.o(i.UARTConfigGetExpClk), (46 bytes).
    Removing uart.o(i.UARTConfigSetExpClk), (110 bytes).
    Removing uart.o(i.UARTDMADisable), (10 bytes).
    Removing uart.o(i.UARTDMAEnable), (8 bytes).
    Removing uart.o(i.UARTDisable), (30 bytes).
    Removing uart.o(i.UARTDisableSIR), (10 bytes).
    Removing uart.o(i.UARTEnable), (20 bytes).
    Removing uart.o(i.UARTEnableSIR), (18 bytes).
    Removing uart.o(i.UARTFIFODisable), (10 bytes).
    Removing uart.o(i.UARTFIFOEnable), (10 bytes).
    Removing uart.o(i.UARTFIFOLevelGet), (16 bytes).
    Removing uart.o(i.UARTFIFOLevelSet), (6 bytes).
    Removing uart.o(i.UARTFlowControlGet), (8 bytes).
    Removing uart.o(i.UARTFlowControlSet), (12 bytes).
    Removing uart.o(i.UARTIntClear), (4 bytes).
    Removing uart.o(i.UARTIntDisable), (10 bytes).
    Removing uart.o(i.UARTIntEnable), (8 bytes).
    Removing uart.o(i.UARTIntRegister), (88 bytes).
    Removing uart.o(i.UARTIntStatus), (10 bytes).
    Removing uart.o(i.UARTIntUnregister), (88 bytes).
    Removing uart.o(i.UARTLoopbackEnable), (10 bytes).
    Removing uart.o(i.UARTModemControlClear), (14 bytes).
    Removing uart.o(i.UARTModemControlGet), (8 bytes).
    Removing uart.o(i.UARTModemControlSet), (12 bytes).
    Removing uart.o(i.UARTModemStatusGet), (10 bytes).
    Removing uart.o(i.UARTParityModeGet), (8 bytes).
    Removing uart.o(i.UARTParityModeSet), (12 bytes).
    Removing uart.o(i.UARTRxErrorClear), (6 bytes).
    Removing uart.o(i.UARTRxErrorGet), (8 bytes).
    Removing uart.o(i.UARTSmartCardDisable), (10 bytes).
    Removing uart.o(i.UARTSmartCardEnable), (22 bytes).
    Removing uart.o(i.UARTSpaceAvail), (10 bytes).
    Removing uart.o(i.UARTTxIntModeGet), (8 bytes).
    Removing uart.o(i.UARTTxIntModeSet), (12 bytes).
    Removing uart.o(.constdata), (128 bytes).
    Removing cpu.o(.emb_text), (38 bytes).

291 unused section(s) (total 19617 bytes) removed from the image.

==============================================================================

Image Symbol Table

    Local Symbols

    Symbol Name                              Value     Ov Type        Size  Object(Section)

    RESET                                    0x00000000   Section      648  startup_rvmdk.o(RESET)
    ../clib/../cmprslib/zerorunl2.c          0x00000000   Number         0  __dczerorl2.o ABSOLUTE
    ../clib/microlib/errno.c                 0x00000000   Number         0  errno.o ABSOLUTE
    ../clib/microlib/init/entry.s            0x00000000   Number         0  entry2.o ABSOLUTE
    ../clib/microlib/init/entry.s            0x00000000   Number         0  entry5.o ABSOLUTE
    ../clib/microlib/init/entry.s            0x00000000   Number         0  entry7a.o ABSOLUTE
    ../clib/microlib/init/entry.s            0x00000000   Number         0  entry7b.o ABSOLUTE
    ../clib/microlib/init/entry.s            0x00000000   Number         0  entry8a.o ABSOLUTE
    ../clib/microlib/init/entry.s            0x00000000   Number         0  entry9a.o ABSOLUTE
    ../clib/microlib/init/entry.s            0x00000000   Number         0  entry8b.o ABSOLUTE
    ../clib/microlib/init/entry.s            0x00000000   Number         0  entry11a.o ABSOLUTE
    ../clib/microlib/init/entry.s            0x00000000   Number         0  entry9b.o ABSOLUTE
    ../clib/microlib/init/entry.s            0x00000000   Number         0  entry.o ABSOLUTE
    ../clib/microlib/init/entry.s            0x00000000   Number         0  entry10a.o ABSOLUTE
    ../clib/microlib/init/entry.s            0x00000000   Number         0  entry11b.o ABSOLUTE
    ../clib/microlib/init/entry.s            0x00000000   Number         0  entry10b.o ABSOLUTE
    ../clib/microlib/longlong.c              0x00000000   Number         0  llsshr.o ABSOLUTE
    ../clib/microlib/longlong.c              0x00000000   Number         0  llushr.o ABSOLUTE
    ../clib/microlib/longlong.c              0x00000000   Number         0  llshl.o ABSOLUTE
    ../clib/microlib/stubs.s                 0x00000000   Number         0  iusefp.o ABSOLUTE
    ../fplib/microlib/d2f.c                  0x00000000   Number         0  d2f.o ABSOLUTE
    ../fplib/microlib/f2d.c                  0x00000000   Number         0  f2d.o ABSOLUTE
    ../fplib/microlib/fpadd.c                0x00000000   Number         0  dadd.o ABSOLUTE
    ../fplib/microlib/fpdiv.c                0x00000000   Number         0  ddiv.o ABSOLUTE
    ../fplib/microlib/fpepilogue.c           0x00000000   Number         0  fepilogue.o ABSOLUTE
    ../fplib/microlib/fpepilogue.c           0x00000000   Number         0  depilogue.o ABSOLUTE
    ../fplib/microlib/fpfix.c                0x00000000   Number         0  dfixi.o ABSOLUTE
    ../fplib/microlib/fpflt.c                0x00000000   Number         0  dfltui.o ABSOLUTE
    ../fplib/microlib/fpflt.c                0x00000000   Number         0  dflti.o ABSOLUTE
    ../fplib/microlib/fpmul.c                0x00000000   Number         0  dmul.o ABSOLUTE
    ../fplib/microlib/fpsqrt.c               0x00000000   Number         0  dsqrt.o ABSOLUTE
    ../mathlib/ceil.c                        0x00000000   Number         0  ceil.o ABSOLUTE
    ../mathlib/sqrt.c                        0x00000000   Number         0  sqrt_x.o ABSOLUTE
    ../mathlib/sqrt.c                        0x00000000   Number         0  sqrt.o ABSOLUTE
    ..\utils\uartstdio.c                     0x00000000   Number         0  uartstdio.o ABSOLUTE
    ..\utils\ustdlib.c                       0x00000000   Number         0  ustdlib.o ABSOLUTE
    Control.c                                0x00000000   Number         0  control.o ABSOLUTE
    PLL.c                                    0x00000000   Number         0  pll.o ABSOLUTE
    adc.c                                    0x00000000   Number         0  adc.o ABSOLUTE
    adc_task.c                               0x00000000   Number         0  adc_task.o ABSOLUTE
    cdcmple.s                                0x00000000   Number         0  cdcmple.o ABSOLUTE
    cdrcmple.s                               0x00000000   Number         0  cdrcmple.o ABSOLUTE
    cpu.c                                    0x00000000   Number         0  cpu.o ABSOLUTE
    cpu.c                                    0x00000000   Number         0  cpu.o ABSOLUTE
    dc.s                                     0x00000000   Number         0  dc.o ABSOLUTE
    gpio.c                                   0x00000000   Number         0  gpio.o ABSOLUTE
    gpio_task.c                              0x00000000   Number         0  gpio_task.o ABSOLUTE
    handlers.s                               0x00000000   Number         0  handlers.o ABSOLUTE
    init.s                                   0x00000000   Number         0  init.o ABSOLUTE
    interrupt.c                              0x00000000   Number         0  interrupt.o ABSOLUTE
    main.c                                   0x00000000   Number         0  main.o ABSOLUTE
    pwm.c                                    0x00000000   Number         0  pwm.o ABSOLUTE
    pwm_task.c                               0x00000000   Number         0  pwm_task.o ABSOLUTE
    startup_rvmdk.S                          0x00000000   Number         0  startup_rvmdk.o ABSOLUTE
    sysctl.c                                 0x00000000   Number         0  sysctl.o ABSOLUTE
    sysctl.c                                 0x00000000   Number         0  sysctl.o ABSOLUTE
    timer.c                                  0x00000000   Number         0  timer.o ABSOLUTE
    uart.c                                   0x00000000   Number         0  uart.o ABSOLUTE
    $v0                                      0x0000026c   Number         0  startup_rvmdk.o(RESET)
    NmiSR                                    0x00000281   Thumb Code     0  startup_rvmdk.o(RESET)
    FaultISR                                 0x00000283   Thumb Code     0  startup_rvmdk.o(RESET)
    IntDefaultHandler                        0x00000285   Thumb Code     0  startup_rvmdk.o(RESET)
    .ARM.Collect$$$$00000000                 0x00000288   Section        0  entry.o(.ARM.Collect$$$$00000000)
    .ARM.Collect$$$$00000001                 0x00000288   Section        4  entry2.o(.ARM.Collect$$$$00000001)
    .ARM.Collect$$$$00000004                 0x0000028c   Section        4  entry5.o(.ARM.Collect$$$$00000004)
    .ARM.Collect$$$$00000008                 0x00000290   Section        0  entry7b.o(.ARM.Collect$$$$00000008)
    .ARM.Collect$$$$0000000A                 0x00000290   Section        0  entry8b.o(.ARM.Collect$$$$0000000A)
    .ARM.Collect$$$$0000000B                 0x00000290   Section        8  entry9a.o(.ARM.Collect$$$$0000000B)
    .ARM.Collect$$$$0000000D                 0x00000298   Section        0  entry10a.o(.ARM.Collect$$$$0000000D)
    .ARM.Collect$$$$0000000F                 0x00000298   Section        0  entry11a.o(.ARM.Collect$$$$0000000F)
    .ARM.Collect$$$$00002712                 0x00000298   Section        4  entry2.o(.ARM.Collect$$$$00002712)
    __lit__00000000                          0x00000298   Data           4  entry2.o(.ARM.Collect$$$$00002712)
    .text                                    0x0000029c   Section        0  dadd.o(.text)
    .text                                    0x000003ea   Section        0  dmul.o(.text)
    .text                                    0x000004ce   Section        0  ddiv.o(.text)
    .text                                    0x000005ac   Section        0  dflti.o(.text)
    .text                                    0x000005ce   Section        0  dfltui.o(.text)
    .text                                    0x000005e8   Section        0  dfixi.o(.text)
    .text                                    0x00000626   Section        0  f2d.o(.text)
    .text                                    0x0000064c   Section       40  cdcmple.o(.text)
    .text                                    0x00000674   Section       40  cdrcmple.o(.text)
    .text                                    0x0000069c   Section        0  d2f.o(.text)
    .text                                    0x000006d4   Section        0  llshl.o(.text)
    .text                                    0x000006f2   Section        0  llushr.o(.text)
    .text                                    0x00000712   Section        0  llsshr.o(.text)
    .text                                    0x00000736   Section        0  fepilogue.o(.text)
    .text                                    0x00000736   Section        0  iusefp.o(.text)
    .text                                    0x000007a2   Section        0  depilogue.o(.text)
    .text                                    0x00000860   Section        0  dsqrt.o(.text)
    .text                                    0x00000904   Section       36  init.o(.text)
    .text                                    0x00000928   Section        0  __dczerorl2.o(.text)
    i.ADC0Seq0_Handler                       0x00000984   Section        0  adc_task.o(i.ADC0Seq0_Handler)
    i.ADC0Seq2_Handler                       0x000009b4   Section        0  adc_task.o(i.ADC0Seq2_Handler)
    i.ADCClockConfigSet                      0x00000bf0   Section        0  adc.o(i.ADCClockConfigSet)
    i.ADCIntClear                            0x00000c0c   Section        0  adc.o(i.ADCIntClear)
    i.ADCIntEnable                           0x00000c16   Section        0  adc.o(i.ADCIntEnable)
    i.ADCIntRegister                         0x00000c28   Section        0  adc.o(i.ADCIntRegister)
    i.ADCSequenceConfigure                   0x00000c90   Section        0  adc.o(i.ADCSequenceConfigure)
    i.ADCSequenceDataGet                     0x00000cf0   Section        0  adc.o(i.ADCSequenceDataGet)
    i.ADCSequenceDisable                     0x00000d14   Section        0  adc.o(i.ADCSequenceDisable)
    i.ADCSequenceEnable                      0x00000d24   Section        0  adc.o(i.ADCSequenceEnable)
    i.ADCSequenceStepConfigure               0x00000d32   Section        0  adc.o(i.ADCSequenceStepConfigure)
    i.ADCTask                                0x00000dcc   Section        0  adc_task.o(i.ADCTask)
    i.ADCTaskInit                            0x00001420   Section        0  adc_task.o(i.ADCTaskInit)
    i.ConfigureUART                          0x00001578   Section        0  main.o(i.ConfigureUART)
    i.GPIODirModeSet                         0x000015e4   Section        0  gpio.o(i.GPIODirModeSet)
    i.GPIOPadConfigSet                       0x0000160c   Section        0  gpio.o(i.GPIOPadConfigSet)
    i.GPIOPinConfigure                       0x00001744   Section        0  gpio.o(i.GPIOPinConfigure)
    i.GPIOPinTypeADC                         0x00001788   Section        0  gpio.o(i.GPIOPinTypeADC)
    i.GPIOPinTypeGPIOOutput                  0x000017a4   Section        0  gpio.o(i.GPIOPinTypeGPIOOutput)
    i.GPIOPinTypePWM                         0x000017c0   Section        0  gpio.o(i.GPIOPinTypePWM)
    i.GPIOPinWrite                           0x000017dc   Section        0  gpio.o(i.GPIOPinWrite)
    i.GPIOTaskInit                           0x000017e4   Section        0  gpio_task.o(i.GPIOTaskInit)
    i.IntDisable                             0x00001828   Section        0  interrupt.o(i.IntDisable)
    i.IntEnable                              0x0000188c   Section        0  interrupt.o(i.IntEnable)
    i.IntPrioritySet                         0x000018f0   Section        0  interrupt.o(i.IntPrioritySet)
    i.IntRegister                            0x00001918   Section        0  interrupt.o(i.IntRegister)
    i.PLLRun                                 0x0000194c   Section        0  pll.o(i.PLLRun)
    i.PLLTaskInit                            0x000023c8   Section        0  pll.o(i.PLLTaskInit)
    i.PWM0IntHandler                         0x000024fc   Section        0  pwm_task.o(i.PWM0IntHandler)
    i.PWMGenConfigure                        0x000025d0   Section        0  pwm.o(i.PWMGenConfigure)
    i.PWMGenEnable                           0x000025f6   Section        0  pwm.o(i.PWMGenEnable)
    i.PWMGenIntClear                         0x00002600   Section        0  pwm.o(i.PWMGenIntClear)
    i.PWMGenIntRegister                      0x00002606   Section        0  pwm.o(i.PWMGenIntRegister)
    i.PWMGenIntTrigEnable                    0x00002620   Section        0  pwm.o(i.PWMGenIntTrigEnable)
    i.PWMGenPeriodSet                        0x0000262a   Section        0  pwm.o(i.PWMGenPeriodSet)
    i.PWMIntEnable                           0x0000263c   Section        0  pwm.o(i.PWMIntEnable)
    i.PWMOutputState                         0x00002644   Section        0  pwm.o(i.PWMOutputState)
    i.PWMPulseWidthSet                       0x00002654   Section        0  pwm.o(i.PWMPulseWidthSet)
    i.PWMTaskInit                            0x00002674   Section        0  pwm_task.o(i.PWMTaskInit)
    i.Producer                               0x00002748   Section        0  main.o(i.Producer)
    i.SysCtlClockGet                         0x0000274c   Section        0  sysctl.o(i.SysCtlClockGet)
    i.SysCtlPWMClockSet                      0x000028a0   Section        0  sysctl.o(i.SysCtlPWMClockSet)
    i.SysCtlPeripheralEnable                 0x000028b4   Section        0  sysctl.o(i.SysCtlPeripheralEnable)
    i.TimerConfigure                         0x000028dc   Section        0  timer.o(i.TimerConfigure)
    i.TimerControlTrigger                    0x0000293c   Section        0  timer.o(i.TimerControlTrigger)
    i.TimerDisable                           0x0000298c   Section        0  timer.o(i.TimerDisable)
    i.TimerEnable                            0x0000299c   Section        0  timer.o(i.TimerEnable)
    i.TimerIntDisable                        0x000029aa   Section        0  timer.o(i.TimerIntDisable)
    i.TimerLoadSet                           0x000029b4   Section        0  timer.o(i.TimerLoadSet)
    i.UARTClockSourceSet                     0x000029c6   Section        0  uart.o(i.UARTClockSourceSet)
    i.UARTStdioConfig                        0x000029cc   Section        0  uartstdio.o(i.UARTStdioConfig)
    i.UARTprintf                             0x00002a38   Section        0  uartstdio.o(i.UARTprintf)
    i.UARTvprintf                            0x00002a54   Section        0  uartstdio.o(i.UARTvprintf)
    i.UARTwrite                              0x00002ca4   Section        0  uartstdio.o(i.UARTwrite)
    i.VarControl                             0x00002ce4   Section        0  control.o(i.VarControl)
    i._PWMGenIntNumberGet                    0x00002fbc   Section        0  pwm.o(i._PWMGenIntNumberGet)
    _PWMGenIntNumberGet                      0x00002fbd   Thumb Code   198  pwm.o(i._PWMGenIntNumberGet)
    i.__hardfp_ceil                          0x000030a0   Section        0  ceil.o(i.__hardfp_ceil)
    i.__hardfp_sqrt                          0x000031b8   Section        0  sqrt.o(i.__hardfp_sqrt)
    i.__scatterload_copy                     0x00003232   Section       14  handlers.o(i.__scatterload_copy)
    i.__scatterload_null                     0x00003240   Section        2  handlers.o(i.__scatterload_null)
    i.__scatterload_zeroinit                 0x00003242   Section       14  handlers.o(i.__scatterload_zeroinit)
    i.__set_errno                            0x00003250   Section        0  errno.o(i.__set_errno)
    i.main                                   0x0000325c   Section        0  main.o(i.main)
    i.max                                    0x000032f0   Section        0  control.o(i.max)
    i.min                                    0x0000332c   Section        0  control.o(i.min)
    i.sqrtInt                                0x00003368   Section        0  adc_task.o(i.sqrtInt)
    .constdata                               0x00003398   Section       28  uartstdio.o(.constdata)
    g_pcHex                                  0x00003398   Data           4  uartstdio.o(.constdata)
    g_ui32UARTBase                           0x0000339c   Data          12  uartstdio.o(.constdata)
    g_ui32UARTPeriph                         0x000033a8   Data          12  uartstdio.o(.constdata)
    .constdata                               0x000033b4   Section     4096  pll.o(.constdata)
    sineTable                                0x000033b4   Data        4096  pll.o(.constdata)
    .constdata                               0x000043b4   Section      552  gpio.o(.constdata)
    g_ppui32GPIOIntMapBlizzard               0x000043b4   Data         192  gpio.o(.constdata)
    g_ppui32GPIOIntMapSnowflake              0x00004474   Data         216  gpio.o(.constdata)
    g_pui32GPIOBaseAddrs                     0x0000454c   Data         144  gpio.o(.constdata)
    .constdata                               0x000045dc   Section      268  interrupt.o(.constdata)
    g_pui32Priority                          0x000045dc   Data          32  interrupt.o(.constdata)
    g_pui32Regs                              0x000045fc   Data         156  interrupt.o(.constdata)
    g_pui32EnRegs                            0x00004698   Data          20  interrupt.o(.constdata)
    g_pui32Dii16Regs                         0x000046ac   Data          20  interrupt.o(.constdata)
    g_pui32PendRegs                          0x000046c0   Data          20  interrupt.o(.constdata)
    g_pui32UnpendRegs                        0x000046d4   Data          20  interrupt.o(.constdata)
    .constdata                               0x000046e8   Section      596  sysctl.o(.constdata)
    g_pui32VCOFrequencies                    0x000046e8   Data           8  sysctl.o(.constdata)
    g_pui32Xtals                             0x000046f0   Data         108  sysctl.o(.constdata)
    g_pppui32XTALtoVCO                       0x0000475c   Data         432  sysctl.o(.constdata)
    g_sXTALtoMEMTIM                          0x0000490c   Data          48  sysctl.o(.constdata)
    .conststring                             0x0000493c   Section       17  uartstdio.o(.conststring)
    .data                                    0x20000000   Section        5  uartstdio.o(.data)
    g_ui32Base                               0x20000000   Data           4  uartstdio.o(.data)
    bLastWasCR                               0x20000004   Data           1  uartstdio.o(.data)
    .data                                    0x20000008   Section      128  adc_task.o(.data)
    .data                                    0x20000088   Section       32  pll.o(.data)
    .data                                    0x200000a8   Section      148  pwm_task.o(.data)
    .data                                    0x20000140   Section      121  control.o(.data)
    .data                                    0x200001bc   Section        4  errno.o(.data)
    _errno                                   0x200001bc   Data           4  errno.o(.data)
    vtable                                   0x20000400   Section      620  interrupt.o(vtable)
    g_pfnRAMVectors                          0x20000400   Data         620  interrupt.o(vtable)
    .bss                                     0x2000066c   Section       12  main.o(.bss)
    .bss                                     0x20000678   Section     3512  adc_task.o(.bss)
    .bss                                     0x20001430   Section      500  pll.o(.bss)
    STACK                                    0x20001628   Section      256  startup_rvmdk.o(STACK)
    StackMem                                 0x20001628   Data           0  startup_rvmdk.o(STACK)

    Global Symbols

    Symbol Name                              Value     Ov Type        Size  Object(Section)

    BuildAttributes$$THM_ISAv4$E$P$D$K$B$S$7EM$VFPi3$EXTD16$VFPS$VFMA$PE$A:L22UL41UL21$X:L11$S22US41US21$IEEE1$IW$USESV6$~STKCKD$USESV7$~SHL$OTIME$ROPI$IEEEJ$EBA8$MICROLIB$REQ8$PRES8$EABIv2 0x00000000   Number         0  anon$$obj.o ABSOLUTE
    __ARM_use_no_argv                        0x00000000   Number         0  main.o ABSOLUTE
    __Vectors                                0x00000000   Data           0  startup_rvmdk.o(RESET)
    __cpp_initialize__aeabi_                  - Undefined Weak Reference
    __cxa_finalize                            - Undefined Weak Reference
    _clock_init                               - Undefined Weak Reference
    _microlib_exit                            - Undefined Weak Reference
    Reset_Handler                            0x0000026d   Thumb Code     0  startup_rvmdk.o(RESET)
    __main                                   0x00000289   Thumb Code     0  entry.o(.ARM.Collect$$$$00000000)
    _main_stk                                0x00000289   Thumb Code     0  entry2.o(.ARM.Collect$$$$00000001)
    _main_scatterload                        0x0000028d   Thumb Code     0  entry5.o(.ARM.Collect$$$$00000004)
    __main_after_scatterload                 0x00000291   Thumb Code     0  entry5.o(.ARM.Collect$$$$00000004)
    _main_clock                              0x00000291   Thumb Code     0  entry7b.o(.ARM.Collect$$$$00000008)
    _main_cpp_init                           0x00000291   Thumb Code     0  entry8b.o(.ARM.Collect$$$$0000000A)
    _main_init                               0x00000291   Thumb Code     0  entry9a.o(.ARM.Collect$$$$0000000B)
    __rt_final_cpp                           0x00000299   Thumb Code     0  entry10a.o(.ARM.Collect$$$$0000000D)
    __rt_final_exit                          0x00000299   Thumb Code     0  entry11a.o(.ARM.Collect$$$$0000000F)
    __aeabi_dadd                             0x0000029d   Thumb Code   322  dadd.o(.text)
    __aeabi_dsub                             0x000003df   Thumb Code     6  dadd.o(.text)
    __aeabi_drsub                            0x000003e5   Thumb Code     6  dadd.o(.text)
    __aeabi_dmul                             0x000003eb   Thumb Code   228  dmul.o(.text)
    __aeabi_ddiv                             0x000004cf   Thumb Code   222  ddiv.o(.text)
    __aeabi_i2d                              0x000005ad   Thumb Code    34  dflti.o(.text)
    __aeabi_ui2d                             0x000005cf   Thumb Code    26  dfltui.o(.text)
    __aeabi_d2iz                             0x000005e9   Thumb Code    62  dfixi.o(.text)
    __aeabi_f2d                              0x00000627   Thumb Code    38  f2d.o(.text)
    __aeabi_cdcmpeq                          0x0000064d   Thumb Code     0  cdcmple.o(.text)
    __aeabi_cdcmple                          0x0000064d   Thumb Code    38  cdcmple.o(.text)
    __aeabi_cdrcmple                         0x00000675   Thumb Code    38  cdrcmple.o(.text)
    __aeabi_d2f                              0x0000069d   Thumb Code    56  d2f.o(.text)
    __aeabi_llsl                             0x000006d5   Thumb Code    30  llshl.o(.text)
    _ll_shift_l                              0x000006d5   Thumb Code     0  llshl.o(.text)
    __aeabi_llsr                             0x000006f3   Thumb Code    32  llushr.o(.text)
    _ll_ushift_r                             0x000006f3   Thumb Code     0  llushr.o(.text)
    __aeabi_lasr                             0x00000713   Thumb Code    36  llsshr.o(.text)
    _ll_sshift_r                             0x00000713   Thumb Code     0  llsshr.o(.text)
    __I$use$fp                               0x00000737   Thumb Code     0  iusefp.o(.text)
    _float_round                             0x00000737   Thumb Code    18  fepilogue.o(.text)
    _float_epilogue                          0x00000749   Thumb Code    90  fepilogue.o(.text)
    _double_round                            0x000007a3   Thumb Code    26  depilogue.o(.text)
    _double_epilogue                         0x000007bd   Thumb Code   164  depilogue.o(.text)
    _dsqrt                                   0x00000861   Thumb Code   162  dsqrt.o(.text)
    __scatterload                            0x00000905   Thumb Code    28  init.o(.text)
    __scatterload_rt2                        0x00000905   Thumb Code     0  init.o(.text)
    __decompress                             0x00000929   Thumb Code     0  __dczerorl2.o(.text)
    __decompress1                            0x00000929   Thumb Code    92  __dczerorl2.o(.text)
    ADC0Seq0_Handler                         0x00000985   Thumb Code    34  adc_task.o(i.ADC0Seq0_Handler)
    ADC0Seq2_Handler                         0x000009b5   Thumb Code   522  adc_task.o(i.ADC0Seq2_Handler)
    ADCClockConfigSet                        0x00000bf1   Thumb Code    28  adc.o(i.ADCClockConfigSet)
    ADCIntClear                              0x00000c0d   Thumb Code    10  adc.o(i.ADCIntClear)
    ADCIntEnable                             0x00000c17   Thumb Code    16  adc.o(i.ADCIntEnable)
    ADCIntRegister                           0x00000c29   Thumb Code    92  adc.o(i.ADCIntRegister)
    ADCSequenceConfigure                     0x00000c91   Thumb Code    96  adc.o(i.ADCSequenceConfigure)
    ADCSequenceDataGet                       0x00000cf1   Thumb Code    36  adc.o(i.ADCSequenceDataGet)
    ADCSequenceDisable                       0x00000d15   Thumb Code    16  adc.o(i.ADCSequenceDisable)
    ADCSequenceEnable                        0x00000d25   Thumb Code    14  adc.o(i.ADCSequenceEnable)
    ADCSequenceStepConfigure                 0x00000d33   Thumb Code   154  adc.o(i.ADCSequenceStepConfigure)
    ADCTask                                  0x00000dcd   Thumb Code  1566  adc_task.o(i.ADCTask)
    ADCTaskInit                              0x00001421   Thumb Code   308  adc_task.o(i.ADCTaskInit)
    ConfigureUART                            0x00001579   Thumb Code    90  main.o(i.ConfigureUART)
    GPIODirModeSet                           0x000015e5   Thumb Code    40  gpio.o(i.GPIODirModeSet)
    GPIOPadConfigSet                         0x0000160d   Thumb Code   312  gpio.o(i.GPIOPadConfigSet)
    GPIOPinConfigure                         0x00001745   Thumb Code    60  gpio.o(i.GPIOPinConfigure)
    GPIOPinTypeADC                           0x00001789   Thumb Code    28  gpio.o(i.GPIOPinTypeADC)
    GPIOPinTypeGPIOOutput                    0x000017a5   Thumb Code    28  gpio.o(i.GPIOPinTypeGPIOOutput)
    GPIOPinTypePWM                           0x000017c1   Thumb Code    28  gpio.o(i.GPIOPinTypePWM)
    GPIOPinWrite                             0x000017dd   Thumb Code     6  gpio.o(i.GPIOPinWrite)
    GPIOTaskInit                             0x000017e5   Thumb Code    52  gpio_task.o(i.GPIOTaskInit)
    IntDisable                               0x00001829   Thumb Code    92  interrupt.o(i.IntDisable)
    IntEnable                                0x0000188d   Thumb Code    92  interrupt.o(i.IntEnable)
    IntPrioritySet                           0x000018f1   Thumb Code    36  interrupt.o(i.IntPrioritySet)
    IntRegister                              0x00001919   Thumb Code    44  interrupt.o(i.IntRegister)
    PLLRun                                   0x0000194d   Thumb Code  2612  pll.o(i.PLLRun)
    PLLTaskInit                              0x000023c9   Thumb Code   274  pll.o(i.PLLTaskInit)
    PWM0IntHandler                           0x000024fd   Thumb Code   198  pwm_task.o(i.PWM0IntHandler)
    PWMGenConfigure                          0x000025d1   Thumb Code    38  pwm.o(i.PWMGenConfigure)
    PWMGenEnable                             0x000025f7   Thumb Code    10  pwm.o(i.PWMGenEnable)
    PWMGenIntClear                           0x00002601   Thumb Code     6  pwm.o(i.PWMGenIntClear)
    PWMGenIntRegister                        0x00002607   Thumb Code    26  pwm.o(i.PWMGenIntRegister)
    PWMGenIntTrigEnable                      0x00002621   Thumb Code    10  pwm.o(i.PWMGenIntTrigEnable)
    PWMGenPeriodSet                          0x0000262b   Thumb Code    18  pwm.o(i.PWMGenPeriodSet)
    PWMIntEnable                             0x0000263d   Thumb Code     8  pwm.o(i.PWMIntEnable)
    PWMOutputState                           0x00002645   Thumb Code    16  pwm.o(i.PWMOutputState)
    PWMPulseWidthSet                         0x00002655   Thumb Code    32  pwm.o(i.PWMPulseWidthSet)
    PWMTaskInit                              0x00002675   Thumb Code   178  pwm_task.o(i.PWMTaskInit)
    Producer                                 0x00002749   Thumb Code     2  main.o(i.Producer)
    SysCtlClockGet                           0x0000274d   Thumb Code   304  sysctl.o(i.SysCtlClockGet)
    SysCtlPWMClockSet                        0x000028a1   Thumb Code    14  sysctl.o(i.SysCtlPWMClockSet)
    SysCtlPeripheralEnable                   0x000028b5   Thumb Code    36  sysctl.o(i.SysCtlPeripheralEnable)
    TimerConfigure                           0x000028dd   Thumb Code    88  timer.o(i.TimerConfigure)
    TimerControlTrigger                      0x0000293d   Thumb Code    70  timer.o(i.TimerControlTrigger)
    TimerDisable                             0x0000298d   Thumb Code    16  timer.o(i.TimerDisable)
    TimerEnable                              0x0000299d   Thumb Code    14  timer.o(i.TimerEnable)
    TimerIntDisable                          0x000029ab   Thumb Code    10  timer.o(i.TimerIntDisable)
    TimerLoadSet                             0x000029b5   Thumb Code    18  timer.o(i.TimerLoadSet)
    UARTClockSourceSet                       0x000029c7   Thumb Code     6  uart.o(i.UARTClockSourceSet)
    UARTStdioConfig                          0x000029cd   Thumb Code    96  uartstdio.o(i.UARTStdioConfig)
    UARTprintf                               0x00002a39   Thumb Code    26  uartstdio.o(i.UARTprintf)
    UARTvprintf                              0x00002a55   Thumb Code   574  uartstdio.o(i.UARTvprintf)
    UARTwrite                                0x00002ca5   Thumb Code    58  uartstdio.o(i.UARTwrite)
    VarControl                               0x00002ce5   Thumb Code   626  control.o(i.VarControl)
    __hardfp_ceil                            0x000030a1   Thumb Code   252  ceil.o(i.__hardfp_ceil)
    __hardfp_sqrt                            0x000031b9   Thumb Code   122  sqrt.o(i.__hardfp_sqrt)
    __scatterload_copy                       0x00003233   Thumb Code    14  handlers.o(i.__scatterload_copy)
    __scatterload_null                       0x00003241   Thumb Code     2  handlers.o(i.__scatterload_null)
    __scatterload_zeroinit                   0x00003243   Thumb Code    14  handlers.o(i.__scatterload_zeroinit)
    __set_errno                              0x00003251   Thumb Code     6  errno.o(i.__set_errno)
    main                                     0x0000325d   Thumb Code   108  main.o(i.main)
    max                                      0x000032f1   Thumb Code    60  control.o(i.max)
    min                                      0x0000332d   Thumb Code    60  control.o(i.min)
    sqrtInt                                  0x00003369   Thumb Code    46  adc_task.o(i.sqrtInt)
    Region$$Table$$Base                      0x00004950   Number         0  anon$$obj.o(Region$$Table)
    Region$$Table$$Limit                     0x00004970   Number         0  anon$$obj.o(Region$$Table)
    rmsFlag                                  0x20000008   Data           1  adc_task.o(.data)
    ctrlFlag                                 0x20000009   Data           1  adc_task.o(.data)
    dcMeas                                   0x2000000c   Data           4  adc_task.o(.data)
    avg_dcMeas                               0x20000010   Data           4  adc_task.o(.data)
    maxValue                                 0x20000014   Data           4  adc_task.o(.data)
    avg_Vbus                                 0x20000018   Data           4  adc_task.o(.data)
    scaling                                  0x20000020   Data          88  adc_task.o(.data)
    status                                   0x20000078   Data           4  adc_task.o(.data)
    adc_input_index                          0x2000007c   Data           2  adc_task.o(.data)
    dcIndex                                  0x2000007e   Data           2  adc_task.o(.data)
    count                                    0x20000080   Data           4  adc_task.o(.data)
    ProducerTask                             0x20000084   Data           4  adc_task.o(.data)
    new_Mag                                  0x20000088   Data           8  pll.o(.data)
    waveform                                 0x20000090   Data           8  pll.o(.data)
    signF                                    0x20000098   Data           1  pll.o(.data)
    s_index                                  0x2000009a   Data           2  pll.o(.data)
    oldValue                                 0x2000009c   Data           4  pll.o(.data)
    degreeDesired                            0x200000a0   Data           8  pll.o(.data)
    inputValue                               0x200000a8   Data           4  pwm_task.o(.data)
    sawtooth                                 0x200000ac   Data         132  pwm_task.o(.data)
    saw_index                                0x20000130   Data           4  pwm_task.o(.data)
    cSawtoothValue                           0x20000134   Data           4  pwm_task.o(.data)
    g_pPwmQueue                              0x20000138   Data           4  pwm_task.o(.data)
    Vdc                                      0x20000140   Data           8  control.o(.data)
    Qerr_run                                 0x20000148   Data           8  control.o(.data)
    Qerror_inst                              0x20000150   Data           8  control.o(.data)
    Perr_run                                 0x20000158   Data           8  control.o(.data)
    Perr_inst                                0x20000160   Data           8  control.o(.data)
    QKp                                      0x20000168   Data           4  control.o(.data)
    QKi                                      0x2000016c   Data           4  control.o(.data)
    PKp                                      0x20000170   Data           4  control.o(.data)
    PKi                                      0x20000174   Data           4  control.o(.data)
    Vref                                     0x20000178   Data           8  control.o(.data)
    r_idx                                    0x20000180   Data           4  control.o(.data)
    ma                                       0x20000188   Data           8  control.o(.data)
    ma_avg                                   0x20000190   Data           8  control.o(.data)
    Pdesired                                 0x20000198   Data           8  control.o(.data)
    Vmax                                     0x200001a0   Data           4  control.o(.data)
    ctrlV                                    0x200001a8   Data           8  control.o(.data)
    clockTime                                0x200001b0   Data           4  control.o(.data)
    uartInput                                0x200001b4   Data           5  control.o(.data)
    lpf_coeff                                0x2000066c   Data          12  main.o(.bss)
    Sinv                                     0x20000678   Data          88  adc_task.o(.bss)
    Sgrid                                    0x200006d0   Data          88  adc_task.o(.bss)
    Vpcc                                     0x20000728   Data          24  adc_task.o(.bss)
    Vbat                                     0x20000740   Data          24  adc_task.o(.bss)
    adcRawInput                              0x20000758   Data        3200  adc_task.o(.bss)
    Sctrl                                    0x200013d8   Data          88  adc_task.o(.bss)
    VSync                                    0x20001430   Data         100  pll.o(.bss)
    sinewave                                 0x20001494   Data         400  pll.o(.bss)
    __initial_sp                             0x20001728   Data           0  startup_rvmdk.o(STACK)



==============================================================================

Memory Map of the image

  Image Entry point : 0x0000026d

  Load Region LR_IROM (Base: 0x00000000, Size: 0x00004fdc, Max: 0x00040000, ABSOLUTE, COMPRESSED[0x00004a48])

    Execution Region ER_IROM (Base: 0x00000000, Size: 0x00004970, Max: 0x00040000, ABSOLUTE)

    Base Addr    Size         Type   Attr      Idx    E Section Name        Object

    0x00000000   0x00000288   Code   RO           97  * RESET               startup_rvmdk.o
    0x00000288   0x00000000   Code   RO         2417  * .ARM.Collect$$$$00000000  mc_w.l(entry.o)
    0x00000288   0x00000004   Code   RO         2440    .ARM.Collect$$$$00000001  mc_w.l(entry2.o)
    0x0000028c   0x00000004   Code   RO         2443    .ARM.Collect$$$$00000004  mc_w.l(entry5.o)
    0x00000290   0x00000000   Code   RO         2445    .ARM.Collect$$$$00000008  mc_w.l(entry7b.o)
    0x00000290   0x00000000   Code   RO         2447    .ARM.Collect$$$$0000000A  mc_w.l(entry8b.o)
    0x00000290   0x00000008   Code   RO         2448    .ARM.Collect$$$$0000000B  mc_w.l(entry9a.o)
    0x00000298   0x00000000   Code   RO         2450    .ARM.Collect$$$$0000000D  mc_w.l(entry10a.o)
    0x00000298   0x00000000   Code   RO         2452    .ARM.Collect$$$$0000000F  mc_w.l(entry11a.o)
    0x00000298   0x00000004   Code   RO         2441    .ARM.Collect$$$$00002712  mc_w.l(entry2.o)
    0x0000029c   0x0000014e   Code   RO         2420    .text               mf_w.l(dadd.o)
    0x000003ea   0x000000e4   Code   RO         2422    .text               mf_w.l(dmul.o)
    0x000004ce   0x000000de   Code   RO         2424    .text               mf_w.l(ddiv.o)
    0x000005ac   0x00000022   Code   RO         2426    .text               mf_w.l(dflti.o)
    0x000005ce   0x0000001a   Code   RO         2428    .text               mf_w.l(dfltui.o)
    0x000005e8   0x0000003e   Code   RO         2430    .text               mf_w.l(dfixi.o)
    0x00000626   0x00000026   Code   RO         2432    .text               mf_w.l(f2d.o)
    0x0000064c   0x00000028   Code   RO         2434    .text               mf_w.l(cdcmple.o)
    0x00000674   0x00000028   Code   RO         2436    .text               mf_w.l(cdrcmple.o)
    0x0000069c   0x00000038   Code   RO         2438    .text               mf_w.l(d2f.o)
    0x000006d4   0x0000001e   Code   RO         2454    .text               mc_w.l(llshl.o)
    0x000006f2   0x00000020   Code   RO         2456    .text               mc_w.l(llushr.o)
    0x00000712   0x00000024   Code   RO         2458    .text               mc_w.l(llsshr.o)
    0x00000736   0x00000000   Code   RO         2467    .text               mc_w.l(iusefp.o)
    0x00000736   0x0000006c   Code   RO         2468    .text               mf_w.l(fepilogue.o)
    0x000007a2   0x000000be   Code   RO         2470    .text               mf_w.l(depilogue.o)
    0x00000860   0x000000a2   Code   RO         2472    .text               mf_w.l(dsqrt.o)
    0x00000902   0x00000002   PAD
    0x00000904   0x00000024   Code   RO         2474    .text               mc_w.l(init.o)
    0x00000928   0x0000005c   Code   RO         2484    .text               mc_w.l(__dczerorl2.o)
    0x00000984   0x00000030   Code   RO          280    i.ADC0Seq0_Handler  adc_task.o
    0x000009b4   0x0000023c   Code   RO          281    i.ADC0Seq2_Handler  adc_task.o
    0x00000bf0   0x0000001c   Code   RO          572    i.ADCClockConfigSet  driverlib.lib(adc.o)
    0x00000c0c   0x0000000a   Code   RO          581    i.ADCIntClear       driverlib.lib(adc.o)
    0x00000c16   0x00000010   Code   RO          585    i.ADCIntEnable      driverlib.lib(adc.o)
    0x00000c26   0x00000002   PAD
    0x00000c28   0x00000068   Code   RO          587    i.ADCIntRegister    driverlib.lib(adc.o)
    0x00000c90   0x00000060   Code   RO          596    i.ADCSequenceConfigure  driverlib.lib(adc.o)
    0x00000cf0   0x00000024   Code   RO          599    i.ADCSequenceDataGet  driverlib.lib(adc.o)
    0x00000d14   0x00000010   Code   RO          600    i.ADCSequenceDisable  driverlib.lib(adc.o)
    0x00000d24   0x0000000e   Code   RO          601    i.ADCSequenceEnable  driverlib.lib(adc.o)
    0x00000d32   0x0000009a   Code   RO          604    i.ADCSequenceStepConfigure  driverlib.lib(adc.o)
    0x00000dcc   0x00000654   Code   RO          282    i.ADCTask           adc_task.o
    0x00001420   0x00000158   Code   RO          283    i.ADCTaskInit       adc_task.o
    0x00001578   0x0000006c   Code   RO            1    i.ConfigureUART     main.o
    0x000015e4   0x00000028   Code   RO          853    i.GPIODirModeSet    driverlib.lib(gpio.o)
    0x0000160c   0x00000138   Code   RO          865    i.GPIOPadConfigSet  driverlib.lib(gpio.o)
    0x00001744   0x00000044   Code   RO          866    i.GPIOPinConfigure  driverlib.lib(gpio.o)
    0x00001788   0x0000001c   Code   RO          868    i.GPIOPinTypeADC    driverlib.lib(gpio.o)
    0x000017a4   0x0000001c   Code   RO          877    i.GPIOPinTypeGPIOOutput  driverlib.lib(gpio.o)
    0x000017c0   0x0000001c   Code   RO          884    i.GPIOPinTypePWM    driverlib.lib(gpio.o)
    0x000017dc   0x00000006   Code   RO          895    i.GPIOPinWrite      driverlib.lib(gpio.o)
    0x000017e2   0x00000002   PAD
    0x000017e4   0x00000044   Code   RO          484    i.GPIOTaskInit      gpio_task.o
    0x00001828   0x00000064   Code   RO         1155    i.IntDisable        driverlib.lib(interrupt.o)
    0x0000188c   0x00000064   Code   RO         1156    i.IntEnable         driverlib.lib(interrupt.o)
    0x000018f0   0x00000028   Code   RO         1167    i.IntPrioritySet    driverlib.lib(interrupt.o)
    0x00001918   0x00000034   Code   RO         1168    i.IntRegister       driverlib.lib(interrupt.o)
    0x0000194c   0x00000a7c   Code   RO          360    i.PLLRun            pll.o
    0x000023c8   0x00000134   Code   RO          362    i.PLLTaskInit       pll.o
    0x000024fc   0x000000d4   Code   RO          402    i.PWM0IntHandler    pwm_task.o
    0x000025d0   0x00000026   Code   RO         1279    i.PWMGenConfigure   driverlib.lib(pwm.o)
    0x000025f6   0x0000000a   Code   RO         1281    i.PWMGenEnable      driverlib.lib(pwm.o)
    0x00002600   0x00000006   Code   RO         1287    i.PWMGenIntClear    driverlib.lib(pwm.o)
    0x00002606   0x0000001a   Code   RO         1288    i.PWMGenIntRegister  driverlib.lib(pwm.o)
    0x00002620   0x0000000a   Code   RO         1291    i.PWMGenIntTrigEnable  driverlib.lib(pwm.o)
    0x0000262a   0x00000012   Code   RO         1294    i.PWMGenPeriodSet   driverlib.lib(pwm.o)
    0x0000263c   0x00000008   Code   RO         1296    i.PWMIntEnable      driverlib.lib(pwm.o)
    0x00002644   0x00000010   Code   RO         1301    i.PWMOutputState    driverlib.lib(pwm.o)
    0x00002654   0x00000020   Code   RO         1304    i.PWMPulseWidthSet  driverlib.lib(pwm.o)
    0x00002674   0x000000d4   Code   RO          404    i.PWMTaskInit       pwm_task.o
    0x00002748   0x00000002   Code   RO            2    i.Producer          main.o
    0x0000274a   0x00000002   PAD
    0x0000274c   0x00000154   Code   RO         1507    i.SysCtlClockGet    driverlib.lib(sysctl.o)
    0x000028a0   0x00000014   Code   RO         1533    i.SysCtlPWMClockSet  driverlib.lib(sysctl.o)
    0x000028b4   0x00000028   Code   RO         1538    i.SysCtlPeripheralEnable  driverlib.lib(sysctl.o)
    0x000028dc   0x00000060   Code   RO         1856    i.TimerConfigure    driverlib.lib(timer.o)
    0x0000293c   0x00000050   Code   RO         1860    i.TimerControlTrigger  driverlib.lib(timer.o)
    0x0000298c   0x00000010   Code   RO         1864    i.TimerDisable      driverlib.lib(timer.o)
    0x0000299c   0x0000000e   Code   RO         1865    i.TimerEnable       driverlib.lib(timer.o)
    0x000029aa   0x0000000a   Code   RO         1867    i.TimerIntDisable   driverlib.lib(timer.o)
    0x000029b4   0x00000012   Code   RO         1874    i.TimerLoadSet      driverlib.lib(timer.o)
    0x000029c6   0x00000006   Code   RO         2106    i.UARTClockSourceSet  driverlib.lib(uart.o)
    0x000029cc   0x0000006c   Code   RO          102    i.UARTStdioConfig   uartstdio.o
    0x00002a38   0x0000001a   Code   RO          105    i.UARTprintf        uartstdio.o
    0x00002a52   0x00000002   PAD
    0x00002a54   0x00000250   Code   RO          106    i.UARTvprintf       uartstdio.o
    0x00002ca4   0x00000040   Code   RO          107    i.UARTwrite         uartstdio.o
    0x00002ce4   0x000002d8   Code   RO          518    i.VarControl        control.o
    0x00002fbc   0x000000e0   Code   RO         1307    i._PWMGenIntNumberGet  driverlib.lib(pwm.o)
    0x0000309c   0x00000004   PAD
    0x000030a0   0x00000118   Code   RO         2399    i.__hardfp_ceil     m_wm.l(ceil.o)
    0x000031b8   0x0000007a   Code   RO         2405    i.__hardfp_sqrt     m_wm.l(sqrt.o)
    0x00003232   0x0000000e   Code   RO         2478    i.__scatterload_copy  mc_w.l(handlers.o)
    0x00003240   0x00000002   Code   RO         2479    i.__scatterload_null  mc_w.l(handlers.o)
    0x00003242   0x0000000e   Code   RO         2480    i.__scatterload_zeroinit  mc_w.l(handlers.o)
    0x00003250   0x0000000c   Code   RO         2462    i.__set_errno       mc_w.l(errno.o)
    0x0000325c   0x00000094   Code   RO            3    i.main              main.o
    0x000032f0   0x0000003c   Code   RO          521    i.max               control.o
    0x0000332c   0x0000003c   Code   RO          522    i.min               control.o
    0x00003368   0x0000002e   Code   RO          286    i.sqrtInt           adc_task.o
    0x00003396   0x00000002   PAD
    0x00003398   0x0000001c   Data   RO          108    .constdata          uartstdio.o
    0x000033b4   0x00001000   Data   RO          366    .constdata          pll.o
    0x000043b4   0x00000228   Data   RO          897    .constdata          driverlib.lib(gpio.o)
    0x000045dc   0x0000010c   Data   RO         1172    .constdata          driverlib.lib(interrupt.o)
    0x000046e8   0x00000254   Data   RO         1560    .constdata          driverlib.lib(sysctl.o)
    0x0000493c   0x00000011   Data   RO          109    .conststring        uartstdio.o
    0x0000494d   0x00000003   PAD
    0x00004950   0x00000020   Data   RO         2476    Region$$Table       anon$$obj.o


    Execution Region RW_IRAM (Base: 0x20000000, Size: 0x00001728, Max: 0x00008000, ABSOLUTE, COMPRESSED[0x000000d8])

    Base Addr    Size         Type   Attr      Idx    E Section Name        Object

    0x20000000   0x00000005   Data   RW          110    .data               uartstdio.o
    0x20000005   0x00000003   PAD
    0x20000008   0x00000080   Data   RW          289    .data               adc_task.o
    0x20000088   0x00000020   Data   RW          367    .data               pll.o
    0x200000a8   0x00000094   Data   RW          407    .data               pwm_task.o
    0x2000013c   0x00000004   PAD
    0x20000140   0x00000079   Data   RW          525    .data               control.o
    0x200001b9   0x00000003   PAD
    0x200001bc   0x00000004   Data   RW         2463    .data               mc_w.l(errno.o)
    0x200001c0   0x00000240   PAD
    0x20000400   0x0000026c   Data   RW         1173    vtable              driverlib.lib(interrupt.o)
    0x2000066c   0x0000000c   Zero   RW            4    .bss                main.o
    0x20000678   0x00000db8   Zero   RW          287    .bss                adc_task.o
    0x20001430   0x000001f4   Zero   RW          365    .bss                pll.o
    0x20001624   0x00000004   PAD
    0x20001628   0x00000100   Zero   RW           95    STACK               startup_rvmdk.o


==============================================================================

Image component sizes


      Code (inc. data)   RO Data    RW Data    ZI Data      Debug   Object Name

      2630        260          0        128       3512       4811   adc_task.o
       848        102          0        121          0       3548   control.o
        68         16          0          0          0        483   gpio_task.o
       258         58          0          0         12       8232   main.o
      2992        180       4096         32        500       3167   pll.o
       424         48          0        148          0       8063   pwm_task.o
       648        622          0          0        256        248   startup_rvmdk.o
       790         36         45          5          0       4516   uartstdio.o

    ----------------------------------------------------------------------
      8664       1322       4176        444       4284      33068   Object Totals
         0          0         32          0          0          0   (incl. Generated)
         6          0          3         10          4          0   (incl. Padding)

    ----------------------------------------------------------------------

      Code (inc. data)   RO Data    RW Data    ZI Data      Debug   Library Member Name

       474         12          0          0          0       9250   adc.o
       510          8        552          0          0       5152   gpio.o
       292         28        268        620          0       3260   interrupt.o
       388         26          0          0          0       5857   pwm.o
       400         46        596          0          0       3634   sysctl.o
       234         18          0          0          0       3201   timer.o
         6          0          0          0          0        497   uart.o
       280         28          0          0          0        156   ceil.o
       122          0          0          0          0        148   sqrt.o
        92          0          0          0          0          0   __dczerorl2.o
         0          0          0          0          0          0   entry.o
         0          0          0          0          0          0   entry10a.o
         0          0          0          0          0          0   entry11a.o
         8          4          0          0          0          0   entry2.o
         4          0          0          0          0          0   entry5.o
         0          0          0          0          0          0   entry7b.o
         0          0          0          0          0          0   entry8b.o
         8          4          0          0          0          0   entry9a.o
        12          6          0          4          0         68   errno.o
        30          0          0          0          0          0   handlers.o
        36          8          0          0          0         68   init.o
         0          0          0          0          0          0   iusefp.o
        30          0          0          0          0         68   llshl.o
        36          0          0          0          0         68   llsshr.o
        32          0          0          0          0         68   llushr.o
        40          2          0          0          0         68   cdcmple.o
        40          2          0          0          0         68   cdrcmple.o
        56          0          0          0          0         88   d2f.o
       334          0          0          0          0        148   dadd.o
       222          0          0          0          0        100   ddiv.o
       190          0          0          0          0        176   depilogue.o
        62          0          0          0          0         80   dfixi.o
        34          0          0          0          0         76   dflti.o
        26          0          0          0          0         76   dfltui.o
       228          0          0          0          0         96   dmul.o
       162          0          0          0          0        100   dsqrt.o
        38          0          0          0          0         68   f2d.o
       108          0          0          0          0        168   fepilogue.o

    ----------------------------------------------------------------------
      4544        196       1416       1200          0      32807   Library Totals
        10          4          0        576          0          0   (incl. Padding)

    ----------------------------------------------------------------------

      Code (inc. data)   RO Data    RW Data    ZI Data      Debug   Library Name

      2304        138       1416        620          0      30851   driverlib.lib
       402         28          0          0          0        304   m_wm.l
       288         22          0          4          0        340   mc_w.l
      1540          4          0          0          0       1312   mf_w.l

    ----------------------------------------------------------------------
      4544        196       1416       1200          0      32807   Library Totals

    ----------------------------------------------------------------------

==============================================================================


      Code (inc. data)   RO Data    RW Data    ZI Data      Debug   

     13208       1518       5592       1644       4284      59395   Grand Totals
     13208       1518       5592        216       4284      59395   ELF Image Totals (compressed)
     13208       1518       5592        216          0          0   ROM Totals

==============================================================================

    Total RO  Size (Code + RO Data)                18800 (  18.36kB)
    Total RW  Size (RW Data + ZI Data)              5928 (   5.79kB)
    Total ROM Size (Code + RO Data + RW Data)      19016 (  18.57kB)

==============================================================================

