<html>
<body>
<pre>
<h1>µVision Build Log</h1>
<h2>Project:</h2>
C:\Users\AcerPC\Desktop\GradSchool\TM4C1234g\ORI-COPY\ControllableInverter_Notch_PLL\InverterControlLoop\freertos_demo.uvproj
Project File Date:  04/08/2018

<h2>Output:</h2>
Build target 'freertos_demo'
linking...
Program Size: Code=7696 RO-data=1496 RW-data=1644 ZI-data=25572  
After Build - User command #1: fromelf --bin --output .\rvmdk\freertos_demo.bin .\rvmdk\freertos_demo.axf
".\rvmdk\freertos_demo.axf" - 0 Error(s), 0 Warning(s).
Load "C:\\Users\\AcerPC\\Desktop\\GradSchool\\TM4C1234g\\ORI-COPY\\ControllableInverter_Notch_PLL\\InverterControlLoop\\rvmdk\\freertos_demo.axf" 
Connecting: Mode=JTAG, Speed=1000000Hz
Erase Done.
Programming Done.
Verify OK.
ng:  #1-D: last line of file ends without a newline
  }
PLL.c: 4 warnings, 0 errors
linking...
Program Size: Code=7696 RO-data=1496 RW-data=1644 ZI-data=25572  
After Build - User command #1: fromelf --bin --output .\rvmdk\freertos_demo.bin .\rvmdk\freertos_demo.axf
".\rvmdk\freertos_demo.axf" - 0 Error(s), 4 Warning(s).
Load "C:\\Users\\AcerPC\\Desktop\\GradSchool\\TM4C1234g\\ORI-COPY\\ControllableInverter_Notch_PLL\\InverterControlLoop\\rvmdk\\freertos_demo.axf" 
Connecting: Mode=JTAG, Speed=1000000Hz
Erase Done.
Programming Done.
Verify OK.
ash Download failed  -  Target DLL has been cancelled
Load "C:\\Users\\AcerPC\\Desktop\\GradSchool\\TM4C1234g\\ORI-COPY\\ControllableInverter_Notch_PLL\\InverterControlLoop\\rvmdk\\freertos_demo.axf" 
Connecting: Mode=JTAG, Speed=1000000Hz
Connection failed!, error code=&d
Error: Flash Download failed  -  Target DLL has been cancelled
Load "C:\\Users\\AcerPC\\Desktop\\GradSchool\\TM4C1234g\\ORI-COPY\\ControllableInverter_Notch_PLL\\InverterControlLoop\\rvmdk\\freertos_demo.axf" 
Connecting: Mode=JTAG, Speed=1000000Hz
Erase Done.
Programming Done.
Verify OK.
