ARM Linker, 5.03 [Build 76] [MDK-ARM Lite]

==============================================================================

Section Cross References

    main.o(i.ConfigureUART) refers to uart.o(i.UARTClockSourceSet) for UARTClockSourceSet
    main.o(i.ConfigureUART) refers to uartstdio.o(i.UARTStdioConfig) for UARTStdioConfig
    main.o(i.main) refers to gpio_task.o(i.GPIOTaskInit) for GPIOTaskInit
    main.o(i.main) refers to adc_task.o(i.ADCTaskInit) for ADCTaskInit
    main.o(i.main) refers to pll.o(i.PLLTaskInit) for PLLTaskInit
    main.o(i.main) refers to main.o(i.ConfigureUART) for ConfigureUART
    main.o(i.main) refers to uartstdio.o(i.UARTprintf) for UARTprintf
    main.o(i.main) refers to interrupt.o(i.IntEnable) for IntEnable
    main.o(i.main) refers to adc_task.o(i.ADCTask) for ADCTask
    main.o(i.main) refers to gpio_task.o(i.GPIOTask) for GPIOTask
    main.o(i.main) refers to main.o(i.Producer) for Producer
    main.o(i.main) refers to main.o(.bss) for lpf_coeff
    main.o(i.main) refers to pll.o(.bss) for PLLSync
    startup_rvmdk.o(RESET) refers to startup_rvmdk.o(STACK) for StackMem
    startup_rvmdk.o(RESET) refers to entry.o(.ARM.Collect$$$$00000000) for __main
    uartstdio.o(i.UARTStdioConfig) refers to uartstdio.o(.constdata) for g_ui32UARTPeriph
    uartstdio.o(i.UARTStdioConfig) refers to uartstdio.o(.data) for g_ui32Base
    uartstdio.o(i.UARTgetc) refers to uartstdio.o(.data) for g_ui32Base
    uartstdio.o(i.UARTgets) refers to uartstdio.o(i.UARTwrite) for UARTwrite
    uartstdio.o(i.UARTgets) refers to uartstdio.o(.data) for g_ui32Base
    uartstdio.o(i.UARTprintf) refers to uartstdio.o(i.UARTvprintf) for UARTvprintf
    uartstdio.o(i.UARTvprintf) refers to uartstdio.o(i.UARTwrite) for UARTwrite
    uartstdio.o(i.UARTvprintf) refers to uartstdio.o(.constdata) for g_pcHex
    uartstdio.o(i.UARTwrite) refers to uartstdio.o(.data) for g_ui32Base
    uartstdio.o(.constdata) refers to uartstdio.o(.conststring) for .conststring
    ustdlib.o(i.ulocaltime) refers to ustdlib.o(.constdata) for g_psDaysToMonth
    ustdlib.o(i.umktime) refers to ustdlib.o(i.ulocaltime) for ulocaltime
    ustdlib.o(i.umktime) refers to ustdlib.o(i.ucmptime) for ucmptime
    ustdlib.o(i.urand) refers to ustdlib.o(.data) for g_iRandomSeed
    ustdlib.o(i.usnprintf) refers to ustdlib.o(i.uvsnprintf) for uvsnprintf
    ustdlib.o(i.usprintf) refers to ustdlib.o(i.uvsnprintf) for uvsnprintf
    ustdlib.o(i.usrand) refers to ustdlib.o(.data) for g_iRandomSeed
    ustdlib.o(i.ustrcasecmp) refers to ustdlib.o(i.ustrncasecmp) for ustrncasecmp
    ustdlib.o(i.ustrcmp) refers to ustdlib.o(i.ustrncmp) for ustrncmp
    ustdlib.o(i.ustrstr) refers to ustdlib.o(i.ustrlen) for ustrlen
    ustdlib.o(i.ustrstr) refers to ustdlib.o(i.ustrncmp) for ustrncmp
    ustdlib.o(i.ustrtof) refers to ustdlib.o(.constdata) for g_pfExponents
    ustdlib.o(i.uvsnprintf) refers to ustdlib.o(i.ustrncpy) for ustrncpy
    ustdlib.o(i.uvsnprintf) refers to ustdlib.o(.constdata) for g_pcHex
    ustdlib.o(.constdata) refers to ustdlib.o(.conststring) for .conststring
    adc_task.o(i.ADC0Seq2_Handler) refers to adc.o(i.ADCIntClear) for ADCIntClear
    adc_task.o(i.ADC0Seq2_Handler) refers to gpio.o(i.GPIOPinWrite) for GPIOPinWrite
    adc_task.o(i.ADC0Seq2_Handler) refers to adc.o(i.ADCSequenceDataGet) for ADCSequenceDataGet
    adc_task.o(i.ADC0Seq2_Handler) refers to interrupt.o(i.IntEnable) for IntEnable
    adc_task.o(i.ADC0Seq2_Handler) refers to interrupt.o(i.IntPendSet) for IntPendSet
    adc_task.o(i.ADC0Seq2_Handler) refers to adc_task.o(.bss) for adcRawInput
    adc_task.o(i.ADC0Seq2_Handler) refers to adc_task.o(.data) for adc_input_index
    adc_task.o(i.ADC0Seq2_Handler) refers to gpio_task.o(.data) for dcValue
    adc_task.o(i.ADC0Seq2_Handler) refers to pll.o(.bss) for PLLSync
    adc_task.o(i.ADCTask) refers to gpio.o(i.GPIOPinWrite) for GPIOPinWrite
    adc_task.o(i.ADCTask) refers to adc_task.o(i.sqrt) for sqrt
    adc_task.o(i.ADCTask) refers to uartstdio.o(i.UARTprintf) for UARTprintf
    adc_task.o(i.ADCTask) refers to adc_task.o(.data) for rmsFlag
    adc_task.o(i.ADCTask) refers to gpio_task.o(.data) for dcValue
    adc_task.o(i.ADCTaskInit) refers to sysctl.o(i.SysCtlPeripheralEnable) for SysCtlPeripheralEnable
    adc_task.o(i.ADCTaskInit) refers to gpio.o(i.GPIOPinTypeADC) for GPIOPinTypeADC
    adc_task.o(i.ADCTaskInit) refers to timer.o(i.TimerDisable) for TimerDisable
    adc_task.o(i.ADCTaskInit) refers to timer.o(i.TimerControlTrigger) for TimerControlTrigger
    adc_task.o(i.ADCTaskInit) refers to timer.o(i.TimerConfigure) for TimerConfigure
    adc_task.o(i.ADCTaskInit) refers to sysctl.o(i.SysCtlClockGet) for SysCtlClockGet
    adc_task.o(i.ADCTaskInit) refers to timer.o(i.TimerLoadSet) for TimerLoadSet
    adc_task.o(i.ADCTaskInit) refers to timer.o(i.TimerIntDisable) for TimerIntDisable
    adc_task.o(i.ADCTaskInit) refers to timer.o(i.TimerEnable) for TimerEnable
    adc_task.o(i.ADCTaskInit) refers to adc.o(i.ADCClockConfigSet) for ADCClockConfigSet
    adc_task.o(i.ADCTaskInit) refers to adc.o(i.ADCSequenceDisable) for ADCSequenceDisable
    adc_task.o(i.ADCTaskInit) refers to adc.o(i.ADCSequenceConfigure) for ADCSequenceConfigure
    adc_task.o(i.ADCTaskInit) refers to adc.o(i.ADCSequenceStepConfigure) for ADCSequenceStepConfigure
    adc_task.o(i.ADCTaskInit) refers to adc.o(i.ADCSequenceEnable) for ADCSequenceEnable
    adc_task.o(i.ADCTaskInit) refers to adc.o(i.ADCIntEnable) for ADCIntEnable
    adc_task.o(i.ADCTaskInit) refers to adc.o(i.ADCIntRegister) for ADCIntRegister
    adc_task.o(i.ADCTaskInit) refers to interrupt.o(i.IntPrioritySet) for IntPrioritySet
    adc_task.o(i.ADCTaskInit) refers to interrupt.o(i.IntDisable) for IntDisable
    adc_task.o(i.ADCTaskInit) refers to adc.o(i.ADCIntClear) for ADCIntClear
    adc_task.o(i.ADCTaskInit) refers to adc_task.o(i.ADC0Seq2_Handler) for ADC0Seq2_Handler
    adc_task.o(i.one_step_newton_raphson_sqrt) refers to cdcmple.o(.text) for __aeabi_cdcmple
    adc_task.o(i.one_step_newton_raphson_sqrt) refers to ddiv.o(.text) for __aeabi_ddiv
    adc_task.o(i.one_step_newton_raphson_sqrt) refers to dadd.o(.text) for __aeabi_dadd
    gpio_task.o(i.GPIOTask) refers to dflti.o(.text) for __aeabi_i2d
    gpio_task.o(i.GPIOTask) refers to gpio_task.o(i.GPIO_PB2_SET_HIGH) for GPIO_PB2_SET_HIGH
    gpio_task.o(i.GPIOTask) refers to gpio_task.o(i.GPIO_PB2_SET_LOW) for GPIO_PB2_SET_LOW
    gpio_task.o(i.GPIOTask) refers to gpio_task.o(.data) for counter
    gpio_task.o(i.GPIOTaskInit) refers to sysctl.o(i.SysCtlPeripheralEnable) for SysCtlPeripheralEnable
    gpio_task.o(i.GPIOTaskInit) refers to gpio.o(i.GPIOPinTypeGPIOOutput) for GPIOPinTypeGPIOOutput
    gpio_task.o(i.GPIOTaskInit) refers to gpio_task.o(i.configureTimer1A) for configureTimer1A
    gpio_task.o(i.GPIO_PB2_SET_HIGH) refers to gpio.o(i.GPIOPinWrite) for GPIOPinWrite
    gpio_task.o(i.GPIO_PB2_SET_LOW) refers to gpio.o(i.GPIOPinWrite) for GPIOPinWrite
    gpio_task.o(i.Timer1AIntHandler) refers to timer.o(i.TimerIntClear) for TimerIntClear
    gpio_task.o(i.Timer1AIntHandler) refers to gpio.o(i.GPIOPinWrite) for GPIOPinWrite
    gpio_task.o(i.Timer1AIntHandler) refers to gpio_task.o(.data) for inputValue
    gpio_task.o(i.configureTimer1A) refers to sysctl.o(i.SysCtlPeripheralEnable) for SysCtlPeripheralEnable
    gpio_task.o(i.configureTimer1A) refers to timer.o(i.TimerConfigure) for TimerConfigure
    gpio_task.o(i.configureTimer1A) refers to sysctl.o(i.SysCtlClockGet) for SysCtlClockGet
    gpio_task.o(i.configureTimer1A) refers to timer.o(i.TimerLoadSet) for TimerLoadSet
    gpio_task.o(i.configureTimer1A) refers to timer.o(i.TimerIntRegister) for TimerIntRegister
    gpio_task.o(i.configureTimer1A) refers to interrupt.o(i.IntPrioritySet) for IntPrioritySet
    gpio_task.o(i.configureTimer1A) refers to timer.o(i.TimerEnable) for TimerEnable
    gpio_task.o(i.configureTimer1A) refers to timer.o(i.TimerIntEnable) for TimerIntEnable
    gpio_task.o(i.configureTimer1A) refers to interrupt.o(i.IntDisable) for IntDisable
    gpio_task.o(i.configureTimer1A) refers to timer.o(i.TimerIntClear) for TimerIntClear
    gpio_task.o(i.configureTimer1A) refers to gpio_task.o(i.Timer1AIntHandler) for Timer1AIntHandler
    pll.o(i.PLLCoeffUpdate) refers to f2d.o(.text) for __aeabi_f2d
    pll.o(i.PLLCoeffUpdate) refers to dmul.o(.text) for __aeabi_dmul
    pll.o(i.PLLCoeffUpdate) refers to d2f.o(.text) for __aeabi_d2f
    pll.o(i.PLLCoeffUpdate) refers to dadd.o(.text) for __aeabi_dadd
    pll.o(i.PLLCoeffUpdate) refers to ddiv.o(.text) for __aeabi_ddiv
    pll.o(i.PLLRun) refers to f2d.o(.text) for __aeabi_f2d
    pll.o(i.PLLRun) refers to dmul.o(.text) for __aeabi_dmul
    pll.o(i.PLLRun) refers to dadd.o(.text) for __aeabi_dadd
    pll.o(i.PLLRun) refers to d2f.o(.text) for __aeabi_d2f
    pll.o(i.PLLRun) refers to cdrcmple.o(.text) for __aeabi_cdrcmple
    pll.o(i.PLLRun) refers to sin.o(i.__hardfp_sin) for __hardfp_sin
    pll.o(i.PLLRun) refers to cos.o(i.__hardfp_cos) for __hardfp_cos
    pll.o(i.PLLRun) refers to pll.o(.data) for waveform
    pll.o(i.PLLTask) refers to uartstdio.o(i.UARTprintf) for UARTprintf
    pll.o(i.PLLTaskInit) refers to d2f.o(.text) for __aeabi_d2f
    pll.o(i.PLLTaskInit) refers to pll.o(i.configureTimer2A) for configureTimer2A
    pll.o(i.Timer2AIntHandler) refers to timer.o(i.TimerIntClear) for TimerIntClear
    pll.o(i.Timer2AIntHandler) refers to pll.o(i.PLLCoeffUpdate) for PLLCoeffUpdate
    pll.o(i.Timer2AIntHandler) refers to pll.o(i.PLLRun) for PLLRun
    pll.o(i.Timer2AIntHandler) refers to pll.o(.bss) for PLLSync
    pll.o(i.configureTimer2A) refers to sysctl.o(i.SysCtlPeripheralEnable) for SysCtlPeripheralEnable
    pll.o(i.configureTimer2A) refers to timer.o(i.TimerConfigure) for TimerConfigure
    pll.o(i.configureTimer2A) refers to sysctl.o(i.SysCtlClockGet) for SysCtlClockGet
    pll.o(i.configureTimer2A) refers to timer.o(i.TimerLoadSet) for TimerLoadSet
    pll.o(i.configureTimer2A) refers to timer.o(i.TimerIntRegister) for TimerIntRegister
    pll.o(i.configureTimer2A) refers to interrupt.o(i.IntPrioritySet) for IntPrioritySet
    pll.o(i.configureTimer2A) refers to timer.o(i.TimerEnable) for TimerEnable
    pll.o(i.configureTimer2A) refers to timer.o(i.TimerIntEnable) for TimerIntEnable
    pll.o(i.configureTimer2A) refers to pll.o(i.Timer2AIntHandler) for Timer2AIntHandler
    adc.o(i.ADCIntRegister) refers to interrupt.o(i.IntRegister) for IntRegister
    adc.o(i.ADCIntRegister) refers to interrupt.o(i.IntEnable) for IntEnable
    adc.o(i.ADCIntUnregister) refers to interrupt.o(i.IntDisable) for IntDisable
    adc.o(i.ADCIntUnregister) refers to interrupt.o(i.IntUnregister) for IntUnregister
    adc.o(i.ADCSoftwareOversampleConfigure) refers to adc.o(.data) for .data
    adc.o(i.ADCSoftwareOversampleDataGet) refers to adc.o(.data) for .data
    adc.o(i.ADCSoftwareOversampleStepConfigure) refers to adc.o(.data) for .data
    gpio.o(i.GPIOIntRegister) refers to gpio.o(i._GPIOIntNumberGet) for _GPIOIntNumberGet
    gpio.o(i.GPIOIntRegister) refers to interrupt.o(i.IntRegister) for IntRegister
    gpio.o(i.GPIOIntRegister) refers to interrupt.o(i.IntEnable) for IntEnable
    gpio.o(i.GPIOIntRegisterPin) refers to gpio.o(i._GPIOIntNumberGet) for _GPIOIntNumberGet
    gpio.o(i.GPIOIntRegisterPin) refers to interrupt.o(i.IntRegister) for IntRegister
    gpio.o(i.GPIOIntRegisterPin) refers to interrupt.o(i.IntEnable) for IntEnable
    gpio.o(i.GPIOIntUnregister) refers to gpio.o(i._GPIOIntNumberGet) for _GPIOIntNumberGet
    gpio.o(i.GPIOIntUnregister) refers to interrupt.o(i.IntDisable) for IntDisable
    gpio.o(i.GPIOIntUnregister) refers to interrupt.o(i.IntUnregister) for IntUnregister
    gpio.o(i.GPIOIntUnregisterPin) refers to gpio.o(i._GPIOIntNumberGet) for _GPIOIntNumberGet
    gpio.o(i.GPIOIntUnregisterPin) refers to interrupt.o(i.IntDisable) for IntDisable
    gpio.o(i.GPIOIntUnregisterPin) refers to interrupt.o(i.IntUnregister) for IntUnregister
    gpio.o(i.GPIOPinConfigure) refers to gpio.o(.constdata) for .constdata
    gpio.o(i.GPIOPinTypeADC) refers to gpio.o(i.GPIODirModeSet) for GPIODirModeSet
    gpio.o(i.GPIOPinTypeADC) refers to gpio.o(i.GPIOPadConfigSet) for GPIOPadConfigSet
    gpio.o(i.GPIOPinTypeCAN) refers to gpio.o(i.GPIODirModeSet) for GPIODirModeSet
    gpio.o(i.GPIOPinTypeCAN) refers to gpio.o(i.GPIOPadConfigSet) for GPIOPadConfigSet
    gpio.o(i.GPIOPinTypeComparator) refers to gpio.o(i.GPIODirModeSet) for GPIODirModeSet
    gpio.o(i.GPIOPinTypeComparator) refers to gpio.o(i.GPIOPadConfigSet) for GPIOPadConfigSet
    gpio.o(i.GPIOPinTypeComparatorOutput) refers to gpio.o(i.GPIODirModeSet) for GPIODirModeSet
    gpio.o(i.GPIOPinTypeComparatorOutput) refers to gpio.o(i.GPIOPadConfigSet) for GPIOPadConfigSet
    gpio.o(i.GPIOPinTypeDIVSCLK) refers to gpio.o(i.GPIODirModeSet) for GPIODirModeSet
    gpio.o(i.GPIOPinTypeDIVSCLK) refers to gpio.o(i.GPIOPadConfigSet) for GPIOPadConfigSet
    gpio.o(i.GPIOPinTypeEPI) refers to gpio.o(i.GPIODirModeSet) for GPIODirModeSet
    gpio.o(i.GPIOPinTypeEPI) refers to gpio.o(i.GPIOPadConfigSet) for GPIOPadConfigSet
    gpio.o(i.GPIOPinTypeEthernetLED) refers to gpio.o(i.GPIODirModeSet) for GPIODirModeSet
    gpio.o(i.GPIOPinTypeEthernetLED) refers to gpio.o(i.GPIOPadConfigSet) for GPIOPadConfigSet
    gpio.o(i.GPIOPinTypeEthernetMII) refers to gpio.o(i.GPIODirModeSet) for GPIODirModeSet
    gpio.o(i.GPIOPinTypeEthernetMII) refers to gpio.o(i.GPIOPadConfigSet) for GPIOPadConfigSet
    gpio.o(i.GPIOPinTypeGPIOInput) refers to gpio.o(i.GPIODirModeSet) for GPIODirModeSet
    gpio.o(i.GPIOPinTypeGPIOInput) refers to gpio.o(i.GPIOPadConfigSet) for GPIOPadConfigSet
    gpio.o(i.GPIOPinTypeGPIOOutput) refers to gpio.o(i.GPIOPadConfigSet) for GPIOPadConfigSet
    gpio.o(i.GPIOPinTypeGPIOOutput) refers to gpio.o(i.GPIODirModeSet) for GPIODirModeSet
    gpio.o(i.GPIOPinTypeGPIOOutputOD) refers to gpio.o(i.GPIOPadConfigSet) for GPIOPadConfigSet
    gpio.o(i.GPIOPinTypeGPIOOutputOD) refers to gpio.o(i.GPIODirModeSet) for GPIODirModeSet
    gpio.o(i.GPIOPinTypeHibernateRTCCLK) refers to gpio.o(i.GPIODirModeSet) for GPIODirModeSet
    gpio.o(i.GPIOPinTypeHibernateRTCCLK) refers to gpio.o(i.GPIOPadConfigSet) for GPIOPadConfigSet
    gpio.o(i.GPIOPinTypeI2C) refers to gpio.o(i.GPIODirModeSet) for GPIODirModeSet
    gpio.o(i.GPIOPinTypeI2C) refers to gpio.o(i.GPIOPadConfigSet) for GPIOPadConfigSet
    gpio.o(i.GPIOPinTypeI2CSCL) refers to gpio.o(i.GPIODirModeSet) for GPIODirModeSet
    gpio.o(i.GPIOPinTypeI2CSCL) refers to gpio.o(i.GPIOPadConfigSet) for GPIOPadConfigSet
    gpio.o(i.GPIOPinTypeLCD) refers to gpio.o(i.GPIODirModeSet) for GPIODirModeSet
    gpio.o(i.GPIOPinTypeLCD) refers to gpio.o(i.GPIOPadConfigSet) for GPIOPadConfigSet
    gpio.o(i.GPIOPinTypeOneWire) refers to gpio.o(i.GPIODirModeSet) for GPIODirModeSet
    gpio.o(i.GPIOPinTypeOneWire) refers to gpio.o(i.GPIOPadConfigSet) for GPIOPadConfigSet
    gpio.o(i.GPIOPinTypePWM) refers to gpio.o(i.GPIODirModeSet) for GPIODirModeSet
    gpio.o(i.GPIOPinTypePWM) refers to gpio.o(i.GPIOPadConfigSet) for GPIOPadConfigSet
    gpio.o(i.GPIOPinTypeQEI) refers to gpio.o(i.GPIODirModeSet) for GPIODirModeSet
    gpio.o(i.GPIOPinTypeQEI) refers to gpio.o(i.GPIOPadConfigSet) for GPIOPadConfigSet
    gpio.o(i.GPIOPinTypeSSI) refers to gpio.o(i.GPIODirModeSet) for GPIODirModeSet
    gpio.o(i.GPIOPinTypeSSI) refers to gpio.o(i.GPIOPadConfigSet) for GPIOPadConfigSet
    gpio.o(i.GPIOPinTypeTimer) refers to gpio.o(i.GPIODirModeSet) for GPIODirModeSet
    gpio.o(i.GPIOPinTypeTimer) refers to gpio.o(i.GPIOPadConfigSet) for GPIOPadConfigSet
    gpio.o(i.GPIOPinTypeTrace) refers to gpio.o(i.GPIODirModeSet) for GPIODirModeSet
    gpio.o(i.GPIOPinTypeTrace) refers to gpio.o(i.GPIOPadConfigSet) for GPIOPadConfigSet
    gpio.o(i.GPIOPinTypeUART) refers to gpio.o(i.GPIODirModeSet) for GPIODirModeSet
    gpio.o(i.GPIOPinTypeUART) refers to gpio.o(i.GPIOPadConfigSet) for GPIOPadConfigSet
    gpio.o(i.GPIOPinTypeUSBAnalog) refers to gpio.o(i.GPIODirModeSet) for GPIODirModeSet
    gpio.o(i.GPIOPinTypeUSBAnalog) refers to gpio.o(i.GPIOPadConfigSet) for GPIOPadConfigSet
    gpio.o(i.GPIOPinTypeUSBDigital) refers to gpio.o(i.GPIODirModeSet) for GPIODirModeSet
    gpio.o(i.GPIOPinTypeUSBDigital) refers to gpio.o(i.GPIOPadConfigSet) for GPIOPadConfigSet
    gpio.o(i.GPIOPinTypeWakeHigh) refers to gpio.o(i.GPIODirModeSet) for GPIODirModeSet
    gpio.o(i.GPIOPinTypeWakeHigh) refers to gpio.o(i.GPIOPadConfigSet) for GPIOPadConfigSet
    gpio.o(i.GPIOPinTypeWakeLow) refers to gpio.o(i.GPIODirModeSet) for GPIODirModeSet
    gpio.o(i.GPIOPinTypeWakeLow) refers to gpio.o(i.GPIOPadConfigSet) for GPIOPadConfigSet
    gpio.o(i._GPIOIntNumberGet) refers to gpio.o(.constdata) for .constdata
    interrupt.o(i.IntDisable) refers to interrupt.o(.constdata) for .constdata
    interrupt.o(i.IntEnable) refers to interrupt.o(.constdata) for .constdata
    interrupt.o(i.IntIsEnabled) refers to interrupt.o(.constdata) for .constdata
    interrupt.o(i.IntMasterDisable) refers to cpu.o(.emb_text) for CPUcpsid
    interrupt.o(i.IntMasterEnable) refers to cpu.o(.emb_text) for CPUcpsie
    interrupt.o(i.IntPendClear) refers to interrupt.o(.constdata) for .constdata
    interrupt.o(i.IntPendSet) refers to interrupt.o(.constdata) for .constdata
    interrupt.o(i.IntPriorityGet) refers to interrupt.o(.constdata) for .constdata
    interrupt.o(i.IntPriorityGroupingGet) refers to interrupt.o(.constdata) for .constdata
    interrupt.o(i.IntPriorityGroupingSet) refers to interrupt.o(.constdata) for .constdata
    interrupt.o(i.IntPriorityMaskGet) refers to cpu.o(.emb_text) for CPUbasepriGet
    interrupt.o(i.IntPriorityMaskSet) refers to cpu.o(.emb_text) for CPUbasepriSet
    interrupt.o(i.IntPrioritySet) refers to interrupt.o(.constdata) for .constdata
    interrupt.o(i.IntRegister) refers to interrupt.o(vtable) for vtable
    interrupt.o(i.IntUnregister) refers to interrupt.o(i._IntDefaultHandler) for _IntDefaultHandler
    interrupt.o(i.IntUnregister) refers to interrupt.o(vtable) for vtable
    sysctl.o(i.SysCtlClockFreqSet) refers to sysctl.o(.constdata) for .constdata
    sysctl.o(i.SysCtlClockGet) refers to sysctl.o(.constdata) for .constdata
    sysctl.o(i.SysCtlClockSet) refers to sysctl.o(.emb_text) for SysCtlDelay
    sysctl.o(i.SysCtlDeepSleep) refers to cpu.o(.emb_text) for CPUwfi
    sysctl.o(i.SysCtlIntRegister) refers to interrupt.o(i.IntRegister) for IntRegister
    sysctl.o(i.SysCtlIntRegister) refers to interrupt.o(i.IntEnable) for IntEnable
    sysctl.o(i.SysCtlIntUnregister) refers to interrupt.o(i.IntDisable) for IntDisable
    sysctl.o(i.SysCtlIntUnregister) refers to interrupt.o(i.IntUnregister) for IntUnregister
    sysctl.o(i.SysCtlSleep) refers to cpu.o(.emb_text) for CPUwfi
    sysctl.o(i.SysCtlVCOGet) refers to sysctl.o(.constdata) for .constdata
    timer.o(i.TimerIntRegister) refers to interrupt.o(i.IntRegister) for IntRegister
    timer.o(i.TimerIntRegister) refers to interrupt.o(i.IntEnable) for IntEnable
    timer.o(i.TimerIntRegister) refers to timer.o(.constdata) for .constdata
    timer.o(i.TimerIntUnregister) refers to interrupt.o(i.IntDisable) for IntDisable
    timer.o(i.TimerIntUnregister) refers to interrupt.o(i.IntUnregister) for IntUnregister
    timer.o(i.TimerIntUnregister) refers to timer.o(.constdata) for .constdata
    uart.o(i.UARTIntRegister) refers to interrupt.o(i.IntRegister) for IntRegister
    uart.o(i.UARTIntRegister) refers to interrupt.o(i.IntEnable) for IntEnable
    uart.o(i.UARTIntRegister) refers to uart.o(.constdata) for .constdata
    uart.o(i.UARTIntUnregister) refers to interrupt.o(i.IntDisable) for IntDisable
    uart.o(i.UARTIntUnregister) refers to interrupt.o(i.IntUnregister) for IntUnregister
    uart.o(i.UARTIntUnregister) refers to uart.o(.constdata) for .constdata
    cos.o(i.__hardfp_cos) refers (Special) to iusefp.o(.text) for __I$use$fp
    cos.o(i.__hardfp_cos) refers to errno.o(i.__set_errno) for __set_errno
    cos.o(i.__hardfp_cos) refers to ddiv.o(.text) for __aeabi_ddiv
    cos.o(i.__hardfp_cos) refers to dadd.o(.text) for __aeabi_dadd
    cos.o(i.__hardfp_cos) refers to rred.o(i.__ieee754_rem_pio2) for __ieee754_rem_pio2
    cos.o(i.__hardfp_cos) refers to sin_i.o(i.__kernel_sin) for __kernel_sin
    cos.o(i.__hardfp_cos) refers to cos_i.o(i.__kernel_cos) for __kernel_cos
    cos.o(i.__softfp_cos) refers (Special) to iusefp.o(.text) for __I$use$fp
    cos.o(i.__softfp_cos) refers to cos.o(i.__hardfp_cos) for __hardfp_cos
    cos.o(i.cos) refers (Special) to iusefp.o(.text) for __I$use$fp
    cos.o(i.cos) refers to cos.o(i.__hardfp_cos) for __hardfp_cos
    cos_x.o(i.____hardfp_cos$lsc) refers (Special) to iusefp.o(.text) for __I$use$fp
    cos_x.o(i.____hardfp_cos$lsc) refers to errno.o(i.__set_errno) for __set_errno
    cos_x.o(i.____hardfp_cos$lsc) refers to dadd.o(.text) for __aeabi_dadd
    cos_x.o(i.____hardfp_cos$lsc) refers to rred.o(i.__ieee754_rem_pio2) for __ieee754_rem_pio2
    cos_x.o(i.____hardfp_cos$lsc) refers to sin_i.o(i.__kernel_sin) for __kernel_sin
    cos_x.o(i.____hardfp_cos$lsc) refers to cos_i.o(i.__kernel_cos) for __kernel_cos
    cos_x.o(i.____softfp_cos$lsc) refers (Special) to iusefp.o(.text) for __I$use$fp
    cos_x.o(i.____softfp_cos$lsc) refers to cos_x.o(i.____hardfp_cos$lsc) for ____hardfp_cos$lsc
    cos_x.o(i.__cos$lsc) refers (Special) to iusefp.o(.text) for __I$use$fp
    cos_x.o(i.__cos$lsc) refers to cos_x.o(i.____hardfp_cos$lsc) for ____hardfp_cos$lsc
    sin.o(i.__hardfp_sin) refers (Special) to iusefp.o(.text) for __I$use$fp
    sin.o(i.__hardfp_sin) refers to errno.o(i.__set_errno) for __set_errno
    sin.o(i.__hardfp_sin) refers to ddiv.o(.text) for __aeabi_ddiv
    sin.o(i.__hardfp_sin) refers to dadd.o(.text) for __aeabi_dadd
    sin.o(i.__hardfp_sin) refers to rred.o(i.__ieee754_rem_pio2) for __ieee754_rem_pio2
    sin.o(i.__hardfp_sin) refers to cos_i.o(i.__kernel_cos) for __kernel_cos
    sin.o(i.__hardfp_sin) refers to sin_i.o(i.__kernel_sin) for __kernel_sin
    sin.o(i.__softfp_sin) refers (Special) to iusefp.o(.text) for __I$use$fp
    sin.o(i.__softfp_sin) refers to sin.o(i.__hardfp_sin) for __hardfp_sin
    sin.o(i.sin) refers (Special) to iusefp.o(.text) for __I$use$fp
    sin.o(i.sin) refers to sin.o(i.__hardfp_sin) for __hardfp_sin
    sin_x.o(i.____hardfp_sin$lsc) refers (Special) to iusefp.o(.text) for __I$use$fp
    sin_x.o(i.____hardfp_sin$lsc) refers to errno.o(i.__set_errno) for __set_errno
    sin_x.o(i.____hardfp_sin$lsc) refers to dadd.o(.text) for __aeabi_dadd
    sin_x.o(i.____hardfp_sin$lsc) refers to rred.o(i.__ieee754_rem_pio2) for __ieee754_rem_pio2
    sin_x.o(i.____hardfp_sin$lsc) refers to cos_i.o(i.__kernel_cos) for __kernel_cos
    sin_x.o(i.____hardfp_sin$lsc) refers to sin_i.o(i.__kernel_sin) for __kernel_sin
    sin_x.o(i.____softfp_sin$lsc) refers (Special) to iusefp.o(.text) for __I$use$fp
    sin_x.o(i.____softfp_sin$lsc) refers to sin_x.o(i.____hardfp_sin$lsc) for ____hardfp_sin$lsc
    sin_x.o(i.__sin$lsc) refers (Special) to iusefp.o(.text) for __I$use$fp
    sin_x.o(i.__sin$lsc) refers to sin_x.o(i.____hardfp_sin$lsc) for ____hardfp_sin$lsc
    entry.o(.ARM.Collect$$$$00000000) refers (Special) to entry10a.o(.ARM.Collect$$$$0000000D) for __rt_final_cpp
    entry.o(.ARM.Collect$$$$00000000) refers (Special) to entry11a.o(.ARM.Collect$$$$0000000F) for __rt_final_exit
    entry.o(.ARM.Collect$$$$00000000) refers (Special) to entry7b.o(.ARM.Collect$$$$00000008) for _main_clock
    entry.o(.ARM.Collect$$$$00000000) refers (Special) to entry8b.o(.ARM.Collect$$$$0000000A) for _main_cpp_init
    entry.o(.ARM.Collect$$$$00000000) refers (Special) to entry9a.o(.ARM.Collect$$$$0000000B) for _main_init
    entry.o(.ARM.Collect$$$$00000000) refers (Special) to entry5.o(.ARM.Collect$$$$00000004) for _main_scatterload
    entry.o(.ARM.Collect$$$$00000000) refers (Special) to entry2.o(.ARM.Collect$$$$00000001) for _main_stk
    dadd.o(.text) refers (Special) to iusefp.o(.text) for __I$use$fp
    dadd.o(.text) refers to llshl.o(.text) for __aeabi_llsl
    dadd.o(.text) refers to llsshr.o(.text) for __aeabi_lasr
    dadd.o(.text) refers to depilogue.o(.text) for _double_epilogue
    dmul.o(.text) refers (Special) to iusefp.o(.text) for __I$use$fp
    dmul.o(.text) refers to depilogue.o(.text) for _double_epilogue
    ddiv.o(.text) refers (Special) to iusefp.o(.text) for __I$use$fp
    ddiv.o(.text) refers to depilogue.o(.text) for _double_round
    dflti.o(.text) refers (Special) to iusefp.o(.text) for __I$use$fp
    dflti.o(.text) refers to depilogue.o(.text) for _double_epilogue
    f2d.o(.text) refers (Special) to iusefp.o(.text) for __I$use$fp
    cdcmple.o(.text) refers (Special) to iusefp.o(.text) for __I$use$fp
    cdrcmple.o(.text) refers (Special) to iusefp.o(.text) for __I$use$fp
    d2f.o(.text) refers (Special) to iusefp.o(.text) for __I$use$fp
    d2f.o(.text) refers to fepilogue.o(.text) for _float_round
    cos_i.o(i.__kernel_cos) refers (Special) to iusefp.o(.text) for __I$use$fp
    cos_i.o(i.__kernel_cos) refers to dfixi.o(.text) for __aeabi_d2iz
    cos_i.o(i.__kernel_cos) refers to dmul.o(.text) for __aeabi_dmul
    cos_i.o(i.__kernel_cos) refers to poly.o(i.__kernel_poly) for __kernel_poly
    cos_i.o(i.__kernel_cos) refers to dadd.o(.text) for __aeabi_dsub
    cos_i.o(i.__kernel_cos) refers to cos_i.o(.constdata) for .constdata
    cos_i.o(.constdata) refers (Special) to iusefp.o(.text) for __I$use$fp
    rred.o(i.__ieee754_rem_pio2) refers (Special) to iusefp.o(.text) for __I$use$fp
    rred.o(i.__ieee754_rem_pio2) refers to dadd.o(.text) for __aeabi_dsub
    rred.o(i.__ieee754_rem_pio2) refers to fabs.o(i.fabs) for fabs
    rred.o(i.__ieee754_rem_pio2) refers to dmul.o(.text) for __aeabi_dmul
    rred.o(i.__ieee754_rem_pio2) refers to dfixi.o(.text) for __aeabi_d2iz
    rred.o(i.__ieee754_rem_pio2) refers to dflti.o(.text) for __aeabi_i2d
    rred.o(i.__ieee754_rem_pio2) refers to dfltui.o(.text) for __aeabi_ui2d
    rred.o(i.__ieee754_rem_pio2) refers to rred.o(.constdata) for .constdata
    rred.o(i.__use_accurate_range_reduction) refers (Special) to iusefp.o(.text) for __I$use$fp
    rred.o(.constdata) refers (Special) to iusefp.o(.text) for __I$use$fp
    sin_i.o(i.__kernel_sin) refers (Special) to iusefp.o(.text) for __I$use$fp
    sin_i.o(i.__kernel_sin) refers to fpclassify.o(i.__ARM_fpclassify) for __ARM_fpclassify
    sin_i.o(i.__kernel_sin) refers to dunder.o(i.__mathlib_dbl_underflow) for __mathlib_dbl_underflow
    sin_i.o(i.__kernel_sin) refers to dmul.o(.text) for __aeabi_dmul
    sin_i.o(i.__kernel_sin) refers to poly.o(i.__kernel_poly) for __kernel_poly
    sin_i.o(i.__kernel_sin) refers to dadd.o(.text) for __aeabi_dsub
    sin_i.o(i.__kernel_sin) refers to sin_i.o(.constdata) for .constdata
    sin_i.o(.constdata) refers (Special) to iusefp.o(.text) for __I$use$fp
    sin_i_x.o(i.____kernel_sin$lsc) refers (Special) to iusefp.o(.text) for __I$use$fp
    sin_i_x.o(i.____kernel_sin$lsc) refers to dmul.o(.text) for __aeabi_dmul
    sin_i_x.o(i.____kernel_sin$lsc) refers to poly.o(i.__kernel_poly) for __kernel_poly
    sin_i_x.o(i.____kernel_sin$lsc) refers to dadd.o(.text) for __aeabi_dsub
    sin_i_x.o(i.____kernel_sin$lsc) refers to sin_i_x.o(.constdata) for .constdata
    sin_i_x.o(.constdata) refers (Special) to iusefp.o(.text) for __I$use$fp
    entry2.o(.ARM.Collect$$$$00000001) refers to entry2.o(.ARM.Collect$$$$00002712) for __lit__00000000
    entry2.o(.ARM.Collect$$$$00002712) refers to startup_rvmdk.o(STACK) for __initial_sp
    entry2.o(__vectab_stack_and_reset_area) refers to startup_rvmdk.o(STACK) for __initial_sp
    entry2.o(__vectab_stack_and_reset_area) refers to entry.o(.ARM.Collect$$$$00000000) for __main
    entry5.o(.ARM.Collect$$$$00000004) refers to init.o(.text) for __scatterload
    entry9a.o(.ARM.Collect$$$$0000000B) refers to main.o(i.main) for main
    entry9b.o(.ARM.Collect$$$$0000000C) refers to main.o(i.main) for main
    errno.o(i.__aeabi_errno_addr) refers to errno.o(.data) for .data
    errno.o(i.__read_errno) refers to errno.o(.data) for .data
    errno.o(i.__set_errno) refers to errno.o(.data) for .data
    depilogue.o(.text) refers to llshl.o(.text) for __aeabi_llsl
    depilogue.o(.text) refers to llushr.o(.text) for __aeabi_llsr
    dunder.o(i.__mathlib_dbl_underflow) refers to dmul.o(.text) for __aeabi_dmul
    fabs.o(i.__hardfp_fabs) refers (Special) to iusefp.o(.text) for __I$use$fp
    fabs.o(i.__softfp_fabs) refers (Special) to iusefp.o(.text) for __I$use$fp
    fabs.o(i.fabs) refers (Special) to iusefp.o(.text) for __I$use$fp
    fpclassify.o(i.__ARM_fpclassify) refers (Special) to iusefp.o(.text) for __I$use$fp
    poly.o(i.__kernel_poly) refers (Special) to iusefp.o(.text) for __I$use$fp
    poly.o(i.__kernel_poly) refers to dmul.o(.text) for __aeabi_dmul
    poly.o(i.__kernel_poly) refers to dadd.o(.text) for __aeabi_dadd
    init.o(.text) refers to entry5.o(.ARM.Collect$$$$00000004) for __main_after_scatterload
    dfltui.o(.text) refers to depilogue.o(.text) for _double_epilogue
    dfixi.o(.text) refers to llushr.o(.text) for __aeabi_llsr


==============================================================================

Removing Unused input sections from the image.

    Removing startup_rvmdk.o(HEAP), (0 bytes).
    Removing startup_rvmdk.o(.text), (0 bytes).
    Removing uartstdio.o(i.UARTgetc), (24 bytes).
    Removing uartstdio.o(i.UARTgets), (156 bytes).
    Removing ustdlib.o(i.ucmptime), (162 bytes).
    Removing ustdlib.o(i.ulocaltime), (172 bytes).
    Removing ustdlib.o(i.umktime), (84 bytes).
    Removing ustdlib.o(i.urand), (36 bytes).
    Removing ustdlib.o(i.usnprintf), (38 bytes).
    Removing ustdlib.o(i.usprintf), (38 bytes).
    Removing ustdlib.o(i.usrand), (12 bytes).
    Removing ustdlib.o(i.ustrcasecmp), (20 bytes).
    Removing ustdlib.o(i.ustrcmp), (20 bytes).
    Removing ustdlib.o(i.ustrlen), (16 bytes).
    Removing ustdlib.o(i.ustrncasecmp), (94 bytes).
    Removing ustdlib.o(i.ustrncmp), (58 bytes).
    Removing ustdlib.o(i.ustrncpy), (42 bytes).
    Removing ustdlib.o(i.ustrstr), (44 bytes).
    Removing ustdlib.o(i.ustrtof), (512 bytes).
    Removing ustdlib.o(i.ustrtoul), (212 bytes).
    Removing ustdlib.o(i.uvsnprintf), (708 bytes).
    Removing ustdlib.o(.constdata), (76 bytes).
    Removing ustdlib.o(.conststring), (17 bytes).
    Removing ustdlib.o(.data), (4 bytes).
    Removing adc_task.o(i.ADC_Print), (2 bytes).
    Removing adc_task.o(i.ADC_PrintJSON), (2 bytes).
    Removing adc_task.o(i.clearAdcData), (12 bytes).
    Removing adc_task.o(i.one_step_newton_raphson_sqrt), (144 bytes).
    Removing adc_task.o(i.setAdcData), (14 bytes).
    Removing pll.o(i.PLLTask), (24 bytes).
    Removing adc.o(i.ADCBusy), (8 bytes).
    Removing adc.o(i.ADCClockConfigGet), (32 bytes).
    Removing adc.o(i.ADCComparatorConfigure), (10 bytes).
    Removing adc.o(i.ADCComparatorIntClear), (4 bytes).
    Removing adc.o(i.ADCComparatorIntDisable), (18 bytes).
    Removing adc.o(i.ADCComparatorIntEnable), (16 bytes).
    Removing adc.o(i.ADCComparatorIntStatus), (4 bytes).
    Removing adc.o(i.ADCComparatorRegionSet), (14 bytes).
    Removing adc.o(i.ADCComparatorReset), (40 bytes).
    Removing adc.o(i.ADCHardwareOversampleConfigure), (18 bytes).
    Removing adc.o(i.ADCIntClearEx), (4 bytes).
    Removing adc.o(i.ADCIntDisable), (16 bytes).
    Removing adc.o(i.ADCIntDisableEx), (10 bytes).
    Removing adc.o(i.ADCIntEnableEx), (8 bytes).
    Removing adc.o(i.ADCIntStatus), (52 bytes).
    Removing adc.o(i.ADCIntStatusEx), (22 bytes).
    Removing adc.o(i.ADCIntUnregister), (108 bytes).
    Removing adc.o(i.ADCPhaseDelayGet), (4 bytes).
    Removing adc.o(i.ADCPhaseDelaySet), (4 bytes).
    Removing adc.o(i.ADCProcessorTrigger), (26 bytes).
    Removing adc.o(i.ADCReferenceGet), (8 bytes).
    Removing adc.o(i.ADCReferenceSet), (12 bytes).
    Removing adc.o(i.ADCSequenceDMADisable), (18 bytes).
    Removing adc.o(i.ADCSequenceDMAEnable), (16 bytes).
    Removing adc.o(i.ADCSequenceOverflow), (12 bytes).
    Removing adc.o(i.ADCSequenceOverflowClear), (10 bytes).
    Removing adc.o(i.ADCSequenceUnderflow), (12 bytes).
    Removing adc.o(i.ADCSequenceUnderflowClear), (10 bytes).
    Removing adc.o(i.ADCSoftwareOversampleConfigure), (44 bytes).
    Removing adc.o(i.ADCSoftwareOversampleDataGet), (88 bytes).
    Removing adc.o(i.ADCSoftwareOversampleStepConfigure), (168 bytes).
    Removing adc.o(.data), (6 bytes).
    Removing gpio.o(i.GPIOADCTriggerDisable), (14 bytes).
    Removing gpio.o(i.GPIOADCTriggerEnable), (12 bytes).
    Removing gpio.o(i.GPIODMATriggerDisable), (14 bytes).
    Removing gpio.o(i.GPIODMATriggerEnable), (12 bytes).
    Removing gpio.o(i.GPIODirModeGet), (34 bytes).
    Removing gpio.o(i.GPIOIntClear), (6 bytes).
    Removing gpio.o(i.GPIOIntDisable), (14 bytes).
    Removing gpio.o(i.GPIOIntEnable), (12 bytes).
    Removing gpio.o(i.GPIOIntRegister), (26 bytes).
    Removing gpio.o(i.GPIOIntRegisterPin), (30 bytes).
    Removing gpio.o(i.GPIOIntStatus), (14 bytes).
    Removing gpio.o(i.GPIOIntTypeGet), (68 bytes).
    Removing gpio.o(i.GPIOIntTypeSet), (80 bytes).
    Removing gpio.o(i.GPIOIntUnregister), (22 bytes).
    Removing gpio.o(i.GPIOIntUnregisterPin), (26 bytes).
    Removing gpio.o(i.GPIOPadConfigGet), (204 bytes).
    Removing gpio.o(i.GPIOPinConfigure), (68 bytes).
    Removing gpio.o(i.GPIOPinRead), (6 bytes).
    Removing gpio.o(i.GPIOPinTypeCAN), (28 bytes).
    Removing gpio.o(i.GPIOPinTypeComparator), (28 bytes).
    Removing gpio.o(i.GPIOPinTypeComparatorOutput), (28 bytes).
    Removing gpio.o(i.GPIOPinTypeDIVSCLK), (28 bytes).
    Removing gpio.o(i.GPIOPinTypeEPI), (28 bytes).
    Removing gpio.o(i.GPIOPinTypeEthernetLED), (28 bytes).
    Removing gpio.o(i.GPIOPinTypeEthernetMII), (28 bytes).
    Removing gpio.o(i.GPIOPinTypeGPIOInput), (28 bytes).
    Removing gpio.o(i.GPIOPinTypeGPIOOutputOD), (28 bytes).
    Removing gpio.o(i.GPIOPinTypeHibernateRTCCLK), (28 bytes).
    Removing gpio.o(i.GPIOPinTypeI2C), (28 bytes).
    Removing gpio.o(i.GPIOPinTypeI2CSCL), (28 bytes).
    Removing gpio.o(i.GPIOPinTypeLCD), (28 bytes).
    Removing gpio.o(i.GPIOPinTypeOneWire), (28 bytes).
    Removing gpio.o(i.GPIOPinTypePWM), (28 bytes).
    Removing gpio.o(i.GPIOPinTypeQEI), (28 bytes).
    Removing gpio.o(i.GPIOPinTypeSSI), (28 bytes).
    Removing gpio.o(i.GPIOPinTypeTimer), (28 bytes).
    Removing gpio.o(i.GPIOPinTypeTrace), (28 bytes).
    Removing gpio.o(i.GPIOPinTypeUART), (28 bytes).
    Removing gpio.o(i.GPIOPinTypeUSBAnalog), (28 bytes).
    Removing gpio.o(i.GPIOPinTypeUSBDigital), (28 bytes).
    Removing gpio.o(i.GPIOPinTypeWakeHigh), (30 bytes).
    Removing gpio.o(i.GPIOPinTypeWakeLow), (30 bytes).
    Removing gpio.o(i.GPIOPinWakeStatus), (6 bytes).
    Removing gpio.o(i._GPIOIntNumberGet), (80 bytes).
    Removing gpio.o(.constdata), (552 bytes).
    Removing interrupt.o(i.IntIsEnabled), (96 bytes).
    Removing interrupt.o(i.IntMasterDisable), (14 bytes).
    Removing interrupt.o(i.IntMasterEnable), (14 bytes).
    Removing interrupt.o(i.IntPendClear), (68 bytes).
    Removing interrupt.o(i.IntPriorityGet), (28 bytes).
    Removing interrupt.o(i.IntPriorityGroupingGet), (36 bytes).
    Removing interrupt.o(i.IntPriorityGroupingSet), (28 bytes).
    Removing interrupt.o(i.IntPriorityMaskGet), (4 bytes).
    Removing interrupt.o(i.IntPriorityMaskSet), (4 bytes).
    Removing interrupt.o(i.IntTrigger), (12 bytes).
    Removing interrupt.o(i.IntUnregister), (20 bytes).
    Removing interrupt.o(i._IntDefaultHandler), (2 bytes).
    Removing sysctl.o(.emb_text), (6 bytes).
    Removing sysctl.o(i.SysCtlAltClkConfig), (12 bytes).
    Removing sysctl.o(i.SysCtlClockFreqSet), (740 bytes).
    Removing sysctl.o(i.SysCtlClockOutConfig), (20 bytes).
    Removing sysctl.o(i.SysCtlClockSet), (288 bytes).
    Removing sysctl.o(i.SysCtlDeepSleep), (32 bytes).
    Removing sysctl.o(i.SysCtlDeepSleepClockConfigSet), (112 bytes).
    Removing sysctl.o(i.SysCtlDeepSleepClockSet), (12 bytes).
    Removing sysctl.o(i.SysCtlDeepSleepPowerSet), (12 bytes).
    Removing sysctl.o(i.SysCtlFlashSectorSizeGet), (56 bytes).
    Removing sysctl.o(i.SysCtlFlashSizeGet), (56 bytes).
    Removing sysctl.o(i.SysCtlGPIOAHBDisable), (28 bytes).
    Removing sysctl.o(i.SysCtlGPIOAHBEnable), (24 bytes).
    Removing sysctl.o(i.SysCtlIntClear), (12 bytes).
    Removing sysctl.o(i.SysCtlIntDisable), (16 bytes).
    Removing sysctl.o(i.SysCtlIntEnable), (16 bytes).
    Removing sysctl.o(i.SysCtlIntRegister), (20 bytes).
    Removing sysctl.o(i.SysCtlIntStatus), (16 bytes).
    Removing sysctl.o(i.SysCtlIntUnregister), (18 bytes).
    Removing sysctl.o(i.SysCtlLDODeepSleepGet), (12 bytes).
    Removing sysctl.o(i.SysCtlLDODeepSleepSet), (12 bytes).
    Removing sysctl.o(i.SysCtlLDOSleepGet), (12 bytes).
    Removing sysctl.o(i.SysCtlLDOSleepSet), (12 bytes).
    Removing sysctl.o(i.SysCtlMOSCConfigSet), (12 bytes).
    Removing sysctl.o(i.SysCtlNMIClear), (16 bytes).
    Removing sysctl.o(i.SysCtlNMIStatus), (12 bytes).
    Removing sysctl.o(i.SysCtlPIOSCCalibrate), (76 bytes).
    Removing sysctl.o(i.SysCtlPWMClockGet), (24 bytes).
    Removing sysctl.o(i.SysCtlPWMClockSet), (20 bytes).
    Removing sysctl.o(i.SysCtlPeripheralClockGating), (68 bytes).
    Removing sysctl.o(i.SysCtlPeripheralDeepSleepDisable), (40 bytes).
    Removing sysctl.o(i.SysCtlPeripheralDeepSleepEnable), (40 bytes).
    Removing sysctl.o(i.SysCtlPeripheralDisable), (40 bytes).
    Removing sysctl.o(i.SysCtlPeripheralPowerOff), (40 bytes).
    Removing sysctl.o(i.SysCtlPeripheralPowerOn), (40 bytes).
    Removing sysctl.o(i.SysCtlPeripheralPresent), (44 bytes).
    Removing sysctl.o(i.SysCtlPeripheralReady), (44 bytes).
    Removing sysctl.o(i.SysCtlPeripheralReset), (60 bytes).
    Removing sysctl.o(i.SysCtlPeripheralSleepDisable), (40 bytes).
    Removing sysctl.o(i.SysCtlPeripheralSleepEnable), (40 bytes).
    Removing sysctl.o(i.SysCtlReset), (16 bytes).
    Removing sysctl.o(i.SysCtlResetBehaviorGet), (12 bytes).
    Removing sysctl.o(i.SysCtlResetBehaviorSet), (12 bytes).
    Removing sysctl.o(i.SysCtlResetCauseClear), (16 bytes).
    Removing sysctl.o(i.SysCtlResetCauseGet), (12 bytes).
    Removing sysctl.o(i.SysCtlSRAMSizeGet), (16 bytes).
    Removing sysctl.o(i.SysCtlSleep), (4 bytes).
    Removing sysctl.o(i.SysCtlSleepPowerSet), (12 bytes).
    Removing sysctl.o(i.SysCtlUSBPLLDisable), (16 bytes).
    Removing sysctl.o(i.SysCtlUSBPLLEnable), (16 bytes).
    Removing sysctl.o(i.SysCtlVCOGet), (120 bytes).
    Removing sysctl.o(i.SysCtlVoltageEventClear), (16 bytes).
    Removing sysctl.o(i.SysCtlVoltageEventConfig), (12 bytes).
    Removing sysctl.o(i.SysCtlVoltageEventStatus), (12 bytes).
    Removing timer.o(i.TimerADCEventGet), (4 bytes).
    Removing timer.o(i.TimerADCEventSet), (4 bytes).
    Removing timer.o(i.TimerClockSourceGet), (6 bytes).
    Removing timer.o(i.TimerClockSourceSet), (6 bytes).
    Removing timer.o(i.TimerControlEvent), (18 bytes).
    Removing timer.o(i.TimerControlLevel), (22 bytes).
    Removing timer.o(i.TimerControlStall), (22 bytes).
    Removing timer.o(i.TimerControlWaitOnTrigger), (48 bytes).
    Removing timer.o(i.TimerDMAEventGet), (4 bytes).
    Removing timer.o(i.TimerDMAEventSet), (4 bytes).
    Removing timer.o(i.TimerIntStatus), (10 bytes).
    Removing timer.o(i.TimerIntUnregister), (104 bytes).
    Removing timer.o(i.TimerLoadGet), (10 bytes).
    Removing timer.o(i.TimerLoadGet64), (14 bytes).
    Removing timer.o(i.TimerLoadSet64), (6 bytes).
    Removing timer.o(i.TimerMatchGet), (10 bytes).
    Removing timer.o(i.TimerMatchGet64), (14 bytes).
    Removing timer.o(i.TimerMatchSet), (18 bytes).
    Removing timer.o(i.TimerMatchSet64), (6 bytes).
    Removing timer.o(i.TimerPrescaleGet), (10 bytes).
    Removing timer.o(i.TimerPrescaleMatchGet), (10 bytes).
    Removing timer.o(i.TimerPrescaleMatchSet), (18 bytes).
    Removing timer.o(i.TimerPrescaleSet), (18 bytes).
    Removing timer.o(i.TimerRTCDisable), (10 bytes).
    Removing timer.o(i.TimerRTCEnable), (10 bytes).
    Removing timer.o(i.TimerSynchronize), (4 bytes).
    Removing timer.o(i.TimerUpdateMode), (42 bytes).
    Removing timer.o(i.TimerValueGet), (10 bytes).
    Removing timer.o(i.TimerValueGet64), (14 bytes).
    Removing uart.o(i.UART9BitAddrSend), (38 bytes).
    Removing uart.o(i.UART9BitAddrSet), (10 bytes).
    Removing uart.o(i.UART9BitDisable), (14 bytes).
    Removing uart.o(i.UART9BitEnable), (14 bytes).
    Removing uart.o(i.UARTBreakCtl), (18 bytes).
    Removing uart.o(i.UARTBusy), (8 bytes).
    Removing uart.o(i.UARTCharGet), (12 bytes).
    Removing uart.o(i.UARTCharGetNonBlocking), (16 bytes).
    Removing uart.o(i.UARTCharPut), (12 bytes).
    Removing uart.o(i.UARTCharPutNonBlocking), (16 bytes).
    Removing uart.o(i.UARTCharsAvail), (10 bytes).
    Removing uart.o(i.UARTClockSourceGet), (6 bytes).
    Removing uart.o(i.UARTConfigGetExpClk), (46 bytes).
    Removing uart.o(i.UARTConfigSetExpClk), (110 bytes).
    Removing uart.o(i.UARTDMADisable), (10 bytes).
    Removing uart.o(i.UARTDMAEnable), (8 bytes).
    Removing uart.o(i.UARTDisable), (30 bytes).
    Removing uart.o(i.UARTDisableSIR), (10 bytes).
    Removing uart.o(i.UARTEnable), (20 bytes).
    Removing uart.o(i.UARTEnableSIR), (18 bytes).
    Removing uart.o(i.UARTFIFODisable), (10 bytes).
    Removing uart.o(i.UARTFIFOEnable), (10 bytes).
    Removing uart.o(i.UARTFIFOLevelGet), (16 bytes).
    Removing uart.o(i.UARTFIFOLevelSet), (6 bytes).
    Removing uart.o(i.UARTFlowControlGet), (8 bytes).
    Removing uart.o(i.UARTFlowControlSet), (12 bytes).
    Removing uart.o(i.UARTIntClear), (4 bytes).
    Removing uart.o(i.UARTIntDisable), (10 bytes).
    Removing uart.o(i.UARTIntEnable), (8 bytes).
    Removing uart.o(i.UARTIntRegister), (88 bytes).
    Removing uart.o(i.UARTIntStatus), (10 bytes).
    Removing uart.o(i.UARTIntUnregister), (88 bytes).
    Removing uart.o(i.UARTLoopbackEnable), (10 bytes).
    Removing uart.o(i.UARTModemControlClear), (14 bytes).
    Removing uart.o(i.UARTModemControlGet), (8 bytes).
    Removing uart.o(i.UARTModemControlSet), (12 bytes).
    Removing uart.o(i.UARTModemStatusGet), (10 bytes).
    Removing uart.o(i.UARTParityModeGet), (8 bytes).
    Removing uart.o(i.UARTParityModeSet), (12 bytes).
    Removing uart.o(i.UARTRxErrorClear), (6 bytes).
    Removing uart.o(i.UARTRxErrorGet), (8 bytes).
    Removing uart.o(i.UARTSmartCardDisable), (10 bytes).
    Removing uart.o(i.UARTSmartCardEnable), (22 bytes).
    Removing uart.o(i.UARTSpaceAvail), (10 bytes).
    Removing uart.o(i.UARTTxIntModeGet), (8 bytes).
    Removing uart.o(i.UARTTxIntModeSet), (12 bytes).
    Removing uart.o(.constdata), (128 bytes).
    Removing cpu.o(.emb_text), (38 bytes).
    Removing cdcmple.o(.text), (40 bytes).
    Removing dneg.o(.text), (6 bytes).

252 unused section(s) (total 9893 bytes) removed from the image.

==============================================================================

Image Symbol Table

    Local Symbols

    Symbol Name                              Value     Ov Type        Size  Object(Section)

    RESET                                    0x00000000   Section      648  startup_rvmdk.o(RESET)
    ../clib/../cmprslib/zerorunl2.c          0x00000000   Number         0  __dczerorl2.o ABSOLUTE
    ../clib/microlib/errno.c                 0x00000000   Number         0  errno.o ABSOLUTE
    ../clib/microlib/init/entry.s            0x00000000   Number         0  entry7b.o ABSOLUTE
    ../clib/microlib/init/entry.s            0x00000000   Number         0  entry11a.o ABSOLUTE
    ../clib/microlib/init/entry.s            0x00000000   Number         0  entry10b.o ABSOLUTE
    ../clib/microlib/init/entry.s            0x00000000   Number         0  entry10a.o ABSOLUTE
    ../clib/microlib/init/entry.s            0x00000000   Number         0  entry9b.o ABSOLUTE
    ../clib/microlib/init/entry.s            0x00000000   Number         0  entry9a.o ABSOLUTE
    ../clib/microlib/init/entry.s            0x00000000   Number         0  entry8b.o ABSOLUTE
    ../clib/microlib/init/entry.s            0x00000000   Number         0  entry8a.o ABSOLUTE
    ../clib/microlib/init/entry.s            0x00000000   Number         0  entry7a.o ABSOLUTE
    ../clib/microlib/init/entry.s            0x00000000   Number         0  entry5.o ABSOLUTE
    ../clib/microlib/init/entry.s            0x00000000   Number         0  entry2.o ABSOLUTE
    ../clib/microlib/init/entry.s            0x00000000   Number         0  entry.o ABSOLUTE
    ../clib/microlib/init/entry.s            0x00000000   Number         0  entry11b.o ABSOLUTE
    ../clib/microlib/longlong.c              0x00000000   Number         0  llshl.o ABSOLUTE
    ../clib/microlib/longlong.c              0x00000000   Number         0  llsshr.o ABSOLUTE
    ../clib/microlib/longlong.c              0x00000000   Number         0  llushr.o ABSOLUTE
    ../clib/microlib/stubs.s                 0x00000000   Number         0  iusefp.o ABSOLUTE
    ../fplib/microlib/d2f.c                  0x00000000   Number         0  d2f.o ABSOLUTE
    ../fplib/microlib/f2d.c                  0x00000000   Number         0  f2d.o ABSOLUTE
    ../fplib/microlib/fpadd.c                0x00000000   Number         0  dadd.o ABSOLUTE
    ../fplib/microlib/fpdiv.c                0x00000000   Number         0  ddiv.o ABSOLUTE
    ../fplib/microlib/fpepilogue.c           0x00000000   Number         0  fepilogue.o ABSOLUTE
    ../fplib/microlib/fpepilogue.c           0x00000000   Number         0  depilogue.o ABSOLUTE
    ../fplib/microlib/fpfix.c                0x00000000   Number         0  dfixi.o ABSOLUTE
    ../fplib/microlib/fpflt.c                0x00000000   Number         0  dflti.o ABSOLUTE
    ../fplib/microlib/fpflt.c                0x00000000   Number         0  dfltui.o ABSOLUTE
    ../fplib/microlib/fpmul.c                0x00000000   Number         0  dmul.o ABSOLUTE
    ../fplib/microlib/fpneg.c                0x00000000   Number         0  dneg.o ABSOLUTE
    ../mathlib/cos.c                         0x00000000   Number         0  cos_x.o ABSOLUTE
    ../mathlib/cos.c                         0x00000000   Number         0  cos.o ABSOLUTE
    ../mathlib/cos_i.c                       0x00000000   Number         0  cos_i.o ABSOLUTE
    ../mathlib/dunder.c                      0x00000000   Number         0  dunder.o ABSOLUTE
    ../mathlib/fabs.c                        0x00000000   Number         0  fabs.o ABSOLUTE
    ../mathlib/fpclassify.c                  0x00000000   Number         0  fpclassify.o ABSOLUTE
    ../mathlib/poly.c                        0x00000000   Number         0  poly.o ABSOLUTE
    ../mathlib/rred.c                        0x00000000   Number         0  rred.o ABSOLUTE
    ../mathlib/sin.c                         0x00000000   Number         0  sin.o ABSOLUTE
    ../mathlib/sin.c                         0x00000000   Number         0  sin_x.o ABSOLUTE
    ../mathlib/sin_i.c                       0x00000000   Number         0  sin_i.o ABSOLUTE
    ../mathlib/sin_i.c                       0x00000000   Number         0  sin_i_x.o ABSOLUTE
    ..\utils\uartstdio.c                     0x00000000   Number         0  uartstdio.o ABSOLUTE
    ..\utils\ustdlib.c                       0x00000000   Number         0  ustdlib.o ABSOLUTE
    PLL.c                                    0x00000000   Number         0  pll.o ABSOLUTE
    adc.c                                    0x00000000   Number         0  adc.o ABSOLUTE
    adc_task.c                               0x00000000   Number         0  adc_task.o ABSOLUTE
    cdcmple.s                                0x00000000   Number         0  cdcmple.o ABSOLUTE
    cdrcmple.s                               0x00000000   Number         0  cdrcmple.o ABSOLUTE
    cpu.c                                    0x00000000   Number         0  cpu.o ABSOLUTE
    cpu.c                                    0x00000000   Number         0  cpu.o ABSOLUTE
    dc.s                                     0x00000000   Number         0  dc.o ABSOLUTE
    gpio.c                                   0x00000000   Number         0  gpio.o ABSOLUTE
    gpio_task.c                              0x00000000   Number         0  gpio_task.o ABSOLUTE
    handlers.s                               0x00000000   Number         0  handlers.o ABSOLUTE
    init.s                                   0x00000000   Number         0  init.o ABSOLUTE
    interrupt.c                              0x00000000   Number         0  interrupt.o ABSOLUTE
    main.c                                   0x00000000   Number         0  main.o ABSOLUTE
    startup_rvmdk.S                          0x00000000   Number         0  startup_rvmdk.o ABSOLUTE
    sysctl.c                                 0x00000000   Number         0  sysctl.o ABSOLUTE
    sysctl.c                                 0x00000000   Number         0  sysctl.o ABSOLUTE
    timer.c                                  0x00000000   Number         0  timer.o ABSOLUTE
    uart.c                                   0x00000000   Number         0  uart.o ABSOLUTE
    $v0                                      0x0000026c   Number         0  startup_rvmdk.o(RESET)
    NmiSR                                    0x00000281   Thumb Code     0  startup_rvmdk.o(RESET)
    FaultISR                                 0x00000283   Thumb Code     0  startup_rvmdk.o(RESET)
    IntDefaultHandler                        0x00000285   Thumb Code     0  startup_rvmdk.o(RESET)
    .ARM.Collect$$$$00000000                 0x00000288   Section        0  entry.o(.ARM.Collect$$$$00000000)
    .ARM.Collect$$$$00000001                 0x00000288   Section        4  entry2.o(.ARM.Collect$$$$00000001)
    .ARM.Collect$$$$00000004                 0x0000028c   Section        4  entry5.o(.ARM.Collect$$$$00000004)
    .ARM.Collect$$$$00000008                 0x00000290   Section        0  entry7b.o(.ARM.Collect$$$$00000008)
    .ARM.Collect$$$$0000000A                 0x00000290   Section        0  entry8b.o(.ARM.Collect$$$$0000000A)
    .ARM.Collect$$$$0000000B                 0x00000290   Section        8  entry9a.o(.ARM.Collect$$$$0000000B)
    .ARM.Collect$$$$0000000D                 0x00000298   Section        0  entry10a.o(.ARM.Collect$$$$0000000D)
    .ARM.Collect$$$$0000000F                 0x00000298   Section        0  entry11a.o(.ARM.Collect$$$$0000000F)
    .ARM.Collect$$$$00002712                 0x00000298   Section        4  entry2.o(.ARM.Collect$$$$00002712)
    __lit__00000000                          0x00000298   Data           4  entry2.o(.ARM.Collect$$$$00002712)
    .text                                    0x0000029c   Section        0  dadd.o(.text)
    .text                                    0x000003ea   Section        0  dmul.o(.text)
    .text                                    0x000004ce   Section        0  ddiv.o(.text)
    .text                                    0x000005ac   Section        0  dflti.o(.text)
    .text                                    0x000005ce   Section        0  f2d.o(.text)
    .text                                    0x000005f4   Section       40  cdrcmple.o(.text)
    .text                                    0x0000061c   Section        0  d2f.o(.text)
    .text                                    0x00000654   Section        0  llshl.o(.text)
    .text                                    0x00000672   Section        0  llsshr.o(.text)
    .text                                    0x00000696   Section        0  iusefp.o(.text)
    .text                                    0x00000696   Section        0  fepilogue.o(.text)
    .text                                    0x00000702   Section        0  depilogue.o(.text)
    .text                                    0x000007c0   Section       36  init.o(.text)
    .text                                    0x000007e4   Section        0  llushr.o(.text)
    .text                                    0x00000804   Section        0  dfltui.o(.text)
    .text                                    0x0000081e   Section        0  dfixi.o(.text)
    .text                                    0x0000085c   Section        0  __dczerorl2.o(.text)
    i.ADC0Seq2_Handler                       0x000008b8   Section        0  adc_task.o(i.ADC0Seq2_Handler)
    i.ADCClockConfigSet                      0x000009c8   Section        0  adc.o(i.ADCClockConfigSet)
    i.ADCIntClear                            0x000009e4   Section        0  adc.o(i.ADCIntClear)
    i.ADCIntEnable                           0x000009ee   Section        0  adc.o(i.ADCIntEnable)
    i.ADCIntRegister                         0x00000a00   Section        0  adc.o(i.ADCIntRegister)
    i.ADCSequenceConfigure                   0x00000a68   Section        0  adc.o(i.ADCSequenceConfigure)
    i.ADCSequenceDataGet                     0x00000ac8   Section        0  adc.o(i.ADCSequenceDataGet)
    i.ADCSequenceDisable                     0x00000aec   Section        0  adc.o(i.ADCSequenceDisable)
    i.ADCSequenceEnable                      0x00000afc   Section        0  adc.o(i.ADCSequenceEnable)
    i.ADCSequenceStepConfigure               0x00000b0a   Section        0  adc.o(i.ADCSequenceStepConfigure)
    i.ADCTask                                0x00000ba4   Section        0  adc_task.o(i.ADCTask)
    i.ADCTaskInit                            0x00000c48   Section        0  adc_task.o(i.ADCTaskInit)
    i.ConfigureUART                          0x00000d44   Section        0  main.o(i.ConfigureUART)
    i.GPIODirModeSet                         0x00000db0   Section        0  gpio.o(i.GPIODirModeSet)
    i.GPIOPadConfigSet                       0x00000dd8   Section        0  gpio.o(i.GPIOPadConfigSet)
    i.GPIOPinTypeADC                         0x00000f10   Section        0  gpio.o(i.GPIOPinTypeADC)
    i.GPIOPinTypeGPIOOutput                  0x00000f2c   Section        0  gpio.o(i.GPIOPinTypeGPIOOutput)
    i.GPIOPinWrite                           0x00000f48   Section        0  gpio.o(i.GPIOPinWrite)
    i.GPIOTask                               0x00000f50   Section        0  gpio_task.o(i.GPIOTask)
    i.GPIOTaskInit                           0x00000f9c   Section        0  gpio_task.o(i.GPIOTaskInit)
    i.GPIO_PB2_SET_HIGH                      0x00000fe4   Section        0  gpio_task.o(i.GPIO_PB2_SET_HIGH)
    i.GPIO_PB2_SET_LOW                       0x00000ff8   Section        0  gpio_task.o(i.GPIO_PB2_SET_LOW)
    i.IntDisable                             0x0000100c   Section        0  interrupt.o(i.IntDisable)
    i.IntEnable                              0x00001070   Section        0  interrupt.o(i.IntEnable)
    i.IntPendSet                             0x000010d4   Section        0  interrupt.o(i.IntPendSet)
    i.IntPrioritySet                         0x00001128   Section        0  interrupt.o(i.IntPrioritySet)
    i.IntRegister                            0x00001150   Section        0  interrupt.o(i.IntRegister)
    i.PLLCoeffUpdate                         0x00001184   Section        0  pll.o(i.PLLCoeffUpdate)
    i.PLLRun                                 0x00001484   Section        0  pll.o(i.PLLRun)
    PLLRun                                   0x00001485   Thumb Code   660  pll.o(i.PLLRun)
    i.PLLTaskInit                            0x00001728   Section        0  pll.o(i.PLLTaskInit)
    i.Producer                               0x00001820   Section        0  main.o(i.Producer)
    i.SysCtlClockGet                         0x00001824   Section        0  sysctl.o(i.SysCtlClockGet)
    i.SysCtlPeripheralEnable                 0x00001978   Section        0  sysctl.o(i.SysCtlPeripheralEnable)
    i.Timer1AIntHandler                      0x000019a0   Section        0  gpio_task.o(i.Timer1AIntHandler)
    i.Timer2AIntHandler                      0x00001a70   Section        0  pll.o(i.Timer2AIntHandler)
    i.TimerConfigure                         0x00001aa4   Section        0  timer.o(i.TimerConfigure)
    i.TimerControlTrigger                    0x00001b04   Section        0  timer.o(i.TimerControlTrigger)
    i.TimerDisable                           0x00001b54   Section        0  timer.o(i.TimerDisable)
    i.TimerEnable                            0x00001b64   Section        0  timer.o(i.TimerEnable)
    i.TimerIntClear                          0x00001b72   Section        0  timer.o(i.TimerIntClear)
    i.TimerIntDisable                        0x00001b76   Section        0  timer.o(i.TimerIntDisable)
    i.TimerIntEnable                         0x00001b80   Section        0  timer.o(i.TimerIntEnable)
    i.TimerIntRegister                       0x00001b88   Section        0  timer.o(i.TimerIntRegister)
    i.TimerLoadSet                           0x00001bf0   Section        0  timer.o(i.TimerLoadSet)
    i.UARTClockSourceSet                     0x00001c02   Section        0  uart.o(i.UARTClockSourceSet)
    i.UARTStdioConfig                        0x00001c08   Section        0  uartstdio.o(i.UARTStdioConfig)
    i.UARTprintf                             0x00001c74   Section        0  uartstdio.o(i.UARTprintf)
    i.UARTvprintf                            0x00001c90   Section        0  uartstdio.o(i.UARTvprintf)
    i.UARTwrite                              0x00001ee0   Section        0  uartstdio.o(i.UARTwrite)
    i.__ARM_fpclassify                       0x00001f20   Section        0  fpclassify.o(i.__ARM_fpclassify)
    i.__hardfp_cos                           0x00001f50   Section        0  cos.o(i.__hardfp_cos)
    i.__hardfp_sin                           0x00002028   Section        0  sin.o(i.__hardfp_sin)
    i.__ieee754_rem_pio2                     0x00002100   Section        0  rred.o(i.__ieee754_rem_pio2)
    i.__kernel_cos                           0x00002558   Section        0  cos_i.o(i.__kernel_cos)
    i.__kernel_poly                          0x000026c8   Section        0  poly.o(i.__kernel_poly)
    i.__kernel_sin                           0x000027c0   Section        0  sin_i.o(i.__kernel_sin)
    i.__mathlib_dbl_underflow                0x000028f0   Section        0  dunder.o(i.__mathlib_dbl_underflow)
    i.__scatterload_copy                     0x00002910   Section       14  handlers.o(i.__scatterload_copy)
    i.__scatterload_null                     0x0000291e   Section        2  handlers.o(i.__scatterload_null)
    i.__scatterload_zeroinit                 0x00002920   Section       14  handlers.o(i.__scatterload_zeroinit)
    i.__set_errno                            0x00002930   Section        0  errno.o(i.__set_errno)
    i.configureTimer1A                       0x0000293c   Section        0  gpio_task.o(i.configureTimer1A)
    i.configureTimer2A                       0x000029a4   Section        0  pll.o(i.configureTimer2A)
    i.fabs                                   0x000029f4   Section        0  fabs.o(i.fabs)
    i.main                                   0x00002a14   Section        0  main.o(i.main)
    i.sqrt                                   0x00002aa8   Section        0  adc_task.o(i.sqrt)
    .constdata                               0x00002ae0   Section       28  uartstdio.o(.constdata)
    g_pcHex                                  0x00002ae0   Data           4  uartstdio.o(.constdata)
    g_ui32UARTBase                           0x00002ae4   Data          12  uartstdio.o(.constdata)
    g_ui32UARTPeriph                         0x00002af0   Data          12  uartstdio.o(.constdata)
    .constdata                               0x00002afc   Section      268  interrupt.o(.constdata)
    g_pui32Priority                          0x00002afc   Data          32  interrupt.o(.constdata)
    g_pui32Regs                              0x00002b1c   Data         156  interrupt.o(.constdata)
    g_pui32EnRegs                            0x00002bb8   Data          20  interrupt.o(.constdata)
    g_pui32Dii16Regs                         0x00002bcc   Data          20  interrupt.o(.constdata)
    g_pui32PendRegs                          0x00002be0   Data          20  interrupt.o(.constdata)
    g_pui32UnpendRegs                        0x00002bf4   Data          20  interrupt.o(.constdata)
    .constdata                               0x00002c08   Section      596  sysctl.o(.constdata)
    g_pui32VCOFrequencies                    0x00002c08   Data           8  sysctl.o(.constdata)
    g_pui32Xtals                             0x00002c10   Data         108  sysctl.o(.constdata)
    g_pppui32XTALtoVCO                       0x00002c7c   Data         432  sysctl.o(.constdata)
    g_sXTALtoMEMTIM                          0x00002e2c   Data          48  sysctl.o(.constdata)
    .constdata                               0x00002e5c   Section      160  timer.o(.constdata)
    g_ppui32TimerIntMap                      0x00002e5c   Data          96  timer.o(.constdata)
    g_ppui32TimerIntMapSnowflake             0x00002ebc   Data          64  timer.o(.constdata)
    .constdata                               0x00002f00   Section       48  cos_i.o(.constdata)
    C                                        0x00002f00   Data          48  cos_i.o(.constdata)
    .constdata                               0x00002f30   Section      200  rred.o(.constdata)
    pio2s                                    0x00002f30   Data          48  rred.o(.constdata)
    twooverpi                                0x00002f60   Data         152  rred.o(.constdata)
    .constdata                               0x00002ff8   Section       40  sin_i.o(.constdata)
    S                                        0x00002ff8   Data          40  sin_i.o(.constdata)
    .conststring                             0x00003020   Section       17  uartstdio.o(.conststring)
    .data                                    0x20000000   Section        5  uartstdio.o(.data)
    g_ui32Base                               0x20000000   Data           4  uartstdio.o(.data)
    bLastWasCR                               0x20000004   Data           1  uartstdio.o(.data)
    .data                                    0x20000008   Section       40  adc_task.o(.data)
    sum_squares                              0x20000014   Data           4  adc_task.o(.data)
    .data                                    0x20000030   Section      140  gpio_task.o(.data)
    .data                                    0x200000c0   Section        8  pll.o(.data)
    .data                                    0x200000c8   Section        4  errno.o(.data)
    _errno                                   0x200000c8   Data           4  errno.o(.data)
    vtable                                   0x20000400   Section      620  interrupt.o(vtable)
    g_pfnRAMVectors                          0x20000400   Data         620  interrupt.o(vtable)
    .bss                                     0x2000066c   Section       12  main.o(.bss)
    .bss                                     0x20000678   Section     8000  adc_task.o(.bss)
    .bss                                     0x200025b8   Section      140  pll.o(.bss)
    STACK                                    0x20002648   Section      256  startup_rvmdk.o(STACK)
    StackMem                                 0x20002648   Data           0  startup_rvmdk.o(STACK)

    Global Symbols

    Symbol Name                              Value     Ov Type        Size  Object(Section)

    BuildAttributes$$THM_ISAv4$E$P$D$K$B$S$7EM$VFPi3$EXTD16$VFPS$VFMA$PE$A:L22UL41UL21$X:L11$S22US41US21$IEEE1$IW$USESV6$~STKCKD$USESV7$~SHL$OTIME$ROPI$IEEEX$EBA8$MICROLIB$REQ8$PRES8$EABIv2 0x00000000   Number         0  anon$$obj.o ABSOLUTE
    __ARM_use_no_argv                        0x00000000   Number         0  main.o ABSOLUTE
    __Vectors                                0x00000000   Data           0  startup_rvmdk.o(RESET)
    __cpp_initialize__aeabi_                  - Undefined Weak Reference
    __cxa_finalize                            - Undefined Weak Reference
    _clock_init                               - Undefined Weak Reference
    _microlib_exit                            - Undefined Weak Reference
    Reset_Handler                            0x0000026d   Thumb Code     0  startup_rvmdk.o(RESET)
    __main                                   0x00000289   Thumb Code     0  entry.o(.ARM.Collect$$$$00000000)
    _main_stk                                0x00000289   Thumb Code     0  entry2.o(.ARM.Collect$$$$00000001)
    _main_scatterload                        0x0000028d   Thumb Code     0  entry5.o(.ARM.Collect$$$$00000004)
    __main_after_scatterload                 0x00000291   Thumb Code     0  entry5.o(.ARM.Collect$$$$00000004)
    _main_clock                              0x00000291   Thumb Code     0  entry7b.o(.ARM.Collect$$$$00000008)
    _main_cpp_init                           0x00000291   Thumb Code     0  entry8b.o(.ARM.Collect$$$$0000000A)
    _main_init                               0x00000291   Thumb Code     0  entry9a.o(.ARM.Collect$$$$0000000B)
    __rt_final_cpp                           0x00000299   Thumb Code     0  entry10a.o(.ARM.Collect$$$$0000000D)
    __rt_final_exit                          0x00000299   Thumb Code     0  entry11a.o(.ARM.Collect$$$$0000000F)
    __aeabi_dadd                             0x0000029d   Thumb Code   322  dadd.o(.text)
    __aeabi_dsub                             0x000003df   Thumb Code     6  dadd.o(.text)
    __aeabi_drsub                            0x000003e5   Thumb Code     6  dadd.o(.text)
    __aeabi_dmul                             0x000003eb   Thumb Code   228  dmul.o(.text)
    __aeabi_ddiv                             0x000004cf   Thumb Code   222  ddiv.o(.text)
    __aeabi_i2d                              0x000005ad   Thumb Code    34  dflti.o(.text)
    __aeabi_f2d                              0x000005cf   Thumb Code    38  f2d.o(.text)
    __aeabi_cdrcmple                         0x000005f5   Thumb Code    38  cdrcmple.o(.text)
    __aeabi_d2f                              0x0000061d   Thumb Code    56  d2f.o(.text)
    __aeabi_llsl                             0x00000655   Thumb Code    30  llshl.o(.text)
    _ll_shift_l                              0x00000655   Thumb Code     0  llshl.o(.text)
    __aeabi_lasr                             0x00000673   Thumb Code    36  llsshr.o(.text)
    _ll_sshift_r                             0x00000673   Thumb Code     0  llsshr.o(.text)
    __I$use$fp                               0x00000697   Thumb Code     0  iusefp.o(.text)
    _float_round                             0x00000697   Thumb Code    18  fepilogue.o(.text)
    _float_epilogue                          0x000006a9   Thumb Code    90  fepilogue.o(.text)
    _double_round                            0x00000703   Thumb Code    26  depilogue.o(.text)
    _double_epilogue                         0x0000071d   Thumb Code   164  depilogue.o(.text)
    __scatterload                            0x000007c1   Thumb Code    28  init.o(.text)
    __scatterload_rt2                        0x000007c1   Thumb Code     0  init.o(.text)
    __aeabi_llsr                             0x000007e5   Thumb Code    32  llushr.o(.text)
    _ll_ushift_r                             0x000007e5   Thumb Code     0  llushr.o(.text)
    __aeabi_ui2d                             0x00000805   Thumb Code    26  dfltui.o(.text)
    __aeabi_d2iz                             0x0000081f   Thumb Code    62  dfixi.o(.text)
    __decompress                             0x0000085d   Thumb Code     0  __dczerorl2.o(.text)
    __decompress1                            0x0000085d   Thumb Code    92  __dczerorl2.o(.text)
    ADC0Seq2_Handler                         0x000008b9   Thumb Code   226  adc_task.o(i.ADC0Seq2_Handler)
    ADCClockConfigSet                        0x000009c9   Thumb Code    28  adc.o(i.ADCClockConfigSet)
    ADCIntClear                              0x000009e5   Thumb Code    10  adc.o(i.ADCIntClear)
    ADCIntEnable                             0x000009ef   Thumb Code    16  adc.o(i.ADCIntEnable)
    ADCIntRegister                           0x00000a01   Thumb Code    92  adc.o(i.ADCIntRegister)
    ADCSequenceConfigure                     0x00000a69   Thumb Code    96  adc.o(i.ADCSequenceConfigure)
    ADCSequenceDataGet                       0x00000ac9   Thumb Code    36  adc.o(i.ADCSequenceDataGet)
    ADCSequenceDisable                       0x00000aed   Thumb Code    16  adc.o(i.ADCSequenceDisable)
    ADCSequenceEnable                        0x00000afd   Thumb Code    14  adc.o(i.ADCSequenceEnable)
    ADCSequenceStepConfigure                 0x00000b0b   Thumb Code   154  adc.o(i.ADCSequenceStepConfigure)
    ADCTask                                  0x00000ba5   Thumb Code   116  adc_task.o(i.ADCTask)
    ADCTaskInit                              0x00000c49   Thumb Code   224  adc_task.o(i.ADCTaskInit)
    ConfigureUART                            0x00000d45   Thumb Code    90  main.o(i.ConfigureUART)
    GPIODirModeSet                           0x00000db1   Thumb Code    40  gpio.o(i.GPIODirModeSet)
    GPIOPadConfigSet                         0x00000dd9   Thumb Code   312  gpio.o(i.GPIOPadConfigSet)
    GPIOPinTypeADC                           0x00000f11   Thumb Code    28  gpio.o(i.GPIOPinTypeADC)
    GPIOPinTypeGPIOOutput                    0x00000f2d   Thumb Code    28  gpio.o(i.GPIOPinTypeGPIOOutput)
    GPIOPinWrite                             0x00000f49   Thumb Code     6  gpio.o(i.GPIOPinWrite)
    GPIOTask                                 0x00000f51   Thumb Code    62  gpio_task.o(i.GPIOTask)
    GPIOTaskInit                             0x00000f9d   Thumb Code    56  gpio_task.o(i.GPIOTaskInit)
    GPIO_PB2_SET_HIGH                        0x00000fe5   Thumb Code    14  gpio_task.o(i.GPIO_PB2_SET_HIGH)
    GPIO_PB2_SET_LOW                         0x00000ff9   Thumb Code    14  gpio_task.o(i.GPIO_PB2_SET_LOW)
    IntDisable                               0x0000100d   Thumb Code    92  interrupt.o(i.IntDisable)
    IntEnable                                0x00001071   Thumb Code    92  interrupt.o(i.IntEnable)
    IntPendSet                               0x000010d5   Thumb Code    74  interrupt.o(i.IntPendSet)
    IntPrioritySet                           0x00001129   Thumb Code    36  interrupt.o(i.IntPrioritySet)
    IntRegister                              0x00001151   Thumb Code    44  interrupt.o(i.IntRegister)
    PLLCoeffUpdate                           0x00001185   Thumb Code   716  pll.o(i.PLLCoeffUpdate)
    PLLTaskInit                              0x00001729   Thumb Code   234  pll.o(i.PLLTaskInit)
    Producer                                 0x00001821   Thumb Code     2  main.o(i.Producer)
    SysCtlClockGet                           0x00001825   Thumb Code   304  sysctl.o(i.SysCtlClockGet)
    SysCtlPeripheralEnable                   0x00001979   Thumb Code    36  sysctl.o(i.SysCtlPeripheralEnable)
    Timer1AIntHandler                        0x000019a1   Thumb Code   178  gpio_task.o(i.Timer1AIntHandler)
    Timer2AIntHandler                        0x00001a71   Thumb Code    32  pll.o(i.Timer2AIntHandler)
    TimerConfigure                           0x00001aa5   Thumb Code    88  timer.o(i.TimerConfigure)
    TimerControlTrigger                      0x00001b05   Thumb Code    70  timer.o(i.TimerControlTrigger)
    TimerDisable                             0x00001b55   Thumb Code    16  timer.o(i.TimerDisable)
    TimerEnable                              0x00001b65   Thumb Code    14  timer.o(i.TimerEnable)
    TimerIntClear                            0x00001b73   Thumb Code     4  timer.o(i.TimerIntClear)
    TimerIntDisable                          0x00001b77   Thumb Code    10  timer.o(i.TimerIntDisable)
    TimerIntEnable                           0x00001b81   Thumb Code     8  timer.o(i.TimerIntEnable)
    TimerIntRegister                         0x00001b89   Thumb Code    88  timer.o(i.TimerIntRegister)
    TimerLoadSet                             0x00001bf1   Thumb Code    18  timer.o(i.TimerLoadSet)
    UARTClockSourceSet                       0x00001c03   Thumb Code     6  uart.o(i.UARTClockSourceSet)
    UARTStdioConfig                          0x00001c09   Thumb Code    96  uartstdio.o(i.UARTStdioConfig)
    UARTprintf                               0x00001c75   Thumb Code    26  uartstdio.o(i.UARTprintf)
    UARTvprintf                              0x00001c91   Thumb Code   574  uartstdio.o(i.UARTvprintf)
    UARTwrite                                0x00001ee1   Thumb Code    58  uartstdio.o(i.UARTwrite)
    __ARM_fpclassify                         0x00001f21   Thumb Code    48  fpclassify.o(i.__ARM_fpclassify)
    __hardfp_cos                             0x00001f51   Thumb Code   200  cos.o(i.__hardfp_cos)
    __hardfp_sin                             0x00002029   Thumb Code   200  sin.o(i.__hardfp_sin)
    __ieee754_rem_pio2                       0x00002101   Thumb Code   972  rred.o(i.__ieee754_rem_pio2)
    __kernel_cos                             0x00002559   Thumb Code   322  cos_i.o(i.__kernel_cos)
    __kernel_poly                            0x000026c9   Thumb Code   248  poly.o(i.__kernel_poly)
    __kernel_sin                             0x000027c1   Thumb Code   280  sin_i.o(i.__kernel_sin)
    __mathlib_dbl_underflow                  0x000028f1   Thumb Code    24  dunder.o(i.__mathlib_dbl_underflow)
    __scatterload_copy                       0x00002911   Thumb Code    14  handlers.o(i.__scatterload_copy)
    __scatterload_null                       0x0000291f   Thumb Code     2  handlers.o(i.__scatterload_null)
    __scatterload_zeroinit                   0x00002921   Thumb Code    14  handlers.o(i.__scatterload_zeroinit)
    __set_errno                              0x00002931   Thumb Code     6  errno.o(i.__set_errno)
    configureTimer1A                         0x0000293d   Thumb Code    86  gpio_task.o(i.configureTimer1A)
    configureTimer2A                         0x000029a5   Thumb Code    68  pll.o(i.configureTimer2A)
    fabs                                     0x000029f5   Thumb Code    32  fabs.o(i.fabs)
    main                                     0x00002a15   Thumb Code   108  main.o(i.main)
    sqrt                                     0x00002aa9   Thumb Code    50  adc_task.o(i.sqrt)
    Region$$Table$$Base                      0x00003034   Number         0  anon$$obj.o(Region$$Table)
    Region$$Table$$Limit                     0x00003054   Number         0  anon$$obj.o(Region$$Table)
    DataSize                                 0x20000008   Data           2  adc_task.o(.data)
    adc_input_index                          0x2000000a   Data           2  adc_task.o(.data)
    rms                                      0x2000000c   Data           4  adc_task.o(.data)
    rmsFlag                                  0x20000010   Data           2  adc_task.o(.data)
    scbLevelShift                            0x20000018   Data           4  adc_task.o(.data)
    adcCount                                 0x2000001c   Data           4  adc_task.o(.data)
    status                                   0x20000020   Data           4  adc_task.o(.data)
    correctedInput                           0x20000024   Data           4  adc_task.o(.data)
    testing                                  0x20000028   Data           4  adc_task.o(.data)
    ProducerTask                             0x2000002c   Data           4  adc_task.o(.data)
    inputValue                               0x20000030   Data           4  gpio_task.o(.data)
    dcValue                                  0x20000034   Data           2  gpio_task.o(.data)
    sFactor                                  0x20000038   Data           8  gpio_task.o(.data)
    ma                                       0x20000040   Data           8  gpio_task.o(.data)
    counter                                  0x20000048   Data           2  gpio_task.o(.data)
    clockTime                                0x2000004c   Data           4  gpio_task.o(.data)
    sawtooth                                 0x20000050   Data         100  gpio_task.o(.data)
    saw_index                                0x200000b4   Data           4  gpio_task.o(.data)
    cSawtoothValue                           0x200000b8   Data           4  gpio_task.o(.data)
    waveform                                 0x200000c0   Data           8  pll.o(.data)
    lpf_coeff                                0x2000066c   Data          12  main.o(.bss)
    adcRawInput                              0x20000678   Data        8000  adc_task.o(.bss)
    PLLSync                                  0x200025b8   Data         140  pll.o(.bss)
    __initial_sp                             0x20002748   Data           0  startup_rvmdk.o(STACK)



==============================================================================

Memory Map of the image

  Image Entry point : 0x0000026d

  Load Region LR_IROM (Base: 0x00000000, Size: 0x000036c0, Max: 0x00040000, ABSOLUTE, COMPRESSED[0x000030ac])

    Execution Region ER_IROM (Base: 0x00000000, Size: 0x00003054, Max: 0x00040000, ABSOLUTE)

    Base Addr    Size         Type   Attr      Idx    E Section Name        Object

    0x00000000   0x00000288   Code   RO           90  * RESET               startup_rvmdk.o
    0x00000288   0x00000000   Code   RO         2071  * .ARM.Collect$$$$00000000  mc_w.l(entry.o)
    0x00000288   0x00000004   Code   RO         2104    .ARM.Collect$$$$00000001  mc_w.l(entry2.o)
    0x0000028c   0x00000004   Code   RO         2107    .ARM.Collect$$$$00000004  mc_w.l(entry5.o)
    0x00000290   0x00000000   Code   RO         2109    .ARM.Collect$$$$00000008  mc_w.l(entry7b.o)
    0x00000290   0x00000000   Code   RO         2111    .ARM.Collect$$$$0000000A  mc_w.l(entry8b.o)
    0x00000290   0x00000008   Code   RO         2112    .ARM.Collect$$$$0000000B  mc_w.l(entry9a.o)
    0x00000298   0x00000000   Code   RO         2114    .ARM.Collect$$$$0000000D  mc_w.l(entry10a.o)
    0x00000298   0x00000000   Code   RO         2116    .ARM.Collect$$$$0000000F  mc_w.l(entry11a.o)
    0x00000298   0x00000004   Code   RO         2105    .ARM.Collect$$$$00002712  mc_w.l(entry2.o)
    0x0000029c   0x0000014e   Code   RO         2074    .text               mf_w.l(dadd.o)
    0x000003ea   0x000000e4   Code   RO         2076    .text               mf_w.l(dmul.o)
    0x000004ce   0x000000de   Code   RO         2078    .text               mf_w.l(ddiv.o)
    0x000005ac   0x00000022   Code   RO         2080    .text               mf_w.l(dflti.o)
    0x000005ce   0x00000026   Code   RO         2082    .text               mf_w.l(f2d.o)
    0x000005f4   0x00000028   Code   RO         2086    .text               mf_w.l(cdrcmple.o)
    0x0000061c   0x00000038   Code   RO         2088    .text               mf_w.l(d2f.o)
    0x00000654   0x0000001e   Code   RO         2118    .text               mc_w.l(llshl.o)
    0x00000672   0x00000024   Code   RO         2120    .text               mc_w.l(llsshr.o)
    0x00000696   0x00000000   Code   RO         2129    .text               mc_w.l(iusefp.o)
    0x00000696   0x0000006c   Code   RO         2130    .text               mf_w.l(fepilogue.o)
    0x00000702   0x000000be   Code   RO         2132    .text               mf_w.l(depilogue.o)
    0x000007c0   0x00000024   Code   RO         2148    .text               mc_w.l(init.o)
    0x000007e4   0x00000020   Code   RO         2150    .text               mc_w.l(llushr.o)
    0x00000804   0x0000001a   Code   RO         2152    .text               mf_w.l(dfltui.o)
    0x0000081e   0x0000003e   Code   RO         2154    .text               mf_w.l(dfixi.o)
    0x0000085c   0x0000005c   Code   RO         2164    .text               mc_w.l(__dczerorl2.o)
    0x000008b8   0x00000110   Code   RO          273    i.ADC0Seq2_Handler  adc_task.o
    0x000009c8   0x0000001c   Code   RO          453    i.ADCClockConfigSet  driverlib.lib(adc.o)
    0x000009e4   0x0000000a   Code   RO          462    i.ADCIntClear       driverlib.lib(adc.o)
    0x000009ee   0x00000010   Code   RO          466    i.ADCIntEnable      driverlib.lib(adc.o)
    0x000009fe   0x00000002   PAD
    0x00000a00   0x00000068   Code   RO          468    i.ADCIntRegister    driverlib.lib(adc.o)
    0x00000a68   0x00000060   Code   RO          477    i.ADCSequenceConfigure  driverlib.lib(adc.o)
    0x00000ac8   0x00000024   Code   RO          480    i.ADCSequenceDataGet  driverlib.lib(adc.o)
    0x00000aec   0x00000010   Code   RO          481    i.ADCSequenceDisable  driverlib.lib(adc.o)
    0x00000afc   0x0000000e   Code   RO          482    i.ADCSequenceEnable  driverlib.lib(adc.o)
    0x00000b0a   0x0000009a   Code   RO          485    i.ADCSequenceStepConfigure  driverlib.lib(adc.o)
    0x00000ba4   0x000000a4   Code   RO          274    i.ADCTask           adc_task.o
    0x00000c48   0x000000fc   Code   RO          275    i.ADCTaskInit       adc_task.o
    0x00000d44   0x0000006c   Code   RO            1    i.ConfigureUART     main.o
    0x00000db0   0x00000028   Code   RO          734    i.GPIODirModeSet    driverlib.lib(gpio.o)
    0x00000dd8   0x00000138   Code   RO          746    i.GPIOPadConfigSet  driverlib.lib(gpio.o)
    0x00000f10   0x0000001c   Code   RO          749    i.GPIOPinTypeADC    driverlib.lib(gpio.o)
    0x00000f2c   0x0000001c   Code   RO          758    i.GPIOPinTypeGPIOOutput  driverlib.lib(gpio.o)
    0x00000f48   0x00000006   Code   RO          776    i.GPIOPinWrite      driverlib.lib(gpio.o)
    0x00000f4e   0x00000002   PAD
    0x00000f50   0x0000004c   Code   RO          352    i.GPIOTask          gpio_task.o
    0x00000f9c   0x00000048   Code   RO          353    i.GPIOTaskInit      gpio_task.o
    0x00000fe4   0x00000014   Code   RO          354    i.GPIO_PB2_SET_HIGH  gpio_task.o
    0x00000ff8   0x00000014   Code   RO          355    i.GPIO_PB2_SET_LOW  gpio_task.o
    0x0000100c   0x00000064   Code   RO         1036    i.IntDisable        driverlib.lib(interrupt.o)
    0x00001070   0x00000064   Code   RO         1037    i.IntEnable         driverlib.lib(interrupt.o)
    0x000010d4   0x00000054   Code   RO         1042    i.IntPendSet        driverlib.lib(interrupt.o)
    0x00001128   0x00000028   Code   RO         1048    i.IntPrioritySet    driverlib.lib(interrupt.o)
    0x00001150   0x00000034   Code   RO         1049    i.IntRegister       driverlib.lib(interrupt.o)
    0x00001184   0x00000300   Code   RO          398    i.PLLCoeffUpdate    pll.o
    0x00001484   0x000002a4   Code   RO          399    i.PLLRun            pll.o
    0x00001728   0x000000f8   Code   RO          401    i.PLLTaskInit       pll.o
    0x00001820   0x00000002   Code   RO            2    i.Producer          main.o
    0x00001822   0x00000002   PAD
    0x00001824   0x00000154   Code   RO         1155    i.SysCtlClockGet    driverlib.lib(sysctl.o)
    0x00001978   0x00000028   Code   RO         1186    i.SysCtlPeripheralEnable  driverlib.lib(sysctl.o)
    0x000019a0   0x000000d0   Code   RO          356    i.Timer1AIntHandler  gpio_task.o
    0x00001a70   0x00000034   Code   RO          402    i.Timer2AIntHandler  pll.o
    0x00001aa4   0x00000060   Code   RO         1504    i.TimerConfigure    driverlib.lib(timer.o)
    0x00001b04   0x00000050   Code   RO         1508    i.TimerControlTrigger  driverlib.lib(timer.o)
    0x00001b54   0x00000010   Code   RO         1512    i.TimerDisable      driverlib.lib(timer.o)
    0x00001b64   0x0000000e   Code   RO         1513    i.TimerEnable       driverlib.lib(timer.o)
    0x00001b72   0x00000004   Code   RO         1514    i.TimerIntClear     driverlib.lib(timer.o)
    0x00001b76   0x0000000a   Code   RO         1515    i.TimerIntDisable   driverlib.lib(timer.o)
    0x00001b80   0x00000008   Code   RO         1516    i.TimerIntEnable    driverlib.lib(timer.o)
    0x00001b88   0x00000068   Code   RO         1517    i.TimerIntRegister  driverlib.lib(timer.o)
    0x00001bf0   0x00000012   Code   RO         1522    i.TimerLoadSet      driverlib.lib(timer.o)
    0x00001c02   0x00000006   Code   RO         1754    i.UARTClockSourceSet  driverlib.lib(uart.o)
    0x00001c08   0x0000006c   Code   RO           95    i.UARTStdioConfig   uartstdio.o
    0x00001c74   0x0000001a   Code   RO           98    i.UARTprintf        uartstdio.o
    0x00001c8e   0x00000002   PAD
    0x00001c90   0x00000250   Code   RO           99    i.UARTvprintf       uartstdio.o
    0x00001ee0   0x00000040   Code   RO          100    i.UARTwrite         uartstdio.o
    0x00001f20   0x00000030   Code   RO         2144    i.__ARM_fpclassify  m_wm.l(fpclassify.o)
    0x00001f50   0x000000d8   Code   RO         2047    i.__hardfp_cos      m_wm.l(cos.o)
    0x00002028   0x000000d8   Code   RO         2059    i.__hardfp_sin      m_wm.l(sin.o)
    0x00002100   0x00000458   Code   RO         2093    i.__ieee754_rem_pio2  m_wm.l(rred.o)
    0x00002558   0x00000170   Code   RO         2090    i.__kernel_cos      m_wm.l(cos_i.o)
    0x000026c8   0x000000f8   Code   RO         2146    i.__kernel_poly     m_wm.l(poly.o)
    0x000027c0   0x00000130   Code   RO         2098    i.__kernel_sin      m_wm.l(sin_i.o)
    0x000028f0   0x00000020   Code   RO         2136    i.__mathlib_dbl_underflow  m_wm.l(dunder.o)
    0x00002910   0x0000000e   Code   RO         2158    i.__scatterload_copy  mc_w.l(handlers.o)
    0x0000291e   0x00000002   Code   RO         2159    i.__scatterload_null  mc_w.l(handlers.o)
    0x00002920   0x0000000e   Code   RO         2160    i.__scatterload_zeroinit  mc_w.l(handlers.o)
    0x0000292e   0x00000002   PAD
    0x00002930   0x0000000c   Code   RO         2124    i.__set_errno       mc_w.l(errno.o)
    0x0000293c   0x00000068   Code   RO          357    i.configureTimer1A  gpio_task.o
    0x000029a4   0x00000050   Code   RO          403    i.configureTimer2A  pll.o
    0x000029f4   0x00000020   Code   RO         2140    i.fabs              m_wm.l(fabs.o)
    0x00002a14   0x00000094   Code   RO            3    i.main              main.o
    0x00002aa8   0x00000038   Code   RO          281    i.sqrt              adc_task.o
    0x00002ae0   0x0000001c   Data   RO          101    .constdata          uartstdio.o
    0x00002afc   0x0000010c   Data   RO         1053    .constdata          driverlib.lib(interrupt.o)
    0x00002c08   0x00000254   Data   RO         1208    .constdata          driverlib.lib(sysctl.o)
    0x00002e5c   0x000000a0   Data   RO         1538    .constdata          driverlib.lib(timer.o)
    0x00002efc   0x00000004   PAD
    0x00002f00   0x00000030   Data   RO         2091    .constdata          m_wm.l(cos_i.o)
    0x00002f30   0x000000c8   Data   RO         2095    .constdata          m_wm.l(rred.o)
    0x00002ff8   0x00000028   Data   RO         2099    .constdata          m_wm.l(sin_i.o)
    0x00003020   0x00000011   Data   RO          102    .conststring        uartstdio.o
    0x00003031   0x00000003   PAD
    0x00003034   0x00000020   Data   RO         2156    Region$$Table       anon$$obj.o


    Execution Region RW_IRAM (Base: 0x20000000, Size: 0x00002748, Max: 0x00008000, ABSOLUTE, COMPRESSED[0x00000058])

    Base Addr    Size         Type   Attr      Idx    E Section Name        Object

    0x20000000   0x00000005   Data   RW          103    .data               uartstdio.o
    0x20000005   0x00000003   PAD
    0x20000008   0x00000028   Data   RW          283    .data               adc_task.o
    0x20000030   0x0000008c   Data   RW          358    .data               gpio_task.o
    0x200000bc   0x00000004   PAD
    0x200000c0   0x00000008   Data   RW          405    .data               pll.o
    0x200000c8   0x00000004   Data   RW         2125    .data               mc_w.l(errno.o)
    0x200000cc   0x00000334   PAD
    0x20000400   0x0000026c   Data   RW         1054    vtable              driverlib.lib(interrupt.o)
    0x2000066c   0x0000000c   Zero   RW            4    .bss                main.o
    0x20000678   0x00001f40   Zero   RW          282    .bss                adc_task.o
    0x200025b8   0x0000008c   Zero   RW          404    .bss                pll.o
    0x20002644   0x00000004   PAD
    0x20002648   0x00000100   Zero   RW           88    STACK               startup_rvmdk.o


==============================================================================

Image component sizes


      Code (inc. data)   RO Data    RW Data    ZI Data      Debug   Object Name

       744        128          0         40       8000       3992   adc_task.o
       500         90          0        140          0       4494   gpio_task.o
       258         58          0          0         12       8347   main.o
      1824        114          0          8        140       4242   pll.o
       648        622          0          0        256        292   startup_rvmdk.o
       790         36         45          5          0       4840   uartstdio.o

    ----------------------------------------------------------------------
      4768       1048         80        200       8412      26207   Object Totals
         0          0         32          0          0          0   (incl. Generated)
         4          0          3          7          4          0   (incl. Padding)

    ----------------------------------------------------------------------

      Code (inc. data)   RO Data    RW Data    ZI Data      Debug   Library Member Name

       474         12          0          0          0       9250   adc.o
       414          0          0          0          0       3796   gpio.o
       376         38        268        620          0       3817   interrupt.o
       380         40        596          0          0       3150   sysctl.o
       350         34        160          0          0       5949   timer.o
         6          0          0          0          0        497   uart.o
       216         16          0          0          0        152   cos.o
       368         46         48          0          0        200   cos_i.o
        32          8          0          0          0        124   dunder.o
        32          0          0          0          0        124   fabs.o
        48          0          0          0          0        124   fpclassify.o
       248          0          0          0          0        152   poly.o
      1112        140        200          0          0        188   rred.o
       216         16          0          0          0        152   sin.o
       304         24         40          0          0        208   sin_i.o
        92          0          0          0          0          0   __dczerorl2.o
         0          0          0          0          0          0   entry.o
         0          0          0          0          0          0   entry10a.o
         0          0          0          0          0          0   entry11a.o
         8          4          0          0          0          0   entry2.o
         4          0          0          0          0          0   entry5.o
         0          0          0          0          0          0   entry7b.o
         0          0          0          0          0          0   entry8b.o
         8          4          0          0          0          0   entry9a.o
        12          6          0          4          0         68   errno.o
        30          0          0          0          0          0   handlers.o
        36          8          0          0          0         68   init.o
         0          0          0          0          0          0   iusefp.o
        30          0          0          0          0         68   llshl.o
        36          0          0          0          0         68   llsshr.o
        32          0          0          0          0         68   llushr.o
        40          2          0          0          0         68   cdrcmple.o
        56          0          0          0          0         88   d2f.o
       334          0          0          0          0        148   dadd.o
       222          0          0          0          0        100   ddiv.o
       190          0          0          0          0        176   depilogue.o
        62          0          0          0          0         80   dfixi.o
        34          0          0          0          0         76   dflti.o
        26          0          0          0          0         76   dfltui.o
       228          0          0          0          0         96   dmul.o
        38          0          0          0          0         68   f2d.o
       108          0          0          0          0        168   fepilogue.o

    ----------------------------------------------------------------------
      6208        398       1316       1444          0      29367   Library Totals
         6          0          4        820          0          0   (incl. Padding)

    ----------------------------------------------------------------------

      Code (inc. data)   RO Data    RW Data    ZI Data      Debug   Library Name

      2000        124       1024        620          0      26459   driverlib.lib
      2576        250        288          0          0       1424   m_wm.l
       288         22          0          4          0        340   mc_w.l
      1338          2          0          0          0       1144   mf_w.l

    ----------------------------------------------------------------------
      6208        398       1316       1444          0      29367   Library Totals

    ----------------------------------------------------------------------

==============================================================================


      Code (inc. data)   RO Data    RW Data    ZI Data      Debug   

     10976       1446       1396       1644       8412      49198   Grand Totals
     10976       1446       1396         88       8412      49198   ELF Image Totals (compressed)
     10976       1446       1396         88          0          0   ROM Totals

==============================================================================

    Total RO  Size (Code + RO Data)                12372 (  12.08kB)
    Total RW  Size (RW Data + ZI Data)             10056 (   9.82kB)
    Total ROM Size (Code + RO Data + RW Data)      12460 (  12.17kB)

==============================================================================

