ARM Linker, 5.03 [Build 76] [MDK-ARM Lite]

==============================================================================

Section Cross References

    main.o(i.ConfigureUART) refers to uart.o(i.UARTClockSourceSet) for UARTClockSourceSet
    main.o(i.ConfigureUART) refers to uartstdio.o(i.UARTStdioConfig) for UARTStdioConfig
    main.o(i.main) refers to gpio_task.o(i.GPIOTaskInit) for GPIOTaskInit
    main.o(i.main) refers to adc_task.o(i.ADCTaskInit) for ADCTaskInit
    main.o(i.main) refers to pwm_task.o(i.PWMTaskInit) for PWMTaskInit
    main.o(i.main) refers to pll.o(i.PLLTaskInit) for PLLTaskInit
    main.o(i.main) refers to main.o(i.ConfigureUART) for ConfigureUART
    main.o(i.main) refers to uartstdio.o(i.UARTprintf) for UARTprintf
    main.o(i.main) refers to interrupt.o(i.IntEnable) for IntEnable
    main.o(i.main) refers to adc_task.o(i.ADCTask) for ADCTask
    main.o(i.main) refers to main.o(i.Producer) for Producer
    main.o(i.main) refers to main.o(.bss) for lpf_coeff
    main.o(i.main) refers to pll.o(.bss) for PLLSync
    startup_rvmdk.o(RESET) refers to startup_rvmdk.o(STACK) for StackMem
    startup_rvmdk.o(RESET) refers to entry.o(.ARM.Collect$$$$00000000) for __main
    uartstdio.o(i.UARTStdioConfig) refers to uartstdio.o(.constdata) for g_ui32UARTPeriph
    uartstdio.o(i.UARTStdioConfig) refers to uartstdio.o(.data) for g_ui32Base
    uartstdio.o(i.UARTgetc) refers to uartstdio.o(.data) for g_ui32Base
    uartstdio.o(i.UARTgets) refers to uartstdio.o(i.UARTwrite) for UARTwrite
    uartstdio.o(i.UARTgets) refers to uartstdio.o(.data) for g_ui32Base
    uartstdio.o(i.UARTprintf) refers to uartstdio.o(i.UARTvprintf) for UARTvprintf
    uartstdio.o(i.UARTvprintf) refers to uartstdio.o(i.UARTwrite) for UARTwrite
    uartstdio.o(i.UARTvprintf) refers to uartstdio.o(.constdata) for g_pcHex
    uartstdio.o(i.UARTwrite) refers to uartstdio.o(.data) for g_ui32Base
    uartstdio.o(.constdata) refers to uartstdio.o(.conststring) for .conststring
    ustdlib.o(i.ulocaltime) refers to ustdlib.o(.constdata) for g_psDaysToMonth
    ustdlib.o(i.umktime) refers to ustdlib.o(i.ulocaltime) for ulocaltime
    ustdlib.o(i.umktime) refers to ustdlib.o(i.ucmptime) for ucmptime
    ustdlib.o(i.urand) refers to ustdlib.o(.data) for g_iRandomSeed
    ustdlib.o(i.usnprintf) refers to ustdlib.o(i.uvsnprintf) for uvsnprintf
    ustdlib.o(i.usprintf) refers to ustdlib.o(i.uvsnprintf) for uvsnprintf
    ustdlib.o(i.usrand) refers to ustdlib.o(.data) for g_iRandomSeed
    ustdlib.o(i.ustrcasecmp) refers to ustdlib.o(i.ustrncasecmp) for ustrncasecmp
    ustdlib.o(i.ustrcmp) refers to ustdlib.o(i.ustrncmp) for ustrncmp
    ustdlib.o(i.ustrstr) refers to ustdlib.o(i.ustrlen) for ustrlen
    ustdlib.o(i.ustrstr) refers to ustdlib.o(i.ustrncmp) for ustrncmp
    ustdlib.o(i.ustrtof) refers to ustdlib.o(.constdata) for g_pfExponents
    ustdlib.o(i.uvsnprintf) refers to ustdlib.o(i.ustrncpy) for ustrncpy
    ustdlib.o(i.uvsnprintf) refers to ustdlib.o(.constdata) for g_pcHex
    ustdlib.o(.constdata) refers to ustdlib.o(.conststring) for .conststring
    adc_task.o(i.ADC0Seq2_Handler) refers to adc.o(i.ADCIntClear) for ADCIntClear
    adc_task.o(i.ADC0Seq2_Handler) refers to adc.o(i.ADCSequenceDataGet) for ADCSequenceDataGet
    adc_task.o(i.ADC0Seq2_Handler) refers to f2d.o(.text) for __aeabi_f2d
    adc_task.o(i.ADC0Seq2_Handler) refers to dadd.o(.text) for __aeabi_dsub
    adc_task.o(i.ADC0Seq2_Handler) refers to dmul.o(.text) for __aeabi_dmul
    adc_task.o(i.ADC0Seq2_Handler) refers to d2f.o(.text) for __aeabi_d2f
    adc_task.o(i.ADC0Seq2_Handler) refers to pll.o(i.PLLRun) for PLLRun
    adc_task.o(i.ADC0Seq2_Handler) refers to adc_task.o(.bss) for adcRawInput
    adc_task.o(i.ADC0Seq2_Handler) refers to adc_task.o(.data) for adc_input_index
    adc_task.o(i.ADC0Seq2_Handler) refers to pll.o(.bss) for PLLSync
    adc_task.o(i.ADCTask) refers to gpio.o(i.GPIOPinWrite) for GPIOPinWrite
    adc_task.o(i.ADCTask) refers to adc_task.o(i.sqrt) for sqrt
    adc_task.o(i.ADCTask) refers to adc_task.o(.data) for rmsFlag
    adc_task.o(i.ADCTaskInit) refers to sysctl.o(i.SysCtlPeripheralEnable) for SysCtlPeripheralEnable
    adc_task.o(i.ADCTaskInit) refers to gpio.o(i.GPIOPinTypeADC) for GPIOPinTypeADC
    adc_task.o(i.ADCTaskInit) refers to timer.o(i.TimerDisable) for TimerDisable
    adc_task.o(i.ADCTaskInit) refers to timer.o(i.TimerControlTrigger) for TimerControlTrigger
    adc_task.o(i.ADCTaskInit) refers to timer.o(i.TimerConfigure) for TimerConfigure
    adc_task.o(i.ADCTaskInit) refers to sysctl.o(i.SysCtlClockGet) for SysCtlClockGet
    adc_task.o(i.ADCTaskInit) refers to timer.o(i.TimerLoadSet) for TimerLoadSet
    adc_task.o(i.ADCTaskInit) refers to timer.o(i.TimerIntDisable) for TimerIntDisable
    adc_task.o(i.ADCTaskInit) refers to timer.o(i.TimerEnable) for TimerEnable
    adc_task.o(i.ADCTaskInit) refers to adc.o(i.ADCClockConfigSet) for ADCClockConfigSet
    adc_task.o(i.ADCTaskInit) refers to adc.o(i.ADCSequenceDisable) for ADCSequenceDisable
    adc_task.o(i.ADCTaskInit) refers to adc.o(i.ADCSequenceConfigure) for ADCSequenceConfigure
    adc_task.o(i.ADCTaskInit) refers to adc.o(i.ADCSequenceStepConfigure) for ADCSequenceStepConfigure
    adc_task.o(i.ADCTaskInit) refers to adc.o(i.ADCSequenceEnable) for ADCSequenceEnable
    adc_task.o(i.ADCTaskInit) refers to adc.o(i.ADCIntEnable) for ADCIntEnable
    adc_task.o(i.ADCTaskInit) refers to adc.o(i.ADCIntRegister) for ADCIntRegister
    adc_task.o(i.ADCTaskInit) refers to interrupt.o(i.IntPrioritySet) for IntPrioritySet
    adc_task.o(i.ADCTaskInit) refers to interrupt.o(i.IntDisable) for IntDisable
    adc_task.o(i.ADCTaskInit) refers to adc.o(i.ADCIntClear) for ADCIntClear
    adc_task.o(i.ADCTaskInit) refers to adc_task.o(i.ADC0Seq2_Handler) for ADC0Seq2_Handler
    adc_task.o(i.one_step_newton_raphson_sqrt) refers to cdcmple.o(.text) for __aeabi_cdcmple
    adc_task.o(i.one_step_newton_raphson_sqrt) refers to ddiv.o(.text) for __aeabi_ddiv
    adc_task.o(i.one_step_newton_raphson_sqrt) refers to dadd.o(.text) for __aeabi_dadd
    gpio_task.o(i.GPIOTask) refers to dflti.o(.text) for __aeabi_i2d
    gpio_task.o(i.GPIOTask) refers to gpio_task.o(i.GPIO_PB2_SET_HIGH) for GPIO_PB2_SET_HIGH
    gpio_task.o(i.GPIOTask) refers to gpio_task.o(i.GPIO_PB2_SET_LOW) for GPIO_PB2_SET_LOW
    gpio_task.o(i.GPIOTask) refers to gpio_task.o(.data) for counter
    gpio_task.o(i.GPIOTaskInit) refers to sysctl.o(i.SysCtlPeripheralEnable) for SysCtlPeripheralEnable
    gpio_task.o(i.GPIOTaskInit) refers to gpio.o(i.GPIOPinTypeGPIOOutput) for GPIOPinTypeGPIOOutput
    gpio_task.o(i.GPIO_PB2_SET_HIGH) refers to gpio.o(i.GPIOPinWrite) for GPIOPinWrite
    gpio_task.o(i.GPIO_PB2_SET_LOW) refers to gpio.o(i.GPIOPinWrite) for GPIOPinWrite
    pll.o(i.PLLRun) refers to f2d.o(.text) for __aeabi_f2d
    pll.o(i.PLLRun) refers to cdrcmple.o(.text) for __aeabi_cdrcmple
    pll.o(i.PLLRun) refers to cdcmple.o(.text) for __aeabi_cdcmple
    pll.o(i.PLLRun) refers to dadd.o(.text) for __aeabi_drsub
    pll.o(i.PLLRun) refers to d2f.o(.text) for __aeabi_d2f
    pll.o(i.PLLRun) refers to dmul.o(.text) for __aeabi_dmul
    pll.o(i.PLLRun) refers to ceil.o(i.__hardfp_ceil) for __hardfp_ceil
    pll.o(i.PLLRun) refers to dfixi.o(.text) for __aeabi_d2iz
    pll.o(i.PLLRun) refers to pll.o(.constdata) for sineTable
    pll.o(i.PLLRun) refers to pll.o(.data) for new_Mag
    pll.o(i.PLLRun) refers to pwm_task.o(.data) for inputValue
    pll.o(i.PLLTask) refers to uartstdio.o(i.UARTprintf) for UARTprintf
    pll.o(i.PLLTaskInit) refers to dfltui.o(.text) for __aeabi_ui2d
    pll.o(i.PLLTaskInit) refers to dmul.o(.text) for __aeabi_dmul
    pll.o(i.PLLTaskInit) refers to d2f.o(.text) for __aeabi_d2f
    pll.o(i.SPLL_1ph_notch_coeff_update) refers to f2d.o(.text) for __aeabi_f2d
    pll.o(i.SPLL_1ph_notch_coeff_update) refers to dmul.o(.text) for __aeabi_dmul
    pll.o(i.SPLL_1ph_notch_coeff_update) refers to d2f.o(.text) for __aeabi_d2f
    pll.o(i.TIMER0AIntHandler) refers to timer.o(i.TimerIntClear) for TimerIntClear
    pll.o(i.TIMER0AIntHandler) refers to gpio.o(i.GPIOPinWrite) for GPIOPinWrite
    pll.o(i.TIMER0AIntHandler) refers to pll.o(i.PLLRun) for PLLRun
    pll.o(i.TIMER0AIntHandler) refers to pll.o(.bss) for PLLSync
    pll.o(i.configureTIMER0A) refers to sysctl.o(i.SysCtlPeripheralEnable) for SysCtlPeripheralEnable
    pll.o(i.configureTIMER0A) refers to timer.o(i.TimerConfigure) for TimerConfigure
    pll.o(i.configureTIMER0A) refers to sysctl.o(i.SysCtlClockGet) for SysCtlClockGet
    pll.o(i.configureTIMER0A) refers to timer.o(i.TimerLoadSet) for TimerLoadSet
    pll.o(i.configureTIMER0A) refers to timer.o(i.TimerIntRegister) for TimerIntRegister
    pll.o(i.configureTIMER0A) refers to interrupt.o(i.IntPrioritySet) for IntPrioritySet
    pll.o(i.configureTIMER0A) refers to timer.o(i.TimerEnable) for TimerEnable
    pll.o(i.configureTIMER0A) refers to timer.o(i.TimerIntEnable) for TimerIntEnable
    pll.o(i.configureTIMER0A) refers to pll.o(i.TIMER0AIntHandler) for TIMER0AIntHandler
    pwm_task.o(i.PWM0IntHandler) refers to pwm.o(i.PWMGenIntClear) for PWMGenIntClear
    pwm_task.o(i.PWM0IntHandler) refers to pwm.o(i.PWMPulseWidthSet) for PWMPulseWidthSet
    pwm_task.o(i.PWM0IntHandler) refers to pwm_task.o(.data) for inputValue
    pwm_task.o(i.PWM0IntHandler) refers to pwm_task.o(.bss) for pulseWArray
    pwm_task.o(i.PWMTaskInit) refers to sysctl.o(i.SysCtlPWMClockSet) for SysCtlPWMClockSet
    pwm_task.o(i.PWMTaskInit) refers to sysctl.o(i.SysCtlPeripheralEnable) for SysCtlPeripheralEnable
    pwm_task.o(i.PWMTaskInit) refers to gpio.o(i.GPIOPinConfigure) for GPIOPinConfigure
    pwm_task.o(i.PWMTaskInit) refers to gpio.o(i.GPIOPinTypePWM) for GPIOPinTypePWM
    pwm_task.o(i.PWMTaskInit) refers to pwm.o(i.PWMGenConfigure) for PWMGenConfigure
    pwm_task.o(i.PWMTaskInit) refers to pwm.o(i.PWMGenPeriodSet) for PWMGenPeriodSet
    pwm_task.o(i.PWMTaskInit) refers to pwm.o(i.PWMPulseWidthSet) for PWMPulseWidthSet
    pwm_task.o(i.PWMTaskInit) refers to pwm.o(i.PWMOutputState) for PWMOutputState
    pwm_task.o(i.PWMTaskInit) refers to pwm.o(i.PWMGenIntTrigEnable) for PWMGenIntTrigEnable
    pwm_task.o(i.PWMTaskInit) refers to pwm.o(i.PWMGenIntRegister) for PWMGenIntRegister
    pwm_task.o(i.PWMTaskInit) refers to interrupt.o(i.IntPrioritySet) for IntPrioritySet
    pwm_task.o(i.PWMTaskInit) refers to pwm.o(i.PWMIntEnable) for PWMIntEnable
    pwm_task.o(i.PWMTaskInit) refers to pwm.o(i.PWMGenEnable) for PWMGenEnable
    pwm_task.o(i.PWMTaskInit) refers to pwm_task.o(i.PWM0IntHandler) for PWM0IntHandler
    pwm_task.o(i.Timer1AIntHandler) refers to timer.o(i.TimerIntClear) for TimerIntClear
    pwm_task.o(i.configureTimer1A) refers to sysctl.o(i.SysCtlPeripheralEnable) for SysCtlPeripheralEnable
    pwm_task.o(i.configureTimer1A) refers to timer.o(i.TimerConfigure) for TimerConfigure
    pwm_task.o(i.configureTimer1A) refers to timer.o(i.TimerLoadSet) for TimerLoadSet
    pwm_task.o(i.configureTimer1A) refers to timer.o(i.TimerIntRegister) for TimerIntRegister
    pwm_task.o(i.configureTimer1A) refers to interrupt.o(i.IntPrioritySet) for IntPrioritySet
    pwm_task.o(i.configureTimer1A) refers to timer.o(i.TimerEnable) for TimerEnable
    pwm_task.o(i.configureTimer1A) refers to timer.o(i.TimerIntEnable) for TimerIntEnable
    pwm_task.o(i.configureTimer1A) refers to interrupt.o(i.IntDisable) for IntDisable
    pwm_task.o(i.configureTimer1A) refers to timer.o(i.TimerIntClear) for TimerIntClear
    pwm_task.o(i.configureTimer1A) refers to pwm_task.o(i.Timer1AIntHandler) for Timer1AIntHandler
    adc.o(i.ADCIntRegister) refers to interrupt.o(i.IntRegister) for IntRegister
    adc.o(i.ADCIntRegister) refers to interrupt.o(i.IntEnable) for IntEnable
    adc.o(i.ADCIntUnregister) refers to interrupt.o(i.IntDisable) for IntDisable
    adc.o(i.ADCIntUnregister) refers to interrupt.o(i.IntUnregister) for IntUnregister
    adc.o(i.ADCSoftwareOversampleConfigure) refers to adc.o(.data) for .data
    adc.o(i.ADCSoftwareOversampleDataGet) refers to adc.o(.data) for .data
    adc.o(i.ADCSoftwareOversampleStepConfigure) refers to adc.o(.data) for .data
    gpio.o(i.GPIOIntRegister) refers to gpio.o(i._GPIOIntNumberGet) for _GPIOIntNumberGet
    gpio.o(i.GPIOIntRegister) refers to interrupt.o(i.IntRegister) for IntRegister
    gpio.o(i.GPIOIntRegister) refers to interrupt.o(i.IntEnable) for IntEnable
    gpio.o(i.GPIOIntRegisterPin) refers to gpio.o(i._GPIOIntNumberGet) for _GPIOIntNumberGet
    gpio.o(i.GPIOIntRegisterPin) refers to interrupt.o(i.IntRegister) for IntRegister
    gpio.o(i.GPIOIntRegisterPin) refers to interrupt.o(i.IntEnable) for IntEnable
    gpio.o(i.GPIOIntUnregister) refers to gpio.o(i._GPIOIntNumberGet) for _GPIOIntNumberGet
    gpio.o(i.GPIOIntUnregister) refers to interrupt.o(i.IntDisable) for IntDisable
    gpio.o(i.GPIOIntUnregister) refers to interrupt.o(i.IntUnregister) for IntUnregister
    gpio.o(i.GPIOIntUnregisterPin) refers to gpio.o(i._GPIOIntNumberGet) for _GPIOIntNumberGet
    gpio.o(i.GPIOIntUnregisterPin) refers to interrupt.o(i.IntDisable) for IntDisable
    gpio.o(i.GPIOIntUnregisterPin) refers to interrupt.o(i.IntUnregister) for IntUnregister
    gpio.o(i.GPIOPinConfigure) refers to gpio.o(.constdata) for .constdata
    gpio.o(i.GPIOPinTypeADC) refers to gpio.o(i.GPIODirModeSet) for GPIODirModeSet
    gpio.o(i.GPIOPinTypeADC) refers to gpio.o(i.GPIOPadConfigSet) for GPIOPadConfigSet
    gpio.o(i.GPIOPinTypeCAN) refers to gpio.o(i.GPIODirModeSet) for GPIODirModeSet
    gpio.o(i.GPIOPinTypeCAN) refers to gpio.o(i.GPIOPadConfigSet) for GPIOPadConfigSet
    gpio.o(i.GPIOPinTypeComparator) refers to gpio.o(i.GPIODirModeSet) for GPIODirModeSet
    gpio.o(i.GPIOPinTypeComparator) refers to gpio.o(i.GPIOPadConfigSet) for GPIOPadConfigSet
    gpio.o(i.GPIOPinTypeComparatorOutput) refers to gpio.o(i.GPIODirModeSet) for GPIODirModeSet
    gpio.o(i.GPIOPinTypeComparatorOutput) refers to gpio.o(i.GPIOPadConfigSet) for GPIOPadConfigSet
    gpio.o(i.GPIOPinTypeDIVSCLK) refers to gpio.o(i.GPIODirModeSet) for GPIODirModeSet
    gpio.o(i.GPIOPinTypeDIVSCLK) refers to gpio.o(i.GPIOPadConfigSet) for GPIOPadConfigSet
    gpio.o(i.GPIOPinTypeEPI) refers to gpio.o(i.GPIODirModeSet) for GPIODirModeSet
    gpio.o(i.GPIOPinTypeEPI) refers to gpio.o(i.GPIOPadConfigSet) for GPIOPadConfigSet
    gpio.o(i.GPIOPinTypeEthernetLED) refers to gpio.o(i.GPIODirModeSet) for GPIODirModeSet
    gpio.o(i.GPIOPinTypeEthernetLED) refers to gpio.o(i.GPIOPadConfigSet) for GPIOPadConfigSet
    gpio.o(i.GPIOPinTypeEthernetMII) refers to gpio.o(i.GPIODirModeSet) for GPIODirModeSet
    gpio.o(i.GPIOPinTypeEthernetMII) refers to gpio.o(i.GPIOPadConfigSet) for GPIOPadConfigSet
    gpio.o(i.GPIOPinTypeGPIOInput) refers to gpio.o(i.GPIODirModeSet) for GPIODirModeSet
    gpio.o(i.GPIOPinTypeGPIOInput) refers to gpio.o(i.GPIOPadConfigSet) for GPIOPadConfigSet
    gpio.o(i.GPIOPinTypeGPIOOutput) refers to gpio.o(i.GPIOPadConfigSet) for GPIOPadConfigSet
    gpio.o(i.GPIOPinTypeGPIOOutput) refers to gpio.o(i.GPIODirModeSet) for GPIODirModeSet
    gpio.o(i.GPIOPinTypeGPIOOutputOD) refers to gpio.o(i.GPIOPadConfigSet) for GPIOPadConfigSet
    gpio.o(i.GPIOPinTypeGPIOOutputOD) refers to gpio.o(i.GPIODirModeSet) for GPIODirModeSet
    gpio.o(i.GPIOPinTypeHibernateRTCCLK) refers to gpio.o(i.GPIODirModeSet) for GPIODirModeSet
    gpio.o(i.GPIOPinTypeHibernateRTCCLK) refers to gpio.o(i.GPIOPadConfigSet) for GPIOPadConfigSet
    gpio.o(i.GPIOPinTypeI2C) refers to gpio.o(i.GPIODirModeSet) for GPIODirModeSet
    gpio.o(i.GPIOPinTypeI2C) refers to gpio.o(i.GPIOPadConfigSet) for GPIOPadConfigSet
    gpio.o(i.GPIOPinTypeI2CSCL) refers to gpio.o(i.GPIODirModeSet) for GPIODirModeSet
    gpio.o(i.GPIOPinTypeI2CSCL) refers to gpio.o(i.GPIOPadConfigSet) for GPIOPadConfigSet
    gpio.o(i.GPIOPinTypeLCD) refers to gpio.o(i.GPIODirModeSet) for GPIODirModeSet
    gpio.o(i.GPIOPinTypeLCD) refers to gpio.o(i.GPIOPadConfigSet) for GPIOPadConfigSet
    gpio.o(i.GPIOPinTypeOneWire) refers to gpio.o(i.GPIODirModeSet) for GPIODirModeSet
    gpio.o(i.GPIOPinTypeOneWire) refers to gpio.o(i.GPIOPadConfigSet) for GPIOPadConfigSet
    gpio.o(i.GPIOPinTypePWM) refers to gpio.o(i.GPIODirModeSet) for GPIODirModeSet
    gpio.o(i.GPIOPinTypePWM) refers to gpio.o(i.GPIOPadConfigSet) for GPIOPadConfigSet
    gpio.o(i.GPIOPinTypeQEI) refers to gpio.o(i.GPIODirModeSet) for GPIODirModeSet
    gpio.o(i.GPIOPinTypeQEI) refers to gpio.o(i.GPIOPadConfigSet) for GPIOPadConfigSet
    gpio.o(i.GPIOPinTypeSSI) refers to gpio.o(i.GPIODirModeSet) for GPIODirModeSet
    gpio.o(i.GPIOPinTypeSSI) refers to gpio.o(i.GPIOPadConfigSet) for GPIOPadConfigSet
    gpio.o(i.GPIOPinTypeTimer) refers to gpio.o(i.GPIODirModeSet) for GPIODirModeSet
    gpio.o(i.GPIOPinTypeTimer) refers to gpio.o(i.GPIOPadConfigSet) for GPIOPadConfigSet
    gpio.o(i.GPIOPinTypeTrace) refers to gpio.o(i.GPIODirModeSet) for GPIODirModeSet
    gpio.o(i.GPIOPinTypeTrace) refers to gpio.o(i.GPIOPadConfigSet) for GPIOPadConfigSet
    gpio.o(i.GPIOPinTypeUART) refers to gpio.o(i.GPIODirModeSet) for GPIODirModeSet
    gpio.o(i.GPIOPinTypeUART) refers to gpio.o(i.GPIOPadConfigSet) for GPIOPadConfigSet
    gpio.o(i.GPIOPinTypeUSBAnalog) refers to gpio.o(i.GPIODirModeSet) for GPIODirModeSet
    gpio.o(i.GPIOPinTypeUSBAnalog) refers to gpio.o(i.GPIOPadConfigSet) for GPIOPadConfigSet
    gpio.o(i.GPIOPinTypeUSBDigital) refers to gpio.o(i.GPIODirModeSet) for GPIODirModeSet
    gpio.o(i.GPIOPinTypeUSBDigital) refers to gpio.o(i.GPIOPadConfigSet) for GPIOPadConfigSet
    gpio.o(i.GPIOPinTypeWakeHigh) refers to gpio.o(i.GPIODirModeSet) for GPIODirModeSet
    gpio.o(i.GPIOPinTypeWakeHigh) refers to gpio.o(i.GPIOPadConfigSet) for GPIOPadConfigSet
    gpio.o(i.GPIOPinTypeWakeLow) refers to gpio.o(i.GPIODirModeSet) for GPIODirModeSet
    gpio.o(i.GPIOPinTypeWakeLow) refers to gpio.o(i.GPIOPadConfigSet) for GPIOPadConfigSet
    gpio.o(i._GPIOIntNumberGet) refers to gpio.o(.constdata) for .constdata
    interrupt.o(i.IntDisable) refers to interrupt.o(.constdata) for .constdata
    interrupt.o(i.IntEnable) refers to interrupt.o(.constdata) for .constdata
    interrupt.o(i.IntIsEnabled) refers to interrupt.o(.constdata) for .constdata
    interrupt.o(i.IntMasterDisable) refers to cpu.o(.emb_text) for CPUcpsid
    interrupt.o(i.IntMasterEnable) refers to cpu.o(.emb_text) for CPUcpsie
    interrupt.o(i.IntPendClear) refers to interrupt.o(.constdata) for .constdata
    interrupt.o(i.IntPendSet) refers to interrupt.o(.constdata) for .constdata
    interrupt.o(i.IntPriorityGet) refers to interrupt.o(.constdata) for .constdata
    interrupt.o(i.IntPriorityGroupingGet) refers to interrupt.o(.constdata) for .constdata
    interrupt.o(i.IntPriorityGroupingSet) refers to interrupt.o(.constdata) for .constdata
    interrupt.o(i.IntPriorityMaskGet) refers to cpu.o(.emb_text) for CPUbasepriGet
    interrupt.o(i.IntPriorityMaskSet) refers to cpu.o(.emb_text) for CPUbasepriSet
    interrupt.o(i.IntPrioritySet) refers to interrupt.o(.constdata) for .constdata
    interrupt.o(i.IntRegister) refers to interrupt.o(vtable) for vtable
    interrupt.o(i.IntUnregister) refers to interrupt.o(i._IntDefaultHandler) for _IntDefaultHandler
    interrupt.o(i.IntUnregister) refers to interrupt.o(vtable) for vtable
    pwm.o(i.PWMFaultIntRegister) refers to interrupt.o(i.IntRegister) for IntRegister
    pwm.o(i.PWMFaultIntRegister) refers to interrupt.o(i.IntEnable) for IntEnable
    pwm.o(i.PWMFaultIntUnregister) refers to interrupt.o(i.IntDisable) for IntDisable
    pwm.o(i.PWMFaultIntUnregister) refers to interrupt.o(i.IntUnregister) for IntUnregister
    pwm.o(i.PWMGenIntRegister) refers to pwm.o(i._PWMGenIntNumberGet) for _PWMGenIntNumberGet
    pwm.o(i.PWMGenIntRegister) refers to interrupt.o(i.IntRegister) for IntRegister
    pwm.o(i.PWMGenIntRegister) refers to interrupt.o(i.IntEnable) for IntEnable
    pwm.o(i.PWMGenIntUnregister) refers to pwm.o(i._PWMGenIntNumberGet) for _PWMGenIntNumberGet
    pwm.o(i.PWMGenIntUnregister) refers to interrupt.o(i.IntDisable) for IntDisable
    pwm.o(i.PWMGenIntUnregister) refers to interrupt.o(i.IntUnregister) for IntUnregister
    sysctl.o(i.SysCtlClockFreqSet) refers to sysctl.o(.constdata) for .constdata
    sysctl.o(i.SysCtlClockGet) refers to sysctl.o(.constdata) for .constdata
    sysctl.o(i.SysCtlClockSet) refers to sysctl.o(.emb_text) for SysCtlDelay
    sysctl.o(i.SysCtlDeepSleep) refers to cpu.o(.emb_text) for CPUwfi
    sysctl.o(i.SysCtlIntRegister) refers to interrupt.o(i.IntRegister) for IntRegister
    sysctl.o(i.SysCtlIntRegister) refers to interrupt.o(i.IntEnable) for IntEnable
    sysctl.o(i.SysCtlIntUnregister) refers to interrupt.o(i.IntDisable) for IntDisable
    sysctl.o(i.SysCtlIntUnregister) refers to interrupt.o(i.IntUnregister) for IntUnregister
    sysctl.o(i.SysCtlSleep) refers to cpu.o(.emb_text) for CPUwfi
    sysctl.o(i.SysCtlVCOGet) refers to sysctl.o(.constdata) for .constdata
    timer.o(i.TimerIntRegister) refers to interrupt.o(i.IntRegister) for IntRegister
    timer.o(i.TimerIntRegister) refers to interrupt.o(i.IntEnable) for IntEnable
    timer.o(i.TimerIntRegister) refers to timer.o(.constdata) for .constdata
    timer.o(i.TimerIntUnregister) refers to interrupt.o(i.IntDisable) for IntDisable
    timer.o(i.TimerIntUnregister) refers to interrupt.o(i.IntUnregister) for IntUnregister
    timer.o(i.TimerIntUnregister) refers to timer.o(.constdata) for .constdata
    uart.o(i.UARTIntRegister) refers to interrupt.o(i.IntRegister) for IntRegister
    uart.o(i.UARTIntRegister) refers to interrupt.o(i.IntEnable) for IntEnable
    uart.o(i.UARTIntRegister) refers to uart.o(.constdata) for .constdata
    uart.o(i.UARTIntUnregister) refers to interrupt.o(i.IntDisable) for IntDisable
    uart.o(i.UARTIntUnregister) refers to interrupt.o(i.IntUnregister) for IntUnregister
    uart.o(i.UARTIntUnregister) refers to uart.o(.constdata) for .constdata
    ceil.o(i.__hardfp_ceil) refers (Special) to iusefp.o(.text) for __I$use$fp
    ceil.o(i.__hardfp_ceil) refers to dadd.o(.text) for __aeabi_dadd
    ceil.o(i.__hardfp_ceil) refers to cdrcmple.o(.text) for __aeabi_cdrcmple
    ceil.o(i.__softfp_ceil) refers (Special) to iusefp.o(.text) for __I$use$fp
    ceil.o(i.__softfp_ceil) refers to ceil.o(i.__hardfp_ceil) for __hardfp_ceil
    ceil.o(i.ceil) refers (Special) to iusefp.o(.text) for __I$use$fp
    ceil.o(i.ceil) refers to ceil.o(i.__hardfp_ceil) for __hardfp_ceil
    entry.o(.ARM.Collect$$$$00000000) refers (Special) to entry10a.o(.ARM.Collect$$$$0000000D) for __rt_final_cpp
    entry.o(.ARM.Collect$$$$00000000) refers (Special) to entry11a.o(.ARM.Collect$$$$0000000F) for __rt_final_exit
    entry.o(.ARM.Collect$$$$00000000) refers (Special) to entry7b.o(.ARM.Collect$$$$00000008) for _main_clock
    entry.o(.ARM.Collect$$$$00000000) refers (Special) to entry8b.o(.ARM.Collect$$$$0000000A) for _main_cpp_init
    entry.o(.ARM.Collect$$$$00000000) refers (Special) to entry9a.o(.ARM.Collect$$$$0000000B) for _main_init
    entry.o(.ARM.Collect$$$$00000000) refers (Special) to entry5.o(.ARM.Collect$$$$00000004) for _main_scatterload
    entry.o(.ARM.Collect$$$$00000000) refers (Special) to entry2.o(.ARM.Collect$$$$00000001) for _main_stk
    dadd.o(.text) refers (Special) to iusefp.o(.text) for __I$use$fp
    dadd.o(.text) refers to llshl.o(.text) for __aeabi_llsl
    dadd.o(.text) refers to llsshr.o(.text) for __aeabi_lasr
    dadd.o(.text) refers to depilogue.o(.text) for _double_epilogue
    dmul.o(.text) refers (Special) to iusefp.o(.text) for __I$use$fp
    dmul.o(.text) refers to depilogue.o(.text) for _double_epilogue
    ddiv.o(.text) refers (Special) to iusefp.o(.text) for __I$use$fp
    ddiv.o(.text) refers to depilogue.o(.text) for _double_round
    dflti.o(.text) refers (Special) to iusefp.o(.text) for __I$use$fp
    dflti.o(.text) refers to depilogue.o(.text) for _double_epilogue
    dfltui.o(.text) refers (Special) to iusefp.o(.text) for __I$use$fp
    dfltui.o(.text) refers to depilogue.o(.text) for _double_epilogue
    dfixi.o(.text) refers (Special) to iusefp.o(.text) for __I$use$fp
    dfixi.o(.text) refers to llushr.o(.text) for __aeabi_llsr
    f2d.o(.text) refers (Special) to iusefp.o(.text) for __I$use$fp
    cdcmple.o(.text) refers (Special) to iusefp.o(.text) for __I$use$fp
    cdrcmple.o(.text) refers (Special) to iusefp.o(.text) for __I$use$fp
    d2f.o(.text) refers (Special) to iusefp.o(.text) for __I$use$fp
    d2f.o(.text) refers to fepilogue.o(.text) for _float_round
    entry2.o(.ARM.Collect$$$$00000001) refers to entry2.o(.ARM.Collect$$$$00002712) for __lit__00000000
    entry2.o(.ARM.Collect$$$$00002712) refers to startup_rvmdk.o(STACK) for __initial_sp
    entry2.o(__vectab_stack_and_reset_area) refers to startup_rvmdk.o(STACK) for __initial_sp
    entry2.o(__vectab_stack_and_reset_area) refers to entry.o(.ARM.Collect$$$$00000000) for __main
    entry5.o(.ARM.Collect$$$$00000004) refers to init.o(.text) for __scatterload
    entry9a.o(.ARM.Collect$$$$0000000B) refers to main.o(i.main) for main
    entry9b.o(.ARM.Collect$$$$0000000C) refers to main.o(i.main) for main
    depilogue.o(.text) refers to llshl.o(.text) for __aeabi_llsl
    depilogue.o(.text) refers to llushr.o(.text) for __aeabi_llsr
    init.o(.text) refers to entry5.o(.ARM.Collect$$$$00000004) for __main_after_scatterload


==============================================================================

Removing Unused input sections from the image.

    Removing main.o(.constdata), (4096 bytes).
    Removing startup_rvmdk.o(HEAP), (0 bytes).
    Removing startup_rvmdk.o(.text), (0 bytes).
    Removing uartstdio.o(i.UARTgetc), (24 bytes).
    Removing uartstdio.o(i.UARTgets), (156 bytes).
    Removing ustdlib.o(i.ucmptime), (162 bytes).
    Removing ustdlib.o(i.ulocaltime), (172 bytes).
    Removing ustdlib.o(i.umktime), (84 bytes).
    Removing ustdlib.o(i.urand), (36 bytes).
    Removing ustdlib.o(i.usnprintf), (38 bytes).
    Removing ustdlib.o(i.usprintf), (38 bytes).
    Removing ustdlib.o(i.usrand), (12 bytes).
    Removing ustdlib.o(i.ustrcasecmp), (20 bytes).
    Removing ustdlib.o(i.ustrcmp), (20 bytes).
    Removing ustdlib.o(i.ustrlen), (16 bytes).
    Removing ustdlib.o(i.ustrncasecmp), (94 bytes).
    Removing ustdlib.o(i.ustrncmp), (58 bytes).
    Removing ustdlib.o(i.ustrncpy), (42 bytes).
    Removing ustdlib.o(i.ustrstr), (44 bytes).
    Removing ustdlib.o(i.ustrtof), (512 bytes).
    Removing ustdlib.o(i.ustrtoul), (212 bytes).
    Removing ustdlib.o(i.uvsnprintf), (708 bytes).
    Removing ustdlib.o(.constdata), (76 bytes).
    Removing ustdlib.o(.conststring), (17 bytes).
    Removing ustdlib.o(.data), (4 bytes).
    Removing adc_task.o(i.ADC_Print), (2 bytes).
    Removing adc_task.o(i.ADC_PrintJSON), (2 bytes).
    Removing adc_task.o(i.clearAdcData), (12 bytes).
    Removing adc_task.o(i.one_step_newton_raphson_sqrt), (144 bytes).
    Removing adc_task.o(i.setAdcData), (14 bytes).
    Removing adc_task.o(.constdata), (4096 bytes).
    Removing gpio_task.o(i.GPIOTask), (76 bytes).
    Removing gpio_task.o(i.GPIO_PB2_SET_HIGH), (20 bytes).
    Removing gpio_task.o(i.GPIO_PB2_SET_LOW), (20 bytes).
    Removing gpio_task.o(.data), (26 bytes).
    Removing pll.o(i.PLLTask), (24 bytes).
    Removing pll.o(i.SPLL_1ph_notch_coeff_update), (408 bytes).
    Removing pll.o(i.TIMER0AIntHandler), (52 bytes).
    Removing pll.o(i.configureTIMER0A), (88 bytes).
    Removing pwm_task.o(i.PWMTask), (2 bytes).
    Removing pwm_task.o(i.Timer1AIntHandler), (16 bytes).
    Removing pwm_task.o(i.configureTimer1A), (88 bytes).
    Removing adc.o(i.ADCBusy), (8 bytes).
    Removing adc.o(i.ADCClockConfigGet), (32 bytes).
    Removing adc.o(i.ADCComparatorConfigure), (10 bytes).
    Removing adc.o(i.ADCComparatorIntClear), (4 bytes).
    Removing adc.o(i.ADCComparatorIntDisable), (18 bytes).
    Removing adc.o(i.ADCComparatorIntEnable), (16 bytes).
    Removing adc.o(i.ADCComparatorIntStatus), (4 bytes).
    Removing adc.o(i.ADCComparatorRegionSet), (14 bytes).
    Removing adc.o(i.ADCComparatorReset), (40 bytes).
    Removing adc.o(i.ADCHardwareOversampleConfigure), (18 bytes).
    Removing adc.o(i.ADCIntClearEx), (4 bytes).
    Removing adc.o(i.ADCIntDisable), (16 bytes).
    Removing adc.o(i.ADCIntDisableEx), (10 bytes).
    Removing adc.o(i.ADCIntEnableEx), (8 bytes).
    Removing adc.o(i.ADCIntStatus), (52 bytes).
    Removing adc.o(i.ADCIntStatusEx), (22 bytes).
    Removing adc.o(i.ADCIntUnregister), (108 bytes).
    Removing adc.o(i.ADCPhaseDelayGet), (4 bytes).
    Removing adc.o(i.ADCPhaseDelaySet), (4 bytes).
    Removing adc.o(i.ADCProcessorTrigger), (26 bytes).
    Removing adc.o(i.ADCReferenceGet), (8 bytes).
    Removing adc.o(i.ADCReferenceSet), (12 bytes).
    Removing adc.o(i.ADCSequenceDMADisable), (18 bytes).
    Removing adc.o(i.ADCSequenceDMAEnable), (16 bytes).
    Removing adc.o(i.ADCSequenceOverflow), (12 bytes).
    Removing adc.o(i.ADCSequenceOverflowClear), (10 bytes).
    Removing adc.o(i.ADCSequenceUnderflow), (12 bytes).
    Removing adc.o(i.ADCSequenceUnderflowClear), (10 bytes).
    Removing adc.o(i.ADCSoftwareOversampleConfigure), (44 bytes).
    Removing adc.o(i.ADCSoftwareOversampleDataGet), (88 bytes).
    Removing adc.o(i.ADCSoftwareOversampleStepConfigure), (168 bytes).
    Removing adc.o(.data), (6 bytes).
    Removing gpio.o(i.GPIOADCTriggerDisable), (14 bytes).
    Removing gpio.o(i.GPIOADCTriggerEnable), (12 bytes).
    Removing gpio.o(i.GPIODMATriggerDisable), (14 bytes).
    Removing gpio.o(i.GPIODMATriggerEnable), (12 bytes).
    Removing gpio.o(i.GPIODirModeGet), (34 bytes).
    Removing gpio.o(i.GPIOIntClear), (6 bytes).
    Removing gpio.o(i.GPIOIntDisable), (14 bytes).
    Removing gpio.o(i.GPIOIntEnable), (12 bytes).
    Removing gpio.o(i.GPIOIntRegister), (26 bytes).
    Removing gpio.o(i.GPIOIntRegisterPin), (30 bytes).
    Removing gpio.o(i.GPIOIntStatus), (14 bytes).
    Removing gpio.o(i.GPIOIntTypeGet), (68 bytes).
    Removing gpio.o(i.GPIOIntTypeSet), (80 bytes).
    Removing gpio.o(i.GPIOIntUnregister), (22 bytes).
    Removing gpio.o(i.GPIOIntUnregisterPin), (26 bytes).
    Removing gpio.o(i.GPIOPadConfigGet), (204 bytes).
    Removing gpio.o(i.GPIOPinRead), (6 bytes).
    Removing gpio.o(i.GPIOPinTypeCAN), (28 bytes).
    Removing gpio.o(i.GPIOPinTypeComparator), (28 bytes).
    Removing gpio.o(i.GPIOPinTypeComparatorOutput), (28 bytes).
    Removing gpio.o(i.GPIOPinTypeDIVSCLK), (28 bytes).
    Removing gpio.o(i.GPIOPinTypeEPI), (28 bytes).
    Removing gpio.o(i.GPIOPinTypeEthernetLED), (28 bytes).
    Removing gpio.o(i.GPIOPinTypeEthernetMII), (28 bytes).
    Removing gpio.o(i.GPIOPinTypeGPIOInput), (28 bytes).
    Removing gpio.o(i.GPIOPinTypeGPIOOutputOD), (28 bytes).
    Removing gpio.o(i.GPIOPinTypeHibernateRTCCLK), (28 bytes).
    Removing gpio.o(i.GPIOPinTypeI2C), (28 bytes).
    Removing gpio.o(i.GPIOPinTypeI2CSCL), (28 bytes).
    Removing gpio.o(i.GPIOPinTypeLCD), (28 bytes).
    Removing gpio.o(i.GPIOPinTypeOneWire), (28 bytes).
    Removing gpio.o(i.GPIOPinTypeQEI), (28 bytes).
    Removing gpio.o(i.GPIOPinTypeSSI), (28 bytes).
    Removing gpio.o(i.GPIOPinTypeTimer), (28 bytes).
    Removing gpio.o(i.GPIOPinTypeTrace), (28 bytes).
    Removing gpio.o(i.GPIOPinTypeUART), (28 bytes).
    Removing gpio.o(i.GPIOPinTypeUSBAnalog), (28 bytes).
    Removing gpio.o(i.GPIOPinTypeUSBDigital), (28 bytes).
    Removing gpio.o(i.GPIOPinTypeWakeHigh), (30 bytes).
    Removing gpio.o(i.GPIOPinTypeWakeLow), (30 bytes).
    Removing gpio.o(i.GPIOPinWakeStatus), (6 bytes).
    Removing gpio.o(i._GPIOIntNumberGet), (80 bytes).
    Removing interrupt.o(i.IntIsEnabled), (96 bytes).
    Removing interrupt.o(i.IntMasterDisable), (14 bytes).
    Removing interrupt.o(i.IntMasterEnable), (14 bytes).
    Removing interrupt.o(i.IntPendClear), (68 bytes).
    Removing interrupt.o(i.IntPendSet), (84 bytes).
    Removing interrupt.o(i.IntPriorityGet), (28 bytes).
    Removing interrupt.o(i.IntPriorityGroupingGet), (36 bytes).
    Removing interrupt.o(i.IntPriorityGroupingSet), (28 bytes).
    Removing interrupt.o(i.IntPriorityMaskGet), (4 bytes).
    Removing interrupt.o(i.IntPriorityMaskSet), (4 bytes).
    Removing interrupt.o(i.IntTrigger), (12 bytes).
    Removing interrupt.o(i.IntUnregister), (20 bytes).
    Removing interrupt.o(i._IntDefaultHandler), (2 bytes).
    Removing pwm.o(i.PWMClockGet), (26 bytes).
    Removing pwm.o(i.PWMClockSet), (20 bytes).
    Removing pwm.o(i.PWMDeadBandDisable), (12 bytes).
    Removing pwm.o(i.PWMDeadBandEnable), (16 bytes).
    Removing pwm.o(i.PWMFaultIntClear), (8 bytes).
    Removing pwm.o(i.PWMFaultIntClearExt), (4 bytes).
    Removing pwm.o(i.PWMFaultIntRegister), (92 bytes).
    Removing pwm.o(i.PWMFaultIntUnregister), (84 bytes).
    Removing pwm.o(i.PWMGenDisable), (10 bytes).
    Removing pwm.o(i.PWMGenFaultClear), (18 bytes).
    Removing pwm.o(i.PWMGenFaultConfigure), (18 bytes).
    Removing pwm.o(i.PWMGenFaultStatus), (18 bytes).
    Removing pwm.o(i.PWMGenFaultTriggerGet), (12 bytes).
    Removing pwm.o(i.PWMGenFaultTriggerSet), (12 bytes).
    Removing pwm.o(i.PWMGenIntStatus), (12 bytes).
    Removing pwm.o(i.PWMGenIntTrigDisable), (10 bytes).
    Removing pwm.o(i.PWMGenIntUnregister), (22 bytes).
    Removing pwm.o(i.PWMGenPeriodGet), (18 bytes).
    Removing pwm.o(i.PWMIntDisable), (10 bytes).
    Removing pwm.o(i.PWMIntStatus), (10 bytes).
    Removing pwm.o(i.PWMOutputFault), (16 bytes).
    Removing pwm.o(i.PWMOutputFaultLevel), (16 bytes).
    Removing pwm.o(i.PWMOutputInvert), (16 bytes).
    Removing pwm.o(i.PWMOutputUpdateMode), (62 bytes).
    Removing pwm.o(i.PWMPulseWidthGet), (32 bytes).
    Removing pwm.o(i.PWMSyncTimeBase), (4 bytes).
    Removing pwm.o(i.PWMSyncUpdate), (4 bytes).
    Removing sysctl.o(.emb_text), (6 bytes).
    Removing sysctl.o(i.SysCtlAltClkConfig), (12 bytes).
    Removing sysctl.o(i.SysCtlClockFreqSet), (740 bytes).
    Removing sysctl.o(i.SysCtlClockOutConfig), (20 bytes).
    Removing sysctl.o(i.SysCtlClockSet), (288 bytes).
    Removing sysctl.o(i.SysCtlDeepSleep), (32 bytes).
    Removing sysctl.o(i.SysCtlDeepSleepClockConfigSet), (112 bytes).
    Removing sysctl.o(i.SysCtlDeepSleepClockSet), (12 bytes).
    Removing sysctl.o(i.SysCtlDeepSleepPowerSet), (12 bytes).
    Removing sysctl.o(i.SysCtlFlashSectorSizeGet), (56 bytes).
    Removing sysctl.o(i.SysCtlFlashSizeGet), (56 bytes).
    Removing sysctl.o(i.SysCtlGPIOAHBDisable), (28 bytes).
    Removing sysctl.o(i.SysCtlGPIOAHBEnable), (24 bytes).
    Removing sysctl.o(i.SysCtlIntClear), (12 bytes).
    Removing sysctl.o(i.SysCtlIntDisable), (16 bytes).
    Removing sysctl.o(i.SysCtlIntEnable), (16 bytes).
    Removing sysctl.o(i.SysCtlIntRegister), (20 bytes).
    Removing sysctl.o(i.SysCtlIntStatus), (16 bytes).
    Removing sysctl.o(i.SysCtlIntUnregister), (18 bytes).
    Removing sysctl.o(i.SysCtlLDODeepSleepGet), (12 bytes).
    Removing sysctl.o(i.SysCtlLDODeepSleepSet), (12 bytes).
    Removing sysctl.o(i.SysCtlLDOSleepGet), (12 bytes).
    Removing sysctl.o(i.SysCtlLDOSleepSet), (12 bytes).
    Removing sysctl.o(i.SysCtlMOSCConfigSet), (12 bytes).
    Removing sysctl.o(i.SysCtlNMIClear), (16 bytes).
    Removing sysctl.o(i.SysCtlNMIStatus), (12 bytes).
    Removing sysctl.o(i.SysCtlPIOSCCalibrate), (76 bytes).
    Removing sysctl.o(i.SysCtlPWMClockGet), (24 bytes).
    Removing sysctl.o(i.SysCtlPeripheralClockGating), (68 bytes).
    Removing sysctl.o(i.SysCtlPeripheralDeepSleepDisable), (40 bytes).
    Removing sysctl.o(i.SysCtlPeripheralDeepSleepEnable), (40 bytes).
    Removing sysctl.o(i.SysCtlPeripheralDisable), (40 bytes).
    Removing sysctl.o(i.SysCtlPeripheralPowerOff), (40 bytes).
    Removing sysctl.o(i.SysCtlPeripheralPowerOn), (40 bytes).
    Removing sysctl.o(i.SysCtlPeripheralPresent), (44 bytes).
    Removing sysctl.o(i.SysCtlPeripheralReady), (44 bytes).
    Removing sysctl.o(i.SysCtlPeripheralReset), (60 bytes).
    Removing sysctl.o(i.SysCtlPeripheralSleepDisable), (40 bytes).
    Removing sysctl.o(i.SysCtlPeripheralSleepEnable), (40 bytes).
    Removing sysctl.o(i.SysCtlReset), (16 bytes).
    Removing sysctl.o(i.SysCtlResetBehaviorGet), (12 bytes).
    Removing sysctl.o(i.SysCtlResetBehaviorSet), (12 bytes).
    Removing sysctl.o(i.SysCtlResetCauseClear), (16 bytes).
    Removing sysctl.o(i.SysCtlResetCauseGet), (12 bytes).
    Removing sysctl.o(i.SysCtlSRAMSizeGet), (16 bytes).
    Removing sysctl.o(i.SysCtlSleep), (4 bytes).
    Removing sysctl.o(i.SysCtlSleepPowerSet), (12 bytes).
    Removing sysctl.o(i.SysCtlUSBPLLDisable), (16 bytes).
    Removing sysctl.o(i.SysCtlUSBPLLEnable), (16 bytes).
    Removing sysctl.o(i.SysCtlVCOGet), (120 bytes).
    Removing sysctl.o(i.SysCtlVoltageEventClear), (16 bytes).
    Removing sysctl.o(i.SysCtlVoltageEventConfig), (12 bytes).
    Removing sysctl.o(i.SysCtlVoltageEventStatus), (12 bytes).
    Removing timer.o(i.TimerADCEventGet), (4 bytes).
    Removing timer.o(i.TimerADCEventSet), (4 bytes).
    Removing timer.o(i.TimerClockSourceGet), (6 bytes).
    Removing timer.o(i.TimerClockSourceSet), (6 bytes).
    Removing timer.o(i.TimerControlEvent), (18 bytes).
    Removing timer.o(i.TimerControlLevel), (22 bytes).
    Removing timer.o(i.TimerControlStall), (22 bytes).
    Removing timer.o(i.TimerControlWaitOnTrigger), (48 bytes).
    Removing timer.o(i.TimerDMAEventGet), (4 bytes).
    Removing timer.o(i.TimerDMAEventSet), (4 bytes).
    Removing timer.o(i.TimerIntClear), (4 bytes).
    Removing timer.o(i.TimerIntEnable), (8 bytes).
    Removing timer.o(i.TimerIntRegister), (104 bytes).
    Removing timer.o(i.TimerIntStatus), (10 bytes).
    Removing timer.o(i.TimerIntUnregister), (104 bytes).
    Removing timer.o(i.TimerLoadGet), (10 bytes).
    Removing timer.o(i.TimerLoadGet64), (14 bytes).
    Removing timer.o(i.TimerLoadSet64), (6 bytes).
    Removing timer.o(i.TimerMatchGet), (10 bytes).
    Removing timer.o(i.TimerMatchGet64), (14 bytes).
    Removing timer.o(i.TimerMatchSet), (18 bytes).
    Removing timer.o(i.TimerMatchSet64), (6 bytes).
    Removing timer.o(i.TimerPrescaleGet), (10 bytes).
    Removing timer.o(i.TimerPrescaleMatchGet), (10 bytes).
    Removing timer.o(i.TimerPrescaleMatchSet), (18 bytes).
    Removing timer.o(i.TimerPrescaleSet), (18 bytes).
    Removing timer.o(i.TimerRTCDisable), (10 bytes).
    Removing timer.o(i.TimerRTCEnable), (10 bytes).
    Removing timer.o(i.TimerSynchronize), (4 bytes).
    Removing timer.o(i.TimerUpdateMode), (42 bytes).
    Removing timer.o(i.TimerValueGet), (10 bytes).
    Removing timer.o(i.TimerValueGet64), (14 bytes).
    Removing timer.o(.constdata), (160 bytes).
    Removing uart.o(i.UART9BitAddrSend), (38 bytes).
    Removing uart.o(i.UART9BitAddrSet), (10 bytes).
    Removing uart.o(i.UART9BitDisable), (14 bytes).
    Removing uart.o(i.UART9BitEnable), (14 bytes).
    Removing uart.o(i.UARTBreakCtl), (18 bytes).
    Removing uart.o(i.UARTBusy), (8 bytes).
    Removing uart.o(i.UARTCharGet), (12 bytes).
    Removing uart.o(i.UARTCharGetNonBlocking), (16 bytes).
    Removing uart.o(i.UARTCharPut), (12 bytes).
    Removing uart.o(i.UARTCharPutNonBlocking), (16 bytes).
    Removing uart.o(i.UARTCharsAvail), (10 bytes).
    Removing uart.o(i.UARTClockSourceGet), (6 bytes).
    Removing uart.o(i.UARTConfigGetExpClk), (46 bytes).
    Removing uart.o(i.UARTConfigSetExpClk), (110 bytes).
    Removing uart.o(i.UARTDMADisable), (10 bytes).
    Removing uart.o(i.UARTDMAEnable), (8 bytes).
    Removing uart.o(i.UARTDisable), (30 bytes).
    Removing uart.o(i.UARTDisableSIR), (10 bytes).
    Removing uart.o(i.UARTEnable), (20 bytes).
    Removing uart.o(i.UARTEnableSIR), (18 bytes).
    Removing uart.o(i.UARTFIFODisable), (10 bytes).
    Removing uart.o(i.UARTFIFOEnable), (10 bytes).
    Removing uart.o(i.UARTFIFOLevelGet), (16 bytes).
    Removing uart.o(i.UARTFIFOLevelSet), (6 bytes).
    Removing uart.o(i.UARTFlowControlGet), (8 bytes).
    Removing uart.o(i.UARTFlowControlSet), (12 bytes).
    Removing uart.o(i.UARTIntClear), (4 bytes).
    Removing uart.o(i.UARTIntDisable), (10 bytes).
    Removing uart.o(i.UARTIntEnable), (8 bytes).
    Removing uart.o(i.UARTIntRegister), (88 bytes).
    Removing uart.o(i.UARTIntStatus), (10 bytes).
    Removing uart.o(i.UARTIntUnregister), (88 bytes).
    Removing uart.o(i.UARTLoopbackEnable), (10 bytes).
    Removing uart.o(i.UARTModemControlClear), (14 bytes).
    Removing uart.o(i.UARTModemControlGet), (8 bytes).
    Removing uart.o(i.UARTModemControlSet), (12 bytes).
    Removing uart.o(i.UARTModemStatusGet), (10 bytes).
    Removing uart.o(i.UARTParityModeGet), (8 bytes).
    Removing uart.o(i.UARTParityModeSet), (12 bytes).
    Removing uart.o(i.UARTRxErrorClear), (6 bytes).
    Removing uart.o(i.UARTRxErrorGet), (8 bytes).
    Removing uart.o(i.UARTSmartCardDisable), (10 bytes).
    Removing uart.o(i.UARTSmartCardEnable), (22 bytes).
    Removing uart.o(i.UARTSpaceAvail), (10 bytes).
    Removing uart.o(i.UARTTxIntModeGet), (8 bytes).
    Removing uart.o(i.UARTTxIntModeSet), (12 bytes).
    Removing uart.o(.constdata), (128 bytes).
    Removing cpu.o(.emb_text), (38 bytes).
    Removing ddiv.o(.text), (222 bytes).
    Removing dflti.o(.text), (34 bytes).

292 unused section(s) (total 19365 bytes) removed from the image.

==============================================================================

Image Symbol Table

    Local Symbols

    Symbol Name                              Value     Ov Type        Size  Object(Section)

    RESET                                    0x00000000   Section      648  startup_rvmdk.o(RESET)
    ../clib/../cmprslib/zerorunl2.c          0x00000000   Number         0  __dczerorl2.o ABSOLUTE
    ../clib/microlib/init/entry.s            0x00000000   Number         0  entry11a.o ABSOLUTE
    ../clib/microlib/init/entry.s            0x00000000   Number         0  entry.o ABSOLUTE
    ../clib/microlib/init/entry.s            0x00000000   Number         0  entry2.o ABSOLUTE
    ../clib/microlib/init/entry.s            0x00000000   Number         0  entry8a.o ABSOLUTE
    ../clib/microlib/init/entry.s            0x00000000   Number         0  entry5.o ABSOLUTE
    ../clib/microlib/init/entry.s            0x00000000   Number         0  entry7a.o ABSOLUTE
    ../clib/microlib/init/entry.s            0x00000000   Number         0  entry7b.o ABSOLUTE
    ../clib/microlib/init/entry.s            0x00000000   Number         0  entry8b.o ABSOLUTE
    ../clib/microlib/init/entry.s            0x00000000   Number         0  entry9b.o ABSOLUTE
    ../clib/microlib/init/entry.s            0x00000000   Number         0  entry11b.o ABSOLUTE
    ../clib/microlib/init/entry.s            0x00000000   Number         0  entry10b.o ABSOLUTE
    ../clib/microlib/init/entry.s            0x00000000   Number         0  entry10a.o ABSOLUTE
    ../clib/microlib/init/entry.s            0x00000000   Number         0  entry9a.o ABSOLUTE
    ../clib/microlib/longlong.c              0x00000000   Number         0  llshl.o ABSOLUTE
    ../clib/microlib/longlong.c              0x00000000   Number         0  llsshr.o ABSOLUTE
    ../clib/microlib/longlong.c              0x00000000   Number         0  llushr.o ABSOLUTE
    ../clib/microlib/stubs.s                 0x00000000   Number         0  iusefp.o ABSOLUTE
    ../fplib/microlib/d2f.c                  0x00000000   Number         0  d2f.o ABSOLUTE
    ../fplib/microlib/f2d.c                  0x00000000   Number         0  f2d.o ABSOLUTE
    ../fplib/microlib/fpadd.c                0x00000000   Number         0  dadd.o ABSOLUTE
    ../fplib/microlib/fpdiv.c                0x00000000   Number         0  ddiv.o ABSOLUTE
    ../fplib/microlib/fpepilogue.c           0x00000000   Number         0  depilogue.o ABSOLUTE
    ../fplib/microlib/fpepilogue.c           0x00000000   Number         0  fepilogue.o ABSOLUTE
    ../fplib/microlib/fpfix.c                0x00000000   Number         0  dfixi.o ABSOLUTE
    ../fplib/microlib/fpflt.c                0x00000000   Number         0  dfltui.o ABSOLUTE
    ../fplib/microlib/fpflt.c                0x00000000   Number         0  dflti.o ABSOLUTE
    ../fplib/microlib/fpmul.c                0x00000000   Number         0  dmul.o ABSOLUTE
    ../mathlib/ceil.c                        0x00000000   Number         0  ceil.o ABSOLUTE
    ..\utils\uartstdio.c                     0x00000000   Number         0  uartstdio.o ABSOLUTE
    ..\utils\ustdlib.c                       0x00000000   Number         0  ustdlib.o ABSOLUTE
    PLL.c                                    0x00000000   Number         0  pll.o ABSOLUTE
    adc.c                                    0x00000000   Number         0  adc.o ABSOLUTE
    adc_task.c                               0x00000000   Number         0  adc_task.o ABSOLUTE
    cdcmple.s                                0x00000000   Number         0  cdcmple.o ABSOLUTE
    cdrcmple.s                               0x00000000   Number         0  cdrcmple.o ABSOLUTE
    cpu.c                                    0x00000000   Number         0  cpu.o ABSOLUTE
    cpu.c                                    0x00000000   Number         0  cpu.o ABSOLUTE
    dc.s                                     0x00000000   Number         0  dc.o ABSOLUTE
    gpio.c                                   0x00000000   Number         0  gpio.o ABSOLUTE
    gpio_task.c                              0x00000000   Number         0  gpio_task.o ABSOLUTE
    handlers.s                               0x00000000   Number         0  handlers.o ABSOLUTE
    init.s                                   0x00000000   Number         0  init.o ABSOLUTE
    interrupt.c                              0x00000000   Number         0  interrupt.o ABSOLUTE
    main.c                                   0x00000000   Number         0  main.o ABSOLUTE
    pwm.c                                    0x00000000   Number         0  pwm.o ABSOLUTE
    pwm_task.c                               0x00000000   Number         0  pwm_task.o ABSOLUTE
    startup_rvmdk.S                          0x00000000   Number         0  startup_rvmdk.o ABSOLUTE
    sysctl.c                                 0x00000000   Number         0  sysctl.o ABSOLUTE
    sysctl.c                                 0x00000000   Number         0  sysctl.o ABSOLUTE
    timer.c                                  0x00000000   Number         0  timer.o ABSOLUTE
    uart.c                                   0x00000000   Number         0  uart.o ABSOLUTE
    $v0                                      0x0000026c   Number         0  startup_rvmdk.o(RESET)
    NmiSR                                    0x00000281   Thumb Code     0  startup_rvmdk.o(RESET)
    FaultISR                                 0x00000283   Thumb Code     0  startup_rvmdk.o(RESET)
    IntDefaultHandler                        0x00000285   Thumb Code     0  startup_rvmdk.o(RESET)
    .ARM.Collect$$$$00000000                 0x00000288   Section        0  entry.o(.ARM.Collect$$$$00000000)
    .ARM.Collect$$$$00000001                 0x00000288   Section        4  entry2.o(.ARM.Collect$$$$00000001)
    .ARM.Collect$$$$00000004                 0x0000028c   Section        4  entry5.o(.ARM.Collect$$$$00000004)
    .ARM.Collect$$$$00000008                 0x00000290   Section        0  entry7b.o(.ARM.Collect$$$$00000008)
    .ARM.Collect$$$$0000000A                 0x00000290   Section        0  entry8b.o(.ARM.Collect$$$$0000000A)
    .ARM.Collect$$$$0000000B                 0x00000290   Section        8  entry9a.o(.ARM.Collect$$$$0000000B)
    .ARM.Collect$$$$0000000D                 0x00000298   Section        0  entry10a.o(.ARM.Collect$$$$0000000D)
    .ARM.Collect$$$$0000000F                 0x00000298   Section        0  entry11a.o(.ARM.Collect$$$$0000000F)
    .ARM.Collect$$$$00002712                 0x00000298   Section        4  entry2.o(.ARM.Collect$$$$00002712)
    __lit__00000000                          0x00000298   Data           4  entry2.o(.ARM.Collect$$$$00002712)
    .text                                    0x0000029c   Section        0  dadd.o(.text)
    .text                                    0x000003ea   Section        0  dmul.o(.text)
    .text                                    0x000004ce   Section        0  dfltui.o(.text)
    .text                                    0x000004e8   Section        0  dfixi.o(.text)
    .text                                    0x00000526   Section        0  f2d.o(.text)
    .text                                    0x0000054c   Section       40  cdcmple.o(.text)
    .text                                    0x00000574   Section       40  cdrcmple.o(.text)
    .text                                    0x0000059c   Section        0  d2f.o(.text)
    .text                                    0x000005d4   Section        0  llshl.o(.text)
    .text                                    0x000005f2   Section        0  llushr.o(.text)
    .text                                    0x00000612   Section        0  llsshr.o(.text)
    .text                                    0x00000636   Section        0  iusefp.o(.text)
    .text                                    0x00000636   Section        0  fepilogue.o(.text)
    .text                                    0x000006a2   Section        0  depilogue.o(.text)
    .text                                    0x00000760   Section       36  init.o(.text)
    .text                                    0x00000784   Section        0  __dczerorl2.o(.text)
    i.ADC0Seq2_Handler                       0x000007e0   Section        0  adc_task.o(i.ADC0Seq2_Handler)
    i.ADCClockConfigSet                      0x00000928   Section        0  adc.o(i.ADCClockConfigSet)
    i.ADCIntClear                            0x00000944   Section        0  adc.o(i.ADCIntClear)
    i.ADCIntEnable                           0x0000094e   Section        0  adc.o(i.ADCIntEnable)
    i.ADCIntRegister                         0x00000960   Section        0  adc.o(i.ADCIntRegister)
    i.ADCSequenceConfigure                   0x000009c8   Section        0  adc.o(i.ADCSequenceConfigure)
    i.ADCSequenceDataGet                     0x00000a28   Section        0  adc.o(i.ADCSequenceDataGet)
    i.ADCSequenceDisable                     0x00000a4c   Section        0  adc.o(i.ADCSequenceDisable)
    i.ADCSequenceEnable                      0x00000a5c   Section        0  adc.o(i.ADCSequenceEnable)
    i.ADCSequenceStepConfigure               0x00000a6a   Section        0  adc.o(i.ADCSequenceStepConfigure)
    i.ADCTask                                0x00000b04   Section        0  adc_task.o(i.ADCTask)
    i.ADCTaskInit                            0x00000bbc   Section        0  adc_task.o(i.ADCTaskInit)
    i.ConfigureUART                          0x00000cb8   Section        0  main.o(i.ConfigureUART)
    i.GPIODirModeSet                         0x00000d24   Section        0  gpio.o(i.GPIODirModeSet)
    i.GPIOPadConfigSet                       0x00000d4c   Section        0  gpio.o(i.GPIOPadConfigSet)
    i.GPIOPinConfigure                       0x00000e84   Section        0  gpio.o(i.GPIOPinConfigure)
    i.GPIOPinTypeADC                         0x00000ec8   Section        0  gpio.o(i.GPIOPinTypeADC)
    i.GPIOPinTypeGPIOOutput                  0x00000ee4   Section        0  gpio.o(i.GPIOPinTypeGPIOOutput)
    i.GPIOPinTypePWM                         0x00000f00   Section        0  gpio.o(i.GPIOPinTypePWM)
    i.GPIOPinWrite                           0x00000f1c   Section        0  gpio.o(i.GPIOPinWrite)
    i.GPIOTaskInit                           0x00000f24   Section        0  gpio_task.o(i.GPIOTaskInit)
    i.IntDisable                             0x00000f68   Section        0  interrupt.o(i.IntDisable)
    i.IntEnable                              0x00000fcc   Section        0  interrupt.o(i.IntEnable)
    i.IntPrioritySet                         0x00001030   Section        0  interrupt.o(i.IntPrioritySet)
    i.IntRegister                            0x00001058   Section        0  interrupt.o(i.IntRegister)
    i.PLLRun                                 0x0000108c   Section        0  pll.o(i.PLLRun)
    i.PLLTaskInit                            0x00001a1c   Section        0  pll.o(i.PLLTaskInit)
    i.PWM0IntHandler                         0x00001b50   Section        0  pwm_task.o(i.PWM0IntHandler)
    i.PWMGenConfigure                        0x00001bf4   Section        0  pwm.o(i.PWMGenConfigure)
    i.PWMGenEnable                           0x00001c1a   Section        0  pwm.o(i.PWMGenEnable)
    i.PWMGenIntClear                         0x00001c24   Section        0  pwm.o(i.PWMGenIntClear)
    i.PWMGenIntRegister                      0x00001c2a   Section        0  pwm.o(i.PWMGenIntRegister)
    i.PWMGenIntTrigEnable                    0x00001c44   Section        0  pwm.o(i.PWMGenIntTrigEnable)
    i.PWMGenPeriodSet                        0x00001c4e   Section        0  pwm.o(i.PWMGenPeriodSet)
    i.PWMIntEnable                           0x00001c60   Section        0  pwm.o(i.PWMIntEnable)
    i.PWMOutputState                         0x00001c68   Section        0  pwm.o(i.PWMOutputState)
    i.PWMPulseWidthSet                       0x00001c78   Section        0  pwm.o(i.PWMPulseWidthSet)
    i.PWMTaskInit                            0x00001c98   Section        0  pwm_task.o(i.PWMTaskInit)
    i.Producer                               0x00001dd4   Section        0  main.o(i.Producer)
    i.SysCtlClockGet                         0x00001dd8   Section        0  sysctl.o(i.SysCtlClockGet)
    i.SysCtlPWMClockSet                      0x00001f2c   Section        0  sysctl.o(i.SysCtlPWMClockSet)
    i.SysCtlPeripheralEnable                 0x00001f40   Section        0  sysctl.o(i.SysCtlPeripheralEnable)
    i.TimerConfigure                         0x00001f68   Section        0  timer.o(i.TimerConfigure)
    i.TimerControlTrigger                    0x00001fc8   Section        0  timer.o(i.TimerControlTrigger)
    i.TimerDisable                           0x00002018   Section        0  timer.o(i.TimerDisable)
    i.TimerEnable                            0x00002028   Section        0  timer.o(i.TimerEnable)
    i.TimerIntDisable                        0x00002036   Section        0  timer.o(i.TimerIntDisable)
    i.TimerLoadSet                           0x00002040   Section        0  timer.o(i.TimerLoadSet)
    i.UARTClockSourceSet                     0x00002052   Section        0  uart.o(i.UARTClockSourceSet)
    i.UARTStdioConfig                        0x00002058   Section        0  uartstdio.o(i.UARTStdioConfig)
    i.UARTprintf                             0x000020c4   Section        0  uartstdio.o(i.UARTprintf)
    i.UARTvprintf                            0x000020e0   Section        0  uartstdio.o(i.UARTvprintf)
    i.UARTwrite                              0x00002330   Section        0  uartstdio.o(i.UARTwrite)
    i._PWMGenIntNumberGet                    0x00002370   Section        0  pwm.o(i._PWMGenIntNumberGet)
    _PWMGenIntNumberGet                      0x00002371   Thumb Code   198  pwm.o(i._PWMGenIntNumberGet)
    i.__hardfp_ceil                          0x00002450   Section        0  ceil.o(i.__hardfp_ceil)
    i.__scatterload_copy                     0x00002568   Section       14  handlers.o(i.__scatterload_copy)
    i.__scatterload_null                     0x00002576   Section        2  handlers.o(i.__scatterload_null)
    i.__scatterload_zeroinit                 0x00002578   Section       14  handlers.o(i.__scatterload_zeroinit)
    i.main                                   0x00002588   Section        0  main.o(i.main)
    i.sqrt                                   0x0000261c   Section        0  adc_task.o(i.sqrt)
    .constdata                               0x00002654   Section       28  uartstdio.o(.constdata)
    g_pcHex                                  0x00002654   Data           4  uartstdio.o(.constdata)
    g_ui32UARTBase                           0x00002658   Data          12  uartstdio.o(.constdata)
    g_ui32UARTPeriph                         0x00002664   Data          12  uartstdio.o(.constdata)
    .constdata                               0x00002670   Section     4096  pll.o(.constdata)
    sineTable                                0x00002670   Data        4096  pll.o(.constdata)
    .constdata                               0x00003670   Section      552  gpio.o(.constdata)
    g_ppui32GPIOIntMapBlizzard               0x00003670   Data         192  gpio.o(.constdata)
    g_ppui32GPIOIntMapSnowflake              0x00003730   Data         216  gpio.o(.constdata)
    g_pui32GPIOBaseAddrs                     0x00003808   Data         144  gpio.o(.constdata)
    .constdata                               0x00003898   Section      268  interrupt.o(.constdata)
    g_pui32Priority                          0x00003898   Data          32  interrupt.o(.constdata)
    g_pui32Regs                              0x000038b8   Data         156  interrupt.o(.constdata)
    g_pui32EnRegs                            0x00003954   Data          20  interrupt.o(.constdata)
    g_pui32Dii16Regs                         0x00003968   Data          20  interrupt.o(.constdata)
    g_pui32PendRegs                          0x0000397c   Data          20  interrupt.o(.constdata)
    g_pui32UnpendRegs                        0x00003990   Data          20  interrupt.o(.constdata)
    .constdata                               0x000039a4   Section      596  sysctl.o(.constdata)
    g_pui32VCOFrequencies                    0x000039a4   Data           8  sysctl.o(.constdata)
    g_pui32Xtals                             0x000039ac   Data         108  sysctl.o(.constdata)
    g_pppui32XTALtoVCO                       0x00003a18   Data         432  sysctl.o(.constdata)
    g_sXTALtoMEMTIM                          0x00003bc8   Data          48  sysctl.o(.constdata)
    .conststring                             0x00003bf8   Section       17  uartstdio.o(.conststring)
    .data                                    0x20000000   Section        5  uartstdio.o(.data)
    g_ui32Base                               0x20000000   Data           4  uartstdio.o(.data)
    bLastWasCR                               0x20000004   Data           1  uartstdio.o(.data)
    .data                                    0x20000008   Section       60  adc_task.o(.data)
    sum_squares                              0x20000020   Data           4  adc_task.o(.data)
    .data                                    0x20000048   Section       29  pll.o(.data)
    .data                                    0x20000068   Section      156  pwm_task.o(.data)
    vtable                                   0x20000400   Section      620  interrupt.o(vtable)
    g_pfnRAMVectors                          0x20000400   Data         620  interrupt.o(vtable)
    .bss                                     0x2000066c   Section       12  main.o(.bss)
    .bss                                     0x20000678   Section     8800  adc_task.o(.bss)
    .bss                                     0x200028d8   Section    16104  pll.o(.bss)
    .bss                                     0x200067c0   Section      400  pwm_task.o(.bss)
    STACK                                    0x20006950   Section      256  startup_rvmdk.o(STACK)
    StackMem                                 0x20006950   Data           0  startup_rvmdk.o(STACK)

    Global Symbols

    Symbol Name                              Value     Ov Type        Size  Object(Section)

    BuildAttributes$$THM_ISAv4$E$P$D$K$B$S$7EM$VFPi3$EXTD16$VFPS$VFMA$PE$A:L22UL41UL21$X:L11$S22US41US21$IEEE1$IW$USESV6$~STKCKD$USESV7$~SHL$OTIME$ROPI$IEEEJ$EBA8$MICROLIB$REQ8$PRES8$EABIv2 0x00000000   Number         0  anon$$obj.o ABSOLUTE
    __ARM_use_no_argv                        0x00000000   Number         0  main.o ABSOLUTE
    __Vectors                                0x00000000   Data           0  startup_rvmdk.o(RESET)
    __cpp_initialize__aeabi_                  - Undefined Weak Reference
    __cxa_finalize                            - Undefined Weak Reference
    _clock_init                               - Undefined Weak Reference
    _microlib_exit                            - Undefined Weak Reference
    Reset_Handler                            0x0000026d   Thumb Code     0  startup_rvmdk.o(RESET)
    __main                                   0x00000289   Thumb Code     0  entry.o(.ARM.Collect$$$$00000000)
    _main_stk                                0x00000289   Thumb Code     0  entry2.o(.ARM.Collect$$$$00000001)
    _main_scatterload                        0x0000028d   Thumb Code     0  entry5.o(.ARM.Collect$$$$00000004)
    __main_after_scatterload                 0x00000291   Thumb Code     0  entry5.o(.ARM.Collect$$$$00000004)
    _main_clock                              0x00000291   Thumb Code     0  entry7b.o(.ARM.Collect$$$$00000008)
    _main_cpp_init                           0x00000291   Thumb Code     0  entry8b.o(.ARM.Collect$$$$0000000A)
    _main_init                               0x00000291   Thumb Code     0  entry9a.o(.ARM.Collect$$$$0000000B)
    __rt_final_cpp                           0x00000299   Thumb Code     0  entry10a.o(.ARM.Collect$$$$0000000D)
    __rt_final_exit                          0x00000299   Thumb Code     0  entry11a.o(.ARM.Collect$$$$0000000F)
    __aeabi_dadd                             0x0000029d   Thumb Code   322  dadd.o(.text)
    __aeabi_dsub                             0x000003df   Thumb Code     6  dadd.o(.text)
    __aeabi_drsub                            0x000003e5   Thumb Code     6  dadd.o(.text)
    __aeabi_dmul                             0x000003eb   Thumb Code   228  dmul.o(.text)
    __aeabi_ui2d                             0x000004cf   Thumb Code    26  dfltui.o(.text)
    __aeabi_d2iz                             0x000004e9   Thumb Code    62  dfixi.o(.text)
    __aeabi_f2d                              0x00000527   Thumb Code    38  f2d.o(.text)
    __aeabi_cdcmpeq                          0x0000054d   Thumb Code     0  cdcmple.o(.text)
    __aeabi_cdcmple                          0x0000054d   Thumb Code    38  cdcmple.o(.text)
    __aeabi_cdrcmple                         0x00000575   Thumb Code    38  cdrcmple.o(.text)
    __aeabi_d2f                              0x0000059d   Thumb Code    56  d2f.o(.text)
    __aeabi_llsl                             0x000005d5   Thumb Code    30  llshl.o(.text)
    _ll_shift_l                              0x000005d5   Thumb Code     0  llshl.o(.text)
    __aeabi_llsr                             0x000005f3   Thumb Code    32  llushr.o(.text)
    _ll_ushift_r                             0x000005f3   Thumb Code     0  llushr.o(.text)
    __aeabi_lasr                             0x00000613   Thumb Code    36  llsshr.o(.text)
    _ll_sshift_r                             0x00000613   Thumb Code     0  llsshr.o(.text)
    __I$use$fp                               0x00000637   Thumb Code     0  iusefp.o(.text)
    _float_round                             0x00000637   Thumb Code    18  fepilogue.o(.text)
    _float_epilogue                          0x00000649   Thumb Code    90  fepilogue.o(.text)
    _double_round                            0x000006a3   Thumb Code    26  depilogue.o(.text)
    _double_epilogue                         0x000006bd   Thumb Code   164  depilogue.o(.text)
    __scatterload                            0x00000761   Thumb Code    28  init.o(.text)
    __scatterload_rt2                        0x00000761   Thumb Code     0  init.o(.text)
    __decompress                             0x00000785   Thumb Code     0  __dczerorl2.o(.text)
    __decompress1                            0x00000785   Thumb Code    92  __dczerorl2.o(.text)
    ADC0Seq2_Handler                         0x000007e1   Thumb Code   280  adc_task.o(i.ADC0Seq2_Handler)
    ADCClockConfigSet                        0x00000929   Thumb Code    28  adc.o(i.ADCClockConfigSet)
    ADCIntClear                              0x00000945   Thumb Code    10  adc.o(i.ADCIntClear)
    ADCIntEnable                             0x0000094f   Thumb Code    16  adc.o(i.ADCIntEnable)
    ADCIntRegister                           0x00000961   Thumb Code    92  adc.o(i.ADCIntRegister)
    ADCSequenceConfigure                     0x000009c9   Thumb Code    96  adc.o(i.ADCSequenceConfigure)
    ADCSequenceDataGet                       0x00000a29   Thumb Code    36  adc.o(i.ADCSequenceDataGet)
    ADCSequenceDisable                       0x00000a4d   Thumb Code    16  adc.o(i.ADCSequenceDisable)
    ADCSequenceEnable                        0x00000a5d   Thumb Code    14  adc.o(i.ADCSequenceEnable)
    ADCSequenceStepConfigure                 0x00000a6b   Thumb Code   154  adc.o(i.ADCSequenceStepConfigure)
    ADCTask                                  0x00000b05   Thumb Code   148  adc_task.o(i.ADCTask)
    ADCTaskInit                              0x00000bbd   Thumb Code   224  adc_task.o(i.ADCTaskInit)
    ConfigureUART                            0x00000cb9   Thumb Code    90  main.o(i.ConfigureUART)
    GPIODirModeSet                           0x00000d25   Thumb Code    40  gpio.o(i.GPIODirModeSet)
    GPIOPadConfigSet                         0x00000d4d   Thumb Code   312  gpio.o(i.GPIOPadConfigSet)
    GPIOPinConfigure                         0x00000e85   Thumb Code    60  gpio.o(i.GPIOPinConfigure)
    GPIOPinTypeADC                           0x00000ec9   Thumb Code    28  gpio.o(i.GPIOPinTypeADC)
    GPIOPinTypeGPIOOutput                    0x00000ee5   Thumb Code    28  gpio.o(i.GPIOPinTypeGPIOOutput)
    GPIOPinTypePWM                           0x00000f01   Thumb Code    28  gpio.o(i.GPIOPinTypePWM)
    GPIOPinWrite                             0x00000f1d   Thumb Code     6  gpio.o(i.GPIOPinWrite)
    GPIOTaskInit                             0x00000f25   Thumb Code    52  gpio_task.o(i.GPIOTaskInit)
    IntDisable                               0x00000f69   Thumb Code    92  interrupt.o(i.IntDisable)
    IntEnable                                0x00000fcd   Thumb Code    92  interrupt.o(i.IntEnable)
    IntPrioritySet                           0x00001031   Thumb Code    36  interrupt.o(i.IntPrioritySet)
    IntRegister                              0x00001059   Thumb Code    44  interrupt.o(i.IntRegister)
    PLLRun                                   0x0000108d   Thumb Code  2428  pll.o(i.PLLRun)
    PLLTaskInit                              0x00001a1d   Thumb Code   274  pll.o(i.PLLTaskInit)
    PWM0IntHandler                           0x00001b51   Thumb Code   140  pwm_task.o(i.PWM0IntHandler)
    PWMGenConfigure                          0x00001bf5   Thumb Code    38  pwm.o(i.PWMGenConfigure)
    PWMGenEnable                             0x00001c1b   Thumb Code    10  pwm.o(i.PWMGenEnable)
    PWMGenIntClear                           0x00001c25   Thumb Code     6  pwm.o(i.PWMGenIntClear)
    PWMGenIntRegister                        0x00001c2b   Thumb Code    26  pwm.o(i.PWMGenIntRegister)
    PWMGenIntTrigEnable                      0x00001c45   Thumb Code    10  pwm.o(i.PWMGenIntTrigEnable)
    PWMGenPeriodSet                          0x00001c4f   Thumb Code    18  pwm.o(i.PWMGenPeriodSet)
    PWMIntEnable                             0x00001c61   Thumb Code     8  pwm.o(i.PWMIntEnable)
    PWMOutputState                           0x00001c69   Thumb Code    16  pwm.o(i.PWMOutputState)
    PWMPulseWidthSet                         0x00001c79   Thumb Code    32  pwm.o(i.PWMPulseWidthSet)
    PWMTaskInit                              0x00001c99   Thumb Code   280  pwm_task.o(i.PWMTaskInit)
    Producer                                 0x00001dd5   Thumb Code     2  main.o(i.Producer)
    SysCtlClockGet                           0x00001dd9   Thumb Code   304  sysctl.o(i.SysCtlClockGet)
    SysCtlPWMClockSet                        0x00001f2d   Thumb Code    14  sysctl.o(i.SysCtlPWMClockSet)
    SysCtlPeripheralEnable                   0x00001f41   Thumb Code    36  sysctl.o(i.SysCtlPeripheralEnable)
    TimerConfigure                           0x00001f69   Thumb Code    88  timer.o(i.TimerConfigure)
    TimerControlTrigger                      0x00001fc9   Thumb Code    70  timer.o(i.TimerControlTrigger)
    TimerDisable                             0x00002019   Thumb Code    16  timer.o(i.TimerDisable)
    TimerEnable                              0x00002029   Thumb Code    14  timer.o(i.TimerEnable)
    TimerIntDisable                          0x00002037   Thumb Code    10  timer.o(i.TimerIntDisable)
    TimerLoadSet                             0x00002041   Thumb Code    18  timer.o(i.TimerLoadSet)
    UARTClockSourceSet                       0x00002053   Thumb Code     6  uart.o(i.UARTClockSourceSet)
    UARTStdioConfig                          0x00002059   Thumb Code    96  uartstdio.o(i.UARTStdioConfig)
    UARTprintf                               0x000020c5   Thumb Code    26  uartstdio.o(i.UARTprintf)
    UARTvprintf                              0x000020e1   Thumb Code   574  uartstdio.o(i.UARTvprintf)
    UARTwrite                                0x00002331   Thumb Code    58  uartstdio.o(i.UARTwrite)
    __hardfp_ceil                            0x00002451   Thumb Code   252  ceil.o(i.__hardfp_ceil)
    __scatterload_copy                       0x00002569   Thumb Code    14  handlers.o(i.__scatterload_copy)
    __scatterload_null                       0x00002577   Thumb Code     2  handlers.o(i.__scatterload_null)
    __scatterload_zeroinit                   0x00002579   Thumb Code    14  handlers.o(i.__scatterload_zeroinit)
    main                                     0x00002589   Thumb Code   108  main.o(i.main)
    sqrt                                     0x0000261d   Thumb Code    50  adc_task.o(i.sqrt)
    Region$$Table$$Base                      0x00003c0c   Number         0  anon$$obj.o(Region$$Table)
    Region$$Table$$Limit                     0x00003c2c   Number         0  anon$$obj.o(Region$$Table)
    DataSize                                 0x20000008   Data           2  adc_task.o(.data)
    adc_input_index                          0x2000000a   Data           2  adc_task.o(.data)
    rmsFlag                                  0x2000000c   Data           1  adc_task.o(.data)
    rms                                      0x20000010   Data           4  adc_task.o(.data)
    Vref                                     0x20000014   Data           4  adc_task.o(.data)
    Vctrl                                    0x20000018   Data           4  adc_task.o(.data)
    Kp                                       0x2000001c   Data           4  adc_task.o(.data)
    scbLevelShift                            0x20000024   Data           4  adc_task.o(.data)
    adcCount                                 0x20000028   Data           4  adc_task.o(.data)
    status                                   0x2000002c   Data           4  adc_task.o(.data)
    correctedInput                           0x20000030   Data           4  adc_task.o(.data)
    testing                                  0x20000034   Data           4  adc_task.o(.data)
    w_index                                  0x20000038   Data           2  adc_task.o(.data)
    ProducerTask                             0x2000003c   Data           4  adc_task.o(.data)
    Ki                                       0x20000040   Data           4  adc_task.o(.data)
    new_Mag                                  0x20000048   Data           8  pll.o(.data)
    waveform                                 0x20000050   Data           8  pll.o(.data)
    signF                                    0x20000058   Data           1  pll.o(.data)
    s_index                                  0x2000005a   Data           2  pll.o(.data)
    c_index                                  0x2000005c   Data           2  pll.o(.data)
    oldValue                                 0x20000060   Data           4  pll.o(.data)
    count                                    0x20000064   Data           1  pll.o(.data)
    inputValue                               0x20000068   Data           4  pwm_task.o(.data)
    sawtooth                                 0x2000006c   Data         132  pwm_task.o(.data)
    saw_index                                0x200000f0   Data           4  pwm_task.o(.data)
    cSawtoothValue                           0x200000f4   Data           4  pwm_task.o(.data)
    oldPulseW                                0x200000f8   Data           4  pwm_task.o(.data)
    pulseW                                   0x200000fc   Data           4  pwm_task.o(.data)
    g_pPwmQueue                              0x20000100   Data           4  pwm_task.o(.data)
    lpf_coeff                                0x2000066c   Data          12  main.o(.bss)
    adcRawInput                              0x20000678   Data        8000  adc_task.o(.bss)
    fwave                                    0x200025b8   Data         800  adc_task.o(.bss)
    PLLSync                                  0x200028d8   Data         100  pll.o(.bss)
    sinewave                                 0x20002940   Data        8000  pll.o(.bss)
    coswave                                  0x20004880   Data        8000  pll.o(.bss)
    pulseWArray                              0x200067c0   Data         400  pwm_task.o(.bss)
    __initial_sp                             0x20006a50   Data           0  startup_rvmdk.o(STACK)



==============================================================================

Memory Map of the image

  Image Entry point : 0x0000026d

  Load Region LR_IROM (Base: 0x00000000, Size: 0x00004298, Max: 0x00040000, ABSOLUTE, COMPRESSED[0x00003c94])

    Execution Region ER_IROM (Base: 0x00000000, Size: 0x00003c2c, Max: 0x00040000, ABSOLUTE)

    Base Addr    Size         Type   Attr      Idx    E Section Name        Object

    0x00000000   0x00000288   Code   RO           94  * RESET               startup_rvmdk.o
    0x00000288   0x00000000   Code   RO         2360  * .ARM.Collect$$$$00000000  mc_w.l(entry.o)
    0x00000288   0x00000004   Code   RO         2383    .ARM.Collect$$$$00000001  mc_w.l(entry2.o)
    0x0000028c   0x00000004   Code   RO         2386    .ARM.Collect$$$$00000004  mc_w.l(entry5.o)
    0x00000290   0x00000000   Code   RO         2388    .ARM.Collect$$$$00000008  mc_w.l(entry7b.o)
    0x00000290   0x00000000   Code   RO         2390    .ARM.Collect$$$$0000000A  mc_w.l(entry8b.o)
    0x00000290   0x00000008   Code   RO         2391    .ARM.Collect$$$$0000000B  mc_w.l(entry9a.o)
    0x00000298   0x00000000   Code   RO         2393    .ARM.Collect$$$$0000000D  mc_w.l(entry10a.o)
    0x00000298   0x00000000   Code   RO         2395    .ARM.Collect$$$$0000000F  mc_w.l(entry11a.o)
    0x00000298   0x00000004   Code   RO         2384    .ARM.Collect$$$$00002712  mc_w.l(entry2.o)
    0x0000029c   0x0000014e   Code   RO         2363    .text               mf_w.l(dadd.o)
    0x000003ea   0x000000e4   Code   RO         2365    .text               mf_w.l(dmul.o)
    0x000004ce   0x0000001a   Code   RO         2371    .text               mf_w.l(dfltui.o)
    0x000004e8   0x0000003e   Code   RO         2373    .text               mf_w.l(dfixi.o)
    0x00000526   0x00000026   Code   RO         2375    .text               mf_w.l(f2d.o)
    0x0000054c   0x00000028   Code   RO         2377    .text               mf_w.l(cdcmple.o)
    0x00000574   0x00000028   Code   RO         2379    .text               mf_w.l(cdrcmple.o)
    0x0000059c   0x00000038   Code   RO         2381    .text               mf_w.l(d2f.o)
    0x000005d4   0x0000001e   Code   RO         2397    .text               mc_w.l(llshl.o)
    0x000005f2   0x00000020   Code   RO         2399    .text               mc_w.l(llushr.o)
    0x00000612   0x00000024   Code   RO         2401    .text               mc_w.l(llsshr.o)
    0x00000636   0x00000000   Code   RO         2403    .text               mc_w.l(iusefp.o)
    0x00000636   0x0000006c   Code   RO         2404    .text               mf_w.l(fepilogue.o)
    0x000006a2   0x000000be   Code   RO         2406    .text               mf_w.l(depilogue.o)
    0x00000760   0x00000024   Code   RO         2408    .text               mc_w.l(init.o)
    0x00000784   0x0000005c   Code   RO         2418    .text               mc_w.l(__dczerorl2.o)
    0x000007e0   0x00000148   Code   RO          277    i.ADC0Seq2_Handler  adc_task.o
    0x00000928   0x0000001c   Code   RO          527    i.ADCClockConfigSet  driverlib.lib(adc.o)
    0x00000944   0x0000000a   Code   RO          536    i.ADCIntClear       driverlib.lib(adc.o)
    0x0000094e   0x00000010   Code   RO          540    i.ADCIntEnable      driverlib.lib(adc.o)
    0x0000095e   0x00000002   PAD
    0x00000960   0x00000068   Code   RO          542    i.ADCIntRegister    driverlib.lib(adc.o)
    0x000009c8   0x00000060   Code   RO          551    i.ADCSequenceConfigure  driverlib.lib(adc.o)
    0x00000a28   0x00000024   Code   RO          554    i.ADCSequenceDataGet  driverlib.lib(adc.o)
    0x00000a4c   0x00000010   Code   RO          555    i.ADCSequenceDisable  driverlib.lib(adc.o)
    0x00000a5c   0x0000000e   Code   RO          556    i.ADCSequenceEnable  driverlib.lib(adc.o)
    0x00000a6a   0x0000009a   Code   RO          559    i.ADCSequenceStepConfigure  driverlib.lib(adc.o)
    0x00000b04   0x000000b8   Code   RO          278    i.ADCTask           adc_task.o
    0x00000bbc   0x000000fc   Code   RO          279    i.ADCTaskInit       adc_task.o
    0x00000cb8   0x0000006c   Code   RO            1    i.ConfigureUART     main.o
    0x00000d24   0x00000028   Code   RO          808    i.GPIODirModeSet    driverlib.lib(gpio.o)
    0x00000d4c   0x00000138   Code   RO          820    i.GPIOPadConfigSet  driverlib.lib(gpio.o)
    0x00000e84   0x00000044   Code   RO          821    i.GPIOPinConfigure  driverlib.lib(gpio.o)
    0x00000ec8   0x0000001c   Code   RO          823    i.GPIOPinTypeADC    driverlib.lib(gpio.o)
    0x00000ee4   0x0000001c   Code   RO          832    i.GPIOPinTypeGPIOOutput  driverlib.lib(gpio.o)
    0x00000f00   0x0000001c   Code   RO          839    i.GPIOPinTypePWM    driverlib.lib(gpio.o)
    0x00000f1c   0x00000006   Code   RO          850    i.GPIOPinWrite      driverlib.lib(gpio.o)
    0x00000f22   0x00000002   PAD
    0x00000f24   0x00000044   Code   RO          358    i.GPIOTaskInit      gpio_task.o
    0x00000f68   0x00000064   Code   RO         1110    i.IntDisable        driverlib.lib(interrupt.o)
    0x00000fcc   0x00000064   Code   RO         1111    i.IntEnable         driverlib.lib(interrupt.o)
    0x00001030   0x00000028   Code   RO         1122    i.IntPrioritySet    driverlib.lib(interrupt.o)
    0x00001058   0x00000034   Code   RO         1123    i.IntRegister       driverlib.lib(interrupt.o)
    0x0000108c   0x00000990   Code   RO          391    i.PLLRun            pll.o
    0x00001a1c   0x00000134   Code   RO          393    i.PLLTaskInit       pll.o
    0x00001b50   0x000000a4   Code   RO          443    i.PWM0IntHandler    pwm_task.o
    0x00001bf4   0x00000026   Code   RO         1234    i.PWMGenConfigure   driverlib.lib(pwm.o)
    0x00001c1a   0x0000000a   Code   RO         1236    i.PWMGenEnable      driverlib.lib(pwm.o)
    0x00001c24   0x00000006   Code   RO         1242    i.PWMGenIntClear    driverlib.lib(pwm.o)
    0x00001c2a   0x0000001a   Code   RO         1243    i.PWMGenIntRegister  driverlib.lib(pwm.o)
    0x00001c44   0x0000000a   Code   RO         1246    i.PWMGenIntTrigEnable  driverlib.lib(pwm.o)
    0x00001c4e   0x00000012   Code   RO         1249    i.PWMGenPeriodSet   driverlib.lib(pwm.o)
    0x00001c60   0x00000008   Code   RO         1251    i.PWMIntEnable      driverlib.lib(pwm.o)
    0x00001c68   0x00000010   Code   RO         1256    i.PWMOutputState    driverlib.lib(pwm.o)
    0x00001c78   0x00000020   Code   RO         1259    i.PWMPulseWidthSet  driverlib.lib(pwm.o)
    0x00001c98   0x0000013c   Code   RO          445    i.PWMTaskInit       pwm_task.o
    0x00001dd4   0x00000002   Code   RO            2    i.Producer          main.o
    0x00001dd6   0x00000002   PAD
    0x00001dd8   0x00000154   Code   RO         1462    i.SysCtlClockGet    driverlib.lib(sysctl.o)
    0x00001f2c   0x00000014   Code   RO         1488    i.SysCtlPWMClockSet  driverlib.lib(sysctl.o)
    0x00001f40   0x00000028   Code   RO         1493    i.SysCtlPeripheralEnable  driverlib.lib(sysctl.o)
    0x00001f68   0x00000060   Code   RO         1811    i.TimerConfigure    driverlib.lib(timer.o)
    0x00001fc8   0x00000050   Code   RO         1815    i.TimerControlTrigger  driverlib.lib(timer.o)
    0x00002018   0x00000010   Code   RO         1819    i.TimerDisable      driverlib.lib(timer.o)
    0x00002028   0x0000000e   Code   RO         1820    i.TimerEnable       driverlib.lib(timer.o)
    0x00002036   0x0000000a   Code   RO         1822    i.TimerIntDisable   driverlib.lib(timer.o)
    0x00002040   0x00000012   Code   RO         1829    i.TimerLoadSet      driverlib.lib(timer.o)
    0x00002052   0x00000006   Code   RO         2061    i.UARTClockSourceSet  driverlib.lib(uart.o)
    0x00002058   0x0000006c   Code   RO           99    i.UARTStdioConfig   uartstdio.o
    0x000020c4   0x0000001a   Code   RO          102    i.UARTprintf        uartstdio.o
    0x000020de   0x00000002   PAD
    0x000020e0   0x00000250   Code   RO          103    i.UARTvprintf       uartstdio.o
    0x00002330   0x00000040   Code   RO          104    i.UARTwrite         uartstdio.o
    0x00002370   0x000000e0   Code   RO         1262    i._PWMGenIntNumberGet  driverlib.lib(pwm.o)
    0x00002450   0x00000118   Code   RO         2354    i.__hardfp_ceil     m_wm.l(ceil.o)
    0x00002568   0x0000000e   Code   RO         2412    i.__scatterload_copy  mc_w.l(handlers.o)
    0x00002576   0x00000002   Code   RO         2413    i.__scatterload_null  mc_w.l(handlers.o)
    0x00002578   0x0000000e   Code   RO         2414    i.__scatterload_zeroinit  mc_w.l(handlers.o)
    0x00002586   0x00000002   PAD
    0x00002588   0x00000094   Code   RO            3    i.main              main.o
    0x0000261c   0x00000038   Code   RO          285    i.sqrt              adc_task.o
    0x00002654   0x0000001c   Data   RO          105    .constdata          uartstdio.o
    0x00002670   0x00001000   Data   RO          398    .constdata          pll.o
    0x00003670   0x00000228   Data   RO          852    .constdata          driverlib.lib(gpio.o)
    0x00003898   0x0000010c   Data   RO         1127    .constdata          driverlib.lib(interrupt.o)
    0x000039a4   0x00000254   Data   RO         1515    .constdata          driverlib.lib(sysctl.o)
    0x00003bf8   0x00000011   Data   RO          106    .conststring        uartstdio.o
    0x00003c09   0x00000003   PAD
    0x00003c0c   0x00000020   Data   RO         2410    Region$$Table       anon$$obj.o


    Execution Region RW_IRAM (Base: 0x20000000, Size: 0x00006a50, Max: 0x00008000, ABSOLUTE, COMPRESSED[0x00000068])

    Base Addr    Size         Type   Attr      Idx    E Section Name        Object

    0x20000000   0x00000005   Data   RW          107    .data               uartstdio.o
    0x20000005   0x00000003   PAD
    0x20000008   0x0000003c   Data   RW          288    .data               adc_task.o
    0x20000044   0x00000004   PAD
    0x20000048   0x0000001d   Data   RW          399    .data               pll.o
    0x20000065   0x00000003   PAD
    0x20000068   0x0000009c   Data   RW          449    .data               pwm_task.o
    0x20000104   0x000002fc   PAD
    0x20000400   0x0000026c   Data   RW         1128    vtable              driverlib.lib(interrupt.o)
    0x2000066c   0x0000000c   Zero   RW            4    .bss                main.o
    0x20000678   0x00002260   Zero   RW          286    .bss                adc_task.o
    0x200028d8   0x00003ee8   Zero   RW          397    .bss                pll.o
    0x200067c0   0x00000190   Zero   RW          448    .bss                pwm_task.o
    0x20006950   0x00000100   Zero   RW           92    STACK               startup_rvmdk.o


==============================================================================

Image component sizes


      Code (inc. data)   RO Data    RW Data    ZI Data      Debug   Object Name

       820        118          0         60       8800       4259   adc_task.o
        68         16          0          0          0        527   gpio_task.o
       258         58          0          0         12       8307   main.o
      2756        110       4096         29      16104       3353   pll.o
       480         60          0        156        400       8450   pwm_task.o
       648        622          0          0        256        292   startup_rvmdk.o
       790         36         45          5          0       4840   uartstdio.o

    ----------------------------------------------------------------------
      5824       1020       4176       1024      25572      30028   Object Totals
         0          0         32          0          0          0   (incl. Generated)
         4          0          3        774          0          0   (incl. Padding)

    ----------------------------------------------------------------------

      Code (inc. data)   RO Data    RW Data    ZI Data      Debug   Library Member Name

       474         12          0          0          0       9250   adc.o
       510          8        552          0          0       5152   gpio.o
       292         28        268        620          0       3260   interrupt.o
       388         26          0          0          0       5857   pwm.o
       400         46        596          0          0       3634   sysctl.o
       234         18          0          0          0       3201   timer.o
         6          0          0          0          0        497   uart.o
       280         28          0          0          0        156   ceil.o
        92          0          0          0          0          0   __dczerorl2.o
         0          0          0          0          0          0   entry.o
         0          0          0          0          0          0   entry10a.o
         0          0          0          0          0          0   entry11a.o
         8          4          0          0          0          0   entry2.o
         4          0          0          0          0          0   entry5.o
         0          0          0          0          0          0   entry7b.o
         0          0          0          0          0          0   entry8b.o
         8          4          0          0          0          0   entry9a.o
        30          0          0          0          0          0   handlers.o
        36          8          0          0          0         68   init.o
         0          0          0          0          0          0   iusefp.o
        30          0          0          0          0         68   llshl.o
        36          0          0          0          0         68   llsshr.o
        32          0          0          0          0         68   llushr.o
        40          2          0          0          0         68   cdcmple.o
        40          2          0          0          0         68   cdrcmple.o
        56          0          0          0          0         88   d2f.o
       334          0          0          0          0        148   dadd.o
       190          0          0          0          0        176   depilogue.o
        62          0          0          0          0         80   dfixi.o
        26          0          0          0          0         76   dfltui.o
       228          0          0          0          0         96   dmul.o
        38          0          0          0          0         68   f2d.o
       108          0          0          0          0        168   fepilogue.o

    ----------------------------------------------------------------------
      3988        186       1416        620          0      32315   Library Totals
         6          0          0          0          0          0   (incl. Padding)

    ----------------------------------------------------------------------

      Code (inc. data)   RO Data    RW Data    ZI Data      Debug   Library Name

      2304        138       1416        620          0      30851   driverlib.lib
       280         28          0          0          0        156   m_wm.l
       276         16          0          0          0        272   mc_w.l
      1122          4          0          0          0       1036   mf_w.l

    ----------------------------------------------------------------------
      3988        186       1416        620          0      32315   Library Totals

    ----------------------------------------------------------------------

==============================================================================


      Code (inc. data)   RO Data    RW Data    ZI Data      Debug   

      9812       1206       5592       1644      25572      56571   Grand Totals
      9812       1206       5592        104      25572      56571   ELF Image Totals (compressed)
      9812       1206       5592        104          0          0   ROM Totals

==============================================================================

    Total RO  Size (Code + RO Data)                15404 (  15.04kB)
    Total RW  Size (RW Data + ZI Data)             27216 (  26.58kB)
    Total ROM Size (Code + RO Data + RW Data)      15508 (  15.14kB)

==============================================================================

