<html>
<body>
<pre>
<h1>µVision Build Log</h1>
<h2>Project:</h2>
C:\Users\AcerPC\Desktop\GradSchool\TM4C1234g\ORI-COPY\ControllableInverter_NoFREETOS\InverterControlLoop\freertos_demo.uvproj
Project File Date:  03/31/2018

<h2>Output:</h2>
Build target 'freertos_demo'
compiling PLL.c...
PLL.c(187): warning:  #1035-D: single-precision operand implicitly converted to double-precision
        value=(float)1.0/(osgx+osgy+4.0);
PLL.c(190): warning:  #1035-D: single-precision operand implicitly converted to double-precision
        spll->osg_coeff.osg_a1=((float)(2.0*(4.0-osgy))*value);
PLL.c(192): warning:  #1035-D: single-precision operand implicitly converted to double-precision
        spll->osg_coeff.osg_qb0=((float)(0.5*osgy)*value);
PLL.c(193): warning:  #1035-D: single-precision operand implicitly converted to double-precision
        spll->osg_coeff.osg_qb1=(spll->osg_coeff.osg_qb0*(2.0));
PLL.c(203): warning:  #1-D: last line of file ends without a newline
  }
PLL.c: 5 warnings, 0 errors
linking...
Program Size: Code=9516 RO-data=1136 RW-data=1644 ZI-data=8412  
After Build - User command #1: fromelf --bin --output .\rvmdk\freertos_demo.bin .\rvmdk\freertos_demo.axf
".\rvmdk\freertos_demo.axf" - 0 Error(s), 5 Warning(s).
Load "C:\\Users\\AcerPC\\Desktop\\GradSchool\\TM4C1234g\\ORI-COPY\\ControllableInverter_NoFREETOS\\InverterControlLoop\\rvmdk\\freertos_demo.axf" 
Connecting: Mode=JTAG, Speed=1000000Hz
Erase Done.
Programming Done.
Verify OK.
5 warnings, 0 errors
linking...
Program Size: Code=9572 RO-data=1136 RW-data=1644 ZI-data=8412  
After Build - User command #1: fromelf --bin --output .\rvmdk\freertos_demo.bin .\rvmdk\freertos_demo.axf
".\rvmdk\freertos_demo.axf" - 0 Error(s), 8 Warning(s).
