<html>
<body>
<pre>
<h1>µVision Build Log</h1>
<h2>Project:</h2>
C:\Users\Oriana\Desktop\InverterFinalCode\InverterControlLoop\freertos_demo.uvproj
Project File Date:  06/20/2018

<h2>Output:</h2>
Build target 'freertos_demo'
compiling pwm_task.c...
pwm_task.c(173): warning:  #940-D: missing return statement at end of non-void function "PWMTaskInit"
  }
pwm_task.c(97): warning:  #177-D: function "PWMTask" was declared but never referenced
  static void PWMTask(void *pvParameters)
pwm_task.c: 2 warnings, 0 errors
linking...
Program Size: Code=11132 RO-data=5592 RW-data=1644 ZI-data=9588  
After Build - User command #1: fromelf --bin --output .\rvmdk\freertos_demo.bin .\rvmdk\freertos_demo.axf
".\rvmdk\freertos_demo.axf" - 0 Error(s), 2 Warning(s).
Load "C:\\Users\\Oriana\\Desktop\\InverterFinalCode\\InverterControlLoop\\rvmdk\\freertos_demo.axf" 
Connecting: Mode=JTAG, Speed=1000000Hz
Erase Done.
Programming Done.
Verify OK.
FinalCode\\InverterControlLoop\\rvmdk\\freertos_demo.axf" 
Connecting: Mode=JTAG, Speed=1000000Hz
Erase Done.
Programming Done.
Verify OK.
adc_task.c(117): warning:  #177-D: function "one_step_newton_raphson_sqrt" was declared but never referenced
  static double one_step_newton_raphson_sqrt(double val, double hint)
adc_task.c: 6 warnings, 0 errors
linking...
Program Size: Code=11036 RO-data=5592 RW-data=1644 ZI-data=9588  
After Build - User command #1: fromelf --bin --output .\rvmdk\freertos_demo.bin .\rvmdk\freertos_demo.axf
".\rvmdk\freertos_demo.axf" - 0 Error(s), 6 Warning(s).
Load "C:\\Users\\Oriana\\Desktop\\InverterFinalCode\\InverterControlLoop\\rvmdk\\freertos_demo.axf" 
Connecting: Mode=JTAG, Speed=1000000Hz
Erase Done.
Programming Done.
Verify OK.
rtos_demo.axf" - 1 Error(s), 8 Warning(s).
Target not created
.c: 2 warnings, 1 error
".\rvmdk\freertos_demo.axf" - 2 Error(s), 8 Warning(s).
Target not created
sinTheta=PI-spll_obj->theta[0];
PLL.c(209): warning:  #1035-D: single-precision operand implicitly converted to double-precision
      if(spll_obj->theta[0]> PI && spll_obj->theta[0]< (Q3PI2)){ //Q3
PLL.c(209): warning:  #1035-D: single-precision operand implicitly converted to double-precision
      if(spll_obj->theta[0]> PI && spll_obj->theta[0]< (Q3PI2)){ //Q3
PLL.c(210): warning:  #1035-D: single-precision operand implicitly converted to double-precision
          sinTheta=spll_obj->theta[0]-PI;
PLL.c(213): warning:  #1035-D: single-precision operand implicitly converted to double-precision
      if(spll_obj->theta[0]> (Q3PI2) && spll_obj->theta[0] < (Q2PI)){ //Q4
PLL.c(213): warning:  #1035-D: single-precision operand implicitly converted to double-precision
      if(spll_obj->theta[0]> (Q3PI2) && spll_obj->theta[0] < (Q2PI)){ //Q4
PLL.c(214): warning:  #1035-D: single-precision operand implicitly converted to double-precision
          sinTheta=(Q2PI)-spll_obj->theta[0];
PLL.c(227): warning:  #177-D: variable "fun" was declared but never referenced
                        bool fun=false;
PLL.c(237): warning:  #1035-D: single-precision operand implicitly converted to double-precision
      float cosIndex=spll_obj->theta[0]+(QPI2); //changing the theta for cos
PLL.c(238): warning:  #1035-D: single-precision operand implicitly converted to double-precision
      if(cosIndex>(Q2PI)){ //Q1
PLL.c(239): warning:  #1035-D: single-precision operand implicitly converted to double-precision
          cosIndex=cosIndex-(Q2PI);
PLL.c(241): warning:  #1035-D: single-precision operand implicitly converted to double-precision
      if(cosIndex> (QPI2) && cosIndex< (PI)) {//Q2
PLL.c(241): warning:  #1035-D: single-precision operand implicitly converted to double-precision
      if(cosIndex> (QPI2) && cosIndex< (PI)) {//Q2
PLL.c(242): warning:  #1035-D: single-precision operand implicitly converted to double-precision
         cosIndex=PI-cosIndex;
PLL.c(244): warning:  #1035-D: single-precision operand implicitly converted to double-precision
      if(cosIndex> PI && cosIndex< (Q3PI2)){//Q3
PLL.c(244): warning:  #1035-D: single-precision operand implicitly converted to double-precision
      if(cosIndex> PI && cosIndex< (Q3PI2)){//Q3
PLL.c(245): warning:  #1035-D: single-precision operand implicitly converted to double-precision
          cosIndex=cosIndex-PI;
PLL.c(248): warning:  #1035-D: single-precision operand implicitly converted to double-precision
      if(cosIndex> (Q3PI2) && cosIndex < (Q2PI)){ //Q4
PLL.c(248): warning:  #1035-D: single-precision operand implicitly converted to double-precision
      if(cosIndex> (Q3PI2) && cosIndex < (Q2PI)){ //Q4
PLL.c(249): warning:  #1035-D: single-precision operand implicitly converted to double-precision
          cosIndex=(Q2PI)-cosIndex;
PLL.c(259): warning:  #1035-D: single-precision operand implicitly converted to double-precision
      if(sinTheta>(Q2PI)){ //Q1
PLL.c(260): warning:  #1035-D: single-precision operand implicitly converted to double-precision
          sinTheta=sinTheta-(Q2PI);
PLL.c(262): warning:  #1035-D: single-precision operand implicitly converted to double-precision
      if(sinTheta> (QPI2) && sinTheta< (PI)){
PLL.c(262): warning:  #1035-D: single-precision operand implicitly converted to double-precision
      if(sinTheta> (QPI2) && sinTheta< (PI)){
PLL.c(263): warning:  #1035-D: single-precision operand implicitly converted to double-precision
         sinTheta=PI-sinTheta;
PLL.c(266): warning:  #1035-D: single-precision operand implicitly converted to double-precision
      if(sinTheta> PI && sinTheta< (Q3PI2)){ //Q3
PLL.c(266): warning:  #1035-D: single-precision operand implicitly converted to double-precision
      if(sinTheta> PI && sinTheta< (Q3PI2)){ //Q3
PLL.c(267): warning:  #1035-D: single-precision operand implicitly converted to double-precision
          sinTheta=sinTheta-PI;
PLL.c(270): warning:  #1035-D: single-precision operand implicitly converted to double-precision
      if(sinTheta> (Q3PI2) && sinTheta < (Q2PI)){ //Q4
PLL.c(270): warning:  #1035-D: single-precision operand implicitly converted to double-precision
      if(sinTheta> (Q3PI2) && sinTheta < (Q2PI)){ //Q4
PLL.c(271): warning:  #1035-D: single-precision operand implicitly converted to double-precision
          sinTheta=(Q2PI)-sinTheta;
PLL.c(301): warning:  #177-D: variable "fun" was declared but never referenced
                bool fun=false;
PLL.c(317): warning:  #1-D: last line of file ends without a newline
  }
PLL.c: 35 warnings, 0 errors
compiling pwm_task.c...
pwm_task.c(173): warning:  #940-D: missing return statement at end of non-void function "PWMTaskInit"
  }
pwm_task.c(97): warning:  #177-D: function "PWMTask" was declared but never referenced
  static void PWMTask(void *pvParameters)
pwm_task.c: 2 warnings, 0 errors
compiling gpio_task.c...
linking...
Program Size: Code=10948 RO-data=5592 RW-data=1644 ZI-data=9588  
After Build - User command #1: fromelf --bin --output .\rvmdk\freertos_demo.bin .\rvmdk\freertos_demo.axf
".\rvmdk\freertos_demo.axf" - 0 Error(s), 44 Warning(s).
.axf: Error: L6200E: Symbol ProducerTask multiply defined (by pwm_task.o and main.o).
.\rvmdk\freertos_demo.axf: Error: L6200E: Symbol ProducerTask multiply defined (by gpio_task.o and main.o).
Not enough information to list image symbols.
Not enough information to list the image map.
Finished: 2 information, 0 warning and 4 error messages.
".\rvmdk\freertos_demo.axf" - 4 Error(s), 44 Warning(s).
Target not created
