ARM Linker, 5.03 [Build 76] [MDK-ARM Lite]

==============================================================================

Section Cross References

    main.o(i.ConfigureUART) refers to uart.o(i.UARTClockSourceSet) for UARTClockSourceSet
    main.o(i.ConfigureUART) refers to uartstdio.o(i.UARTStdioConfig) for UARTStdioConfig
    main.o(i.main) refers to gpio_task.o(i.GPIOTaskInit) for GPIOTaskInit
    main.o(i.main) refers to adc_task.o(i.ADCTaskInit) for ADCTaskInit
    main.o(i.main) refers to pll.o(i.PLLTaskInit) for PLLTaskInit
    main.o(i.main) refers to main.o(i.ConfigureUART) for ConfigureUART
    main.o(i.main) refers to uartstdio.o(i.UARTprintf) for UARTprintf
    main.o(i.main) refers to interrupt.o(i.IntEnable) for IntEnable
    main.o(i.main) refers to adc_task.o(i.ADCTask) for ADCTask
    main.o(i.main) refers to gpio_task.o(i.GPIOTask) for GPIOTask
    main.o(i.main) refers to main.o(i.Producer) for Producer
    main.o(i.main) refers to main.o(.bss) for .bss
    main.o(i.main) refers to pll.o(.bss) for PLLSync
    startup_rvmdk.o(RESET) refers to startup_rvmdk.o(STACK) for StackMem
    startup_rvmdk.o(RESET) refers to entry.o(.ARM.Collect$$$$00000000) for __main
    uartstdio.o(i.UARTStdioConfig) refers to uartstdio.o(.constdata) for .constdata
    uartstdio.o(i.UARTStdioConfig) refers to uartstdio.o(.data) for .data
    uartstdio.o(i.UARTgetc) refers to uartstdio.o(.data) for .data
    uartstdio.o(i.UARTgets) refers to uartstdio.o(i.UARTwrite) for UARTwrite
    uartstdio.o(i.UARTgets) refers to uartstdio.o(.data) for .data
    uartstdio.o(i.UARTprintf) refers to uartstdio.o(i.UARTvprintf) for UARTvprintf
    uartstdio.o(i.UARTvprintf) refers to uartstdio.o(i.UARTwrite) for UARTwrite
    uartstdio.o(i.UARTvprintf) refers to uartstdio.o(.constdata) for .constdata
    uartstdio.o(i.UARTwrite) refers to uartstdio.o(.data) for .data
    uartstdio.o(.constdata) refers to uartstdio.o(.conststring) for .conststring
    ustdlib.o(i.ulocaltime) refers to ustdlib.o(.constdata) for .constdata
    ustdlib.o(i.umktime) refers to ustdlib.o(i.ulocaltime) for ulocaltime
    ustdlib.o(i.umktime) refers to ustdlib.o(i.ucmptime) for ucmptime
    ustdlib.o(i.urand) refers to ustdlib.o(.data) for .data
    ustdlib.o(i.usnprintf) refers to ustdlib.o(i.uvsnprintf) for uvsnprintf
    ustdlib.o(i.usprintf) refers to ustdlib.o(i.uvsnprintf) for uvsnprintf
    ustdlib.o(i.usrand) refers to ustdlib.o(.data) for .data
    ustdlib.o(i.ustrcasecmp) refers to ustdlib.o(i.ustrncasecmp) for ustrncasecmp
    ustdlib.o(i.ustrcmp) refers to ustdlib.o(i.ustrncmp) for ustrncmp
    ustdlib.o(i.ustrstr) refers to ustdlib.o(i.ustrlen) for ustrlen
    ustdlib.o(i.ustrstr) refers to ustdlib.o(i.ustrncmp) for ustrncmp
    ustdlib.o(i.ustrtof) refers to ustdlib.o(.constdata) for .constdata
    ustdlib.o(i.uvsnprintf) refers to ustdlib.o(i.ustrncpy) for ustrncpy
    ustdlib.o(i.uvsnprintf) refers to ustdlib.o(.constdata) for .constdata
    ustdlib.o(.constdata) refers to ustdlib.o(.conststring) for .conststring
    adc_task.o(i.ADC0Seq2_Handler) refers to adc.o(i.ADCIntClear) for ADCIntClear
    adc_task.o(i.ADC0Seq2_Handler) refers to gpio.o(i.GPIOPinWrite) for GPIOPinWrite
    adc_task.o(i.ADC0Seq2_Handler) refers to adc.o(i.ADCSequenceDataGet) for ADCSequenceDataGet
    adc_task.o(i.ADC0Seq2_Handler) refers to adc_task.o(.data) for .data
    adc_task.o(i.ADC0Seq2_Handler) refers to adc_task.o(.bss) for .bss
    adc_task.o(i.ADC0Seq2_Handler) refers to gpio_task.o(.data) for inputValue
    adc_task.o(i.ADC0Seq2_Handler) refers to gpio_task.o(.data) for dcValue
    adc_task.o(i.ADCTask) refers to gpio.o(i.GPIOPinWrite) for GPIOPinWrite
    adc_task.o(i.ADCTask) refers to adc_task.o(i.sqrt) for sqrt
    adc_task.o(i.ADCTask) refers to uartstdio.o(i.UARTprintf) for UARTprintf
    adc_task.o(i.ADCTask) refers to adc_task.o(.data) for .data
    adc_task.o(i.ADCTask) refers to gpio_task.o(.data) for dcValue
    adc_task.o(i.ADCTaskInit) refers to sysctl.o(i.SysCtlPeripheralEnable) for SysCtlPeripheralEnable
    adc_task.o(i.ADCTaskInit) refers to gpio.o(i.GPIOPinTypeADC) for GPIOPinTypeADC
    adc_task.o(i.ADCTaskInit) refers to timer.o(i.TimerDisable) for TimerDisable
    adc_task.o(i.ADCTaskInit) refers to timer.o(i.TimerControlTrigger) for TimerControlTrigger
    adc_task.o(i.ADCTaskInit) refers to timer.o(i.TimerConfigure) for TimerConfigure
    adc_task.o(i.ADCTaskInit) refers to sysctl.o(i.SysCtlClockGet) for SysCtlClockGet
    adc_task.o(i.ADCTaskInit) refers to timer.o(i.TimerLoadSet) for TimerLoadSet
    adc_task.o(i.ADCTaskInit) refers to timer.o(i.TimerIntDisable) for TimerIntDisable
    adc_task.o(i.ADCTaskInit) refers to timer.o(i.TimerEnable) for TimerEnable
    adc_task.o(i.ADCTaskInit) refers to adc.o(i.ADCClockConfigSet) for ADCClockConfigSet
    adc_task.o(i.ADCTaskInit) refers to adc.o(i.ADCSequenceDisable) for ADCSequenceDisable
    adc_task.o(i.ADCTaskInit) refers to adc.o(i.ADCSequenceConfigure) for ADCSequenceConfigure
    adc_task.o(i.ADCTaskInit) refers to adc.o(i.ADCSequenceStepConfigure) for ADCSequenceStepConfigure
    adc_task.o(i.ADCTaskInit) refers to adc.o(i.ADCSequenceEnable) for ADCSequenceEnable
    adc_task.o(i.ADCTaskInit) refers to adc.o(i.ADCIntEnable) for ADCIntEnable
    adc_task.o(i.ADCTaskInit) refers to adc.o(i.ADCIntRegister) for ADCIntRegister
    adc_task.o(i.ADCTaskInit) refers to interrupt.o(i.IntPrioritySet) for IntPrioritySet
    adc_task.o(i.ADCTaskInit) refers to interrupt.o(i.IntDisable) for IntDisable
    adc_task.o(i.ADCTaskInit) refers to adc.o(i.ADCIntClear) for ADCIntClear
    adc_task.o(i.ADCTaskInit) refers to adc_task.o(i.ADC0Seq2_Handler) for ADC0Seq2_Handler
    gpio_task.o(i.GPIOTask) refers to interrupt.o(i.IntEnable) for IntEnable
    gpio_task.o(i.GPIOTask) refers to dfltui.o(.text) for __aeabi_ui2d
    gpio_task.o(i.GPIOTask) refers to gpio_task.o(i.GPIO_PB2_SET_LOW) for GPIO_PB2_SET_LOW
    gpio_task.o(i.GPIOTask) refers to gpio_task.o(.data) for .data
    gpio_task.o(i.GPIOTaskInit) refers to sysctl.o(i.SysCtlPeripheralEnable) for SysCtlPeripheralEnable
    gpio_task.o(i.GPIOTaskInit) refers to gpio.o(i.GPIOPinTypeGPIOOutput) for GPIOPinTypeGPIOOutput
    gpio_task.o(i.GPIOTaskInit) refers to gpio_task.o(i.configureTimer1A) for configureTimer1A
    gpio_task.o(i.GPIO_PB2_SET_HIGH) refers to gpio.o(i.GPIOPinWrite) for GPIOPinWrite
    gpio_task.o(i.GPIO_PB2_SET_LOW) refers to gpio.o(i.GPIOPinWrite) for GPIOPinWrite
    gpio_task.o(i.Timer1AIntHandler) refers to timer.o(i.TimerIntClear) for TimerIntClear
    gpio_task.o(i.Timer1AIntHandler) refers to dfltui.o(.text) for __aeabi_ui2d
    gpio_task.o(i.Timer1AIntHandler) refers to dmul.o(.text) for __aeabi_dmul
    gpio_task.o(i.Timer1AIntHandler) refers to dfixui.o(.text) for __aeabi_d2uiz
    gpio_task.o(i.Timer1AIntHandler) refers to gpio.o(i.GPIOPinWrite) for GPIOPinWrite
    gpio_task.o(i.Timer1AIntHandler) refers to adc_task.o(.bss) for adcRawInput
    gpio_task.o(i.Timer1AIntHandler) refers to adc_task.o(.data) for adc_input_index
    gpio_task.o(i.Timer1AIntHandler) refers to gpio_task.o(.data) for .data
    gpio_task.o(i.configureTimer1A) refers to sysctl.o(i.SysCtlPeripheralEnable) for SysCtlPeripheralEnable
    gpio_task.o(i.configureTimer1A) refers to timer.o(i.TimerConfigure) for TimerConfigure
    gpio_task.o(i.configureTimer1A) refers to sysctl.o(i.SysCtlClockGet) for SysCtlClockGet
    gpio_task.o(i.configureTimer1A) refers to timer.o(i.TimerLoadSet) for TimerLoadSet
    gpio_task.o(i.configureTimer1A) refers to timer.o(i.TimerIntRegister) for TimerIntRegister
    gpio_task.o(i.configureTimer1A) refers to interrupt.o(i.IntPrioritySet) for IntPrioritySet
    gpio_task.o(i.configureTimer1A) refers to timer.o(i.TimerEnable) for TimerEnable
    gpio_task.o(i.configureTimer1A) refers to timer.o(i.TimerIntEnable) for TimerIntEnable
    gpio_task.o(i.configureTimer1A) refers to interrupt.o(i.IntDisable) for IntDisable
    gpio_task.o(i.configureTimer1A) refers to timer.o(i.TimerIntClear) for TimerIntClear
    gpio_task.o(i.configureTimer1A) refers to gpio_task.o(i.Timer1AIntHandler) for Timer1AIntHandler
    pll.o(i.PLLCoeffUpdate) refers to f2d.o(.text) for __aeabi_f2d
    pll.o(i.PLLCoeffUpdate) refers to dadd.o(.text) for __aeabi_dadd
    pll.o(i.PLLCoeffUpdate) refers to ddiv.o(.text) for __aeabi_ddiv
    pll.o(i.PLLCoeffUpdate) refers to d2f.o(.text) for __aeabi_d2f
    pll.o(i.PLLCoeffUpdate) refers to dmul.o(.text) for __aeabi_dmul
    pll.o(i.PLLRun) refers to dfltui.o(.text) for __aeabi_ui2d
    pll.o(i.PLLRun) refers to sin.o(i.__hardfp_sin) for __hardfp_sin
    pll.o(i.PLLRun) refers to dfixui.o(.text) for __aeabi_d2uiz
    pll.o(i.PLLRun) refers to cos.o(i.__hardfp_cos) for __hardfp_cos
    pll.o(i.PLLTask) refers to uartstdio.o(i.UARTprintf) for UARTprintf
    pll.o(i.Timer2AIntHandler) refers to timer.o(i.TimerIntClear) for TimerIntClear
    pll.o(i.Timer2AIntHandler) refers to pll.o(i.PLLRun) for PLLRun
    pll.o(i.Timer2AIntHandler) refers to pll.o(.bss) for .bss
    pll.o(i.configureTimer2A) refers to sysctl.o(i.SysCtlPeripheralEnable) for SysCtlPeripheralEnable
    pll.o(i.configureTimer2A) refers to timer.o(i.TimerConfigure) for TimerConfigure
    pll.o(i.configureTimer2A) refers to sysctl.o(i.SysCtlClockGet) for SysCtlClockGet
    pll.o(i.configureTimer2A) refers to timer.o(i.TimerLoadSet) for TimerLoadSet
    pll.o(i.configureTimer2A) refers to timer.o(i.TimerIntRegister) for TimerIntRegister
    pll.o(i.configureTimer2A) refers to interrupt.o(i.IntPrioritySet) for IntPrioritySet
    pll.o(i.configureTimer2A) refers to timer.o(i.TimerEnable) for TimerEnable
    pll.o(i.configureTimer2A) refers to timer.o(i.TimerIntEnable) for TimerIntEnable
    pll.o(i.configureTimer2A) refers to interrupt.o(i.IntEnable) for IntEnable
    pll.o(i.configureTimer2A) refers to pll.o(i.Timer2AIntHandler) for Timer2AIntHandler
    adc.o(i.ADCIntRegister) refers to interrupt.o(i.IntRegister) for IntRegister
    adc.o(i.ADCIntRegister) refers to interrupt.o(i.IntEnable) for IntEnable
    adc.o(i.ADCIntUnregister) refers to interrupt.o(i.IntDisable) for IntDisable
    adc.o(i.ADCIntUnregister) refers to interrupt.o(i.IntUnregister) for IntUnregister
    adc.o(i.ADCSoftwareOversampleConfigure) refers to adc.o(.data) for .data
    adc.o(i.ADCSoftwareOversampleDataGet) refers to adc.o(.data) for .data
    adc.o(i.ADCSoftwareOversampleStepConfigure) refers to adc.o(.data) for .data
    gpio.o(i.GPIOIntRegister) refers to gpio.o(i._GPIOIntNumberGet) for _GPIOIntNumberGet
    gpio.o(i.GPIOIntRegister) refers to interrupt.o(i.IntRegister) for IntRegister
    gpio.o(i.GPIOIntRegister) refers to interrupt.o(i.IntEnable) for IntEnable
    gpio.o(i.GPIOIntRegisterPin) refers to gpio.o(i._GPIOIntNumberGet) for _GPIOIntNumberGet
    gpio.o(i.GPIOIntRegisterPin) refers to interrupt.o(i.IntRegister) for IntRegister
    gpio.o(i.GPIOIntRegisterPin) refers to interrupt.o(i.IntEnable) for IntEnable
    gpio.o(i.GPIOIntUnregister) refers to gpio.o(i._GPIOIntNumberGet) for _GPIOIntNumberGet
    gpio.o(i.GPIOIntUnregister) refers to interrupt.o(i.IntDisable) for IntDisable
    gpio.o(i.GPIOIntUnregister) refers to interrupt.o(i.IntUnregister) for IntUnregister
    gpio.o(i.GPIOIntUnregisterPin) refers to gpio.o(i._GPIOIntNumberGet) for _GPIOIntNumberGet
    gpio.o(i.GPIOIntUnregisterPin) refers to interrupt.o(i.IntDisable) for IntDisable
    gpio.o(i.GPIOIntUnregisterPin) refers to interrupt.o(i.IntUnregister) for IntUnregister
    gpio.o(i.GPIOPinConfigure) refers to gpio.o(.constdata) for .constdata
    gpio.o(i.GPIOPinTypeADC) refers to gpio.o(i.GPIODirModeSet) for GPIODirModeSet
    gpio.o(i.GPIOPinTypeADC) refers to gpio.o(i.GPIOPadConfigSet) for GPIOPadConfigSet
    gpio.o(i.GPIOPinTypeCAN) refers to gpio.o(i.GPIODirModeSet) for GPIODirModeSet
    gpio.o(i.GPIOPinTypeCAN) refers to gpio.o(i.GPIOPadConfigSet) for GPIOPadConfigSet
    gpio.o(i.GPIOPinTypeComparator) refers to gpio.o(i.GPIODirModeSet) for GPIODirModeSet
    gpio.o(i.GPIOPinTypeComparator) refers to gpio.o(i.GPIOPadConfigSet) for GPIOPadConfigSet
    gpio.o(i.GPIOPinTypeComparatorOutput) refers to gpio.o(i.GPIODirModeSet) for GPIODirModeSet
    gpio.o(i.GPIOPinTypeComparatorOutput) refers to gpio.o(i.GPIOPadConfigSet) for GPIOPadConfigSet
    gpio.o(i.GPIOPinTypeDIVSCLK) refers to gpio.o(i.GPIODirModeSet) for GPIODirModeSet
    gpio.o(i.GPIOPinTypeDIVSCLK) refers to gpio.o(i.GPIOPadConfigSet) for GPIOPadConfigSet
    gpio.o(i.GPIOPinTypeEPI) refers to gpio.o(i.GPIODirModeSet) for GPIODirModeSet
    gpio.o(i.GPIOPinTypeEPI) refers to gpio.o(i.GPIOPadConfigSet) for GPIOPadConfigSet
    gpio.o(i.GPIOPinTypeEthernetLED) refers to gpio.o(i.GPIODirModeSet) for GPIODirModeSet
    gpio.o(i.GPIOPinTypeEthernetLED) refers to gpio.o(i.GPIOPadConfigSet) for GPIOPadConfigSet
    gpio.o(i.GPIOPinTypeEthernetMII) refers to gpio.o(i.GPIODirModeSet) for GPIODirModeSet
    gpio.o(i.GPIOPinTypeEthernetMII) refers to gpio.o(i.GPIOPadConfigSet) for GPIOPadConfigSet
    gpio.o(i.GPIOPinTypeGPIOInput) refers to gpio.o(i.GPIODirModeSet) for GPIODirModeSet
    gpio.o(i.GPIOPinTypeGPIOInput) refers to gpio.o(i.GPIOPadConfigSet) for GPIOPadConfigSet
    gpio.o(i.GPIOPinTypeGPIOOutput) refers to gpio.o(i.GPIOPadConfigSet) for GPIOPadConfigSet
    gpio.o(i.GPIOPinTypeGPIOOutput) refers to gpio.o(i.GPIODirModeSet) for GPIODirModeSet
    gpio.o(i.GPIOPinTypeGPIOOutputOD) refers to gpio.o(i.GPIOPadConfigSet) for GPIOPadConfigSet
    gpio.o(i.GPIOPinTypeGPIOOutputOD) refers to gpio.o(i.GPIODirModeSet) for GPIODirModeSet
    gpio.o(i.GPIOPinTypeHibernateRTCCLK) refers to gpio.o(i.GPIODirModeSet) for GPIODirModeSet
    gpio.o(i.GPIOPinTypeHibernateRTCCLK) refers to gpio.o(i.GPIOPadConfigSet) for GPIOPadConfigSet
    gpio.o(i.GPIOPinTypeI2C) refers to gpio.o(i.GPIODirModeSet) for GPIODirModeSet
    gpio.o(i.GPIOPinTypeI2C) refers to gpio.o(i.GPIOPadConfigSet) for GPIOPadConfigSet
    gpio.o(i.GPIOPinTypeI2CSCL) refers to gpio.o(i.GPIODirModeSet) for GPIODirModeSet
    gpio.o(i.GPIOPinTypeI2CSCL) refers to gpio.o(i.GPIOPadConfigSet) for GPIOPadConfigSet
    gpio.o(i.GPIOPinTypeLCD) refers to gpio.o(i.GPIODirModeSet) for GPIODirModeSet
    gpio.o(i.GPIOPinTypeLCD) refers to gpio.o(i.GPIOPadConfigSet) for GPIOPadConfigSet
    gpio.o(i.GPIOPinTypeOneWire) refers to gpio.o(i.GPIODirModeSet) for GPIODirModeSet
    gpio.o(i.GPIOPinTypeOneWire) refers to gpio.o(i.GPIOPadConfigSet) for GPIOPadConfigSet
    gpio.o(i.GPIOPinTypePWM) refers to gpio.o(i.GPIODirModeSet) for GPIODirModeSet
    gpio.o(i.GPIOPinTypePWM) refers to gpio.o(i.GPIOPadConfigSet) for GPIOPadConfigSet
    gpio.o(i.GPIOPinTypeQEI) refers to gpio.o(i.GPIODirModeSet) for GPIODirModeSet
    gpio.o(i.GPIOPinTypeQEI) refers to gpio.o(i.GPIOPadConfigSet) for GPIOPadConfigSet
    gpio.o(i.GPIOPinTypeSSI) refers to gpio.o(i.GPIODirModeSet) for GPIODirModeSet
    gpio.o(i.GPIOPinTypeSSI) refers to gpio.o(i.GPIOPadConfigSet) for GPIOPadConfigSet
    gpio.o(i.GPIOPinTypeTimer) refers to gpio.o(i.GPIODirModeSet) for GPIODirModeSet
    gpio.o(i.GPIOPinTypeTimer) refers to gpio.o(i.GPIOPadConfigSet) for GPIOPadConfigSet
    gpio.o(i.GPIOPinTypeTrace) refers to gpio.o(i.GPIODirModeSet) for GPIODirModeSet
    gpio.o(i.GPIOPinTypeTrace) refers to gpio.o(i.GPIOPadConfigSet) for GPIOPadConfigSet
    gpio.o(i.GPIOPinTypeUART) refers to gpio.o(i.GPIODirModeSet) for GPIODirModeSet
    gpio.o(i.GPIOPinTypeUART) refers to gpio.o(i.GPIOPadConfigSet) for GPIOPadConfigSet
    gpio.o(i.GPIOPinTypeUSBAnalog) refers to gpio.o(i.GPIODirModeSet) for GPIODirModeSet
    gpio.o(i.GPIOPinTypeUSBAnalog) refers to gpio.o(i.GPIOPadConfigSet) for GPIOPadConfigSet
    gpio.o(i.GPIOPinTypeUSBDigital) refers to gpio.o(i.GPIODirModeSet) for GPIODirModeSet
    gpio.o(i.GPIOPinTypeUSBDigital) refers to gpio.o(i.GPIOPadConfigSet) for GPIOPadConfigSet
    gpio.o(i.GPIOPinTypeWakeHigh) refers to gpio.o(i.GPIODirModeSet) for GPIODirModeSet
    gpio.o(i.GPIOPinTypeWakeHigh) refers to gpio.o(i.GPIOPadConfigSet) for GPIOPadConfigSet
    gpio.o(i.GPIOPinTypeWakeLow) refers to gpio.o(i.GPIODirModeSet) for GPIODirModeSet
    gpio.o(i.GPIOPinTypeWakeLow) refers to gpio.o(i.GPIOPadConfigSet) for GPIOPadConfigSet
    gpio.o(i._GPIOIntNumberGet) refers to gpio.o(.constdata) for .constdata
    interrupt.o(i.IntDisable) refers to interrupt.o(.constdata) for .constdata
    interrupt.o(i.IntEnable) refers to interrupt.o(.constdata) for .constdata
    interrupt.o(i.IntIsEnabled) refers to interrupt.o(.constdata) for .constdata
    interrupt.o(i.IntMasterDisable) refers to cpu.o(.emb_text) for CPUcpsid
    interrupt.o(i.IntMasterEnable) refers to cpu.o(.emb_text) for CPUcpsie
    interrupt.o(i.IntPendClear) refers to interrupt.o(.constdata) for .constdata
    interrupt.o(i.IntPendSet) refers to interrupt.o(.constdata) for .constdata
    interrupt.o(i.IntPriorityGet) refers to interrupt.o(.constdata) for .constdata
    interrupt.o(i.IntPriorityGroupingGet) refers to interrupt.o(.constdata) for .constdata
    interrupt.o(i.IntPriorityGroupingSet) refers to interrupt.o(.constdata) for .constdata
    interrupt.o(i.IntPriorityMaskGet) refers to cpu.o(.emb_text) for CPUbasepriGet
    interrupt.o(i.IntPriorityMaskSet) refers to cpu.o(.emb_text) for CPUbasepriSet
    interrupt.o(i.IntPrioritySet) refers to interrupt.o(.constdata) for .constdata
    interrupt.o(i.IntRegister) refers to interrupt.o(vtable) for vtable
    interrupt.o(i.IntUnregister) refers to interrupt.o(i._IntDefaultHandler) for _IntDefaultHandler
    interrupt.o(i.IntUnregister) refers to interrupt.o(vtable) for vtable
    sysctl.o(i.SysCtlClockFreqSet) refers to sysctl.o(.constdata) for .constdata
    sysctl.o(i.SysCtlClockGet) refers to sysctl.o(.constdata) for .constdata
    sysctl.o(i.SysCtlClockSet) refers to sysctl.o(.emb_text) for SysCtlDelay
    sysctl.o(i.SysCtlDeepSleep) refers to cpu.o(.emb_text) for CPUwfi
    sysctl.o(i.SysCtlIntRegister) refers to interrupt.o(i.IntRegister) for IntRegister
    sysctl.o(i.SysCtlIntRegister) refers to interrupt.o(i.IntEnable) for IntEnable
    sysctl.o(i.SysCtlIntUnregister) refers to interrupt.o(i.IntDisable) for IntDisable
    sysctl.o(i.SysCtlIntUnregister) refers to interrupt.o(i.IntUnregister) for IntUnregister
    sysctl.o(i.SysCtlSleep) refers to cpu.o(.emb_text) for CPUwfi
    sysctl.o(i.SysCtlVCOGet) refers to sysctl.o(.constdata) for .constdata
    timer.o(i.TimerIntRegister) refers to interrupt.o(i.IntRegister) for IntRegister
    timer.o(i.TimerIntRegister) refers to interrupt.o(i.IntEnable) for IntEnable
    timer.o(i.TimerIntRegister) refers to timer.o(.constdata) for .constdata
    timer.o(i.TimerIntUnregister) refers to interrupt.o(i.IntDisable) for IntDisable
    timer.o(i.TimerIntUnregister) refers to interrupt.o(i.IntUnregister) for IntUnregister
    timer.o(i.TimerIntUnregister) refers to timer.o(.constdata) for .constdata
    uart.o(i.UARTIntRegister) refers to interrupt.o(i.IntRegister) for IntRegister
    uart.o(i.UARTIntRegister) refers to interrupt.o(i.IntEnable) for IntEnable
    uart.o(i.UARTIntRegister) refers to uart.o(.constdata) for .constdata
    uart.o(i.UARTIntUnregister) refers to interrupt.o(i.IntDisable) for IntDisable
    uart.o(i.UARTIntUnregister) refers to interrupt.o(i.IntUnregister) for IntUnregister
    uart.o(i.UARTIntUnregister) refers to uart.o(.constdata) for .constdata
    cos.o(i.__hardfp_cos) refers (Special) to iusefp.o(.text) for __I$use$fp
    cos.o(i.__hardfp_cos) refers to errno.o(i.__set_errno) for __set_errno
    cos.o(i.__hardfp_cos) refers to ddiv.o(.text) for __aeabi_ddiv
    cos.o(i.__hardfp_cos) refers to dadd.o(.text) for __aeabi_dadd
    cos.o(i.__hardfp_cos) refers to rred.o(i.__ieee754_rem_pio2) for __ieee754_rem_pio2
    cos.o(i.__hardfp_cos) refers to sin_i.o(i.__kernel_sin) for __kernel_sin
    cos.o(i.__hardfp_cos) refers to cos_i.o(i.__kernel_cos) for __kernel_cos
    cos.o(i.__softfp_cos) refers (Special) to iusefp.o(.text) for __I$use$fp
    cos.o(i.__softfp_cos) refers to cos.o(i.__hardfp_cos) for __hardfp_cos
    cos.o(i.cos) refers (Special) to iusefp.o(.text) for __I$use$fp
    cos.o(i.cos) refers to cos.o(i.__hardfp_cos) for __hardfp_cos
    cos_x.o(i.____hardfp_cos$lsc) refers (Special) to iusefp.o(.text) for __I$use$fp
    cos_x.o(i.____hardfp_cos$lsc) refers to errno.o(i.__set_errno) for __set_errno
    cos_x.o(i.____hardfp_cos$lsc) refers to dadd.o(.text) for __aeabi_dadd
    cos_x.o(i.____hardfp_cos$lsc) refers to rred.o(i.__ieee754_rem_pio2) for __ieee754_rem_pio2
    cos_x.o(i.____hardfp_cos$lsc) refers to sin_i.o(i.__kernel_sin) for __kernel_sin
    cos_x.o(i.____hardfp_cos$lsc) refers to cos_i.o(i.__kernel_cos) for __kernel_cos
    cos_x.o(i.____softfp_cos$lsc) refers (Special) to iusefp.o(.text) for __I$use$fp
    cos_x.o(i.____softfp_cos$lsc) refers to cos_x.o(i.____hardfp_cos$lsc) for ____hardfp_cos$lsc
    cos_x.o(i.__cos$lsc) refers (Special) to iusefp.o(.text) for __I$use$fp
    cos_x.o(i.__cos$lsc) refers to cos_x.o(i.____hardfp_cos$lsc) for ____hardfp_cos$lsc
    sin.o(i.__hardfp_sin) refers (Special) to iusefp.o(.text) for __I$use$fp
    sin.o(i.__hardfp_sin) refers to errno.o(i.__set_errno) for __set_errno
    sin.o(i.__hardfp_sin) refers to ddiv.o(.text) for __aeabi_ddiv
    sin.o(i.__hardfp_sin) refers to dadd.o(.text) for __aeabi_dadd
    sin.o(i.__hardfp_sin) refers to rred.o(i.__ieee754_rem_pio2) for __ieee754_rem_pio2
    sin.o(i.__hardfp_sin) refers to cos_i.o(i.__kernel_cos) for __kernel_cos
    sin.o(i.__hardfp_sin) refers to sin_i.o(i.__kernel_sin) for __kernel_sin
    sin.o(i.__softfp_sin) refers (Special) to iusefp.o(.text) for __I$use$fp
    sin.o(i.__softfp_sin) refers to sin.o(i.__hardfp_sin) for __hardfp_sin
    sin.o(i.sin) refers (Special) to iusefp.o(.text) for __I$use$fp
    sin.o(i.sin) refers to sin.o(i.__hardfp_sin) for __hardfp_sin
    sin_x.o(i.____hardfp_sin$lsc) refers (Special) to iusefp.o(.text) for __I$use$fp
    sin_x.o(i.____hardfp_sin$lsc) refers to errno.o(i.__set_errno) for __set_errno
    sin_x.o(i.____hardfp_sin$lsc) refers to dadd.o(.text) for __aeabi_dadd
    sin_x.o(i.____hardfp_sin$lsc) refers to rred.o(i.__ieee754_rem_pio2) for __ieee754_rem_pio2
    sin_x.o(i.____hardfp_sin$lsc) refers to cos_i.o(i.__kernel_cos) for __kernel_cos
    sin_x.o(i.____hardfp_sin$lsc) refers to sin_i.o(i.__kernel_sin) for __kernel_sin
    sin_x.o(i.____softfp_sin$lsc) refers (Special) to iusefp.o(.text) for __I$use$fp
    sin_x.o(i.____softfp_sin$lsc) refers to sin_x.o(i.____hardfp_sin$lsc) for ____hardfp_sin$lsc
    sin_x.o(i.__sin$lsc) refers (Special) to iusefp.o(.text) for __I$use$fp
    sin_x.o(i.__sin$lsc) refers to sin_x.o(i.____hardfp_sin$lsc) for ____hardfp_sin$lsc
    entry.o(.ARM.Collect$$$$00000000) refers (Special) to entry10a.o(.ARM.Collect$$$$0000000D) for __rt_final_cpp
    entry.o(.ARM.Collect$$$$00000000) refers (Special) to entry11a.o(.ARM.Collect$$$$0000000F) for __rt_final_exit
    entry.o(.ARM.Collect$$$$00000000) refers (Special) to entry7b.o(.ARM.Collect$$$$00000008) for _main_clock
    entry.o(.ARM.Collect$$$$00000000) refers (Special) to entry8b.o(.ARM.Collect$$$$0000000A) for _main_cpp_init
    entry.o(.ARM.Collect$$$$00000000) refers (Special) to entry9a.o(.ARM.Collect$$$$0000000B) for _main_init
    entry.o(.ARM.Collect$$$$00000000) refers (Special) to entry5.o(.ARM.Collect$$$$00000004) for _main_scatterload
    entry.o(.ARM.Collect$$$$00000000) refers (Special) to entry2.o(.ARM.Collect$$$$00000001) for _main_stk
    dadd.o(.text) refers (Special) to iusefp.o(.text) for __I$use$fp
    dadd.o(.text) refers to llshl.o(.text) for __aeabi_llsl
    dadd.o(.text) refers to llsshr.o(.text) for __aeabi_lasr
    dadd.o(.text) refers to depilogue.o(.text) for _double_epilogue
    dmul.o(.text) refers (Special) to iusefp.o(.text) for __I$use$fp
    dmul.o(.text) refers to depilogue.o(.text) for _double_epilogue
    ddiv.o(.text) refers (Special) to iusefp.o(.text) for __I$use$fp
    ddiv.o(.text) refers to depilogue.o(.text) for _double_round
    dfltui.o(.text) refers (Special) to iusefp.o(.text) for __I$use$fp
    dfltui.o(.text) refers to depilogue.o(.text) for _double_epilogue
    dfixui.o(.text) refers (Special) to iusefp.o(.text) for __I$use$fp
    dfixui.o(.text) refers to llushr.o(.text) for __aeabi_llsr
    f2d.o(.text) refers (Special) to iusefp.o(.text) for __I$use$fp
    d2f.o(.text) refers (Special) to iusefp.o(.text) for __I$use$fp
    d2f.o(.text) refers to fepilogue.o(.text) for _float_round
    cos_i.o(i.__kernel_cos) refers (Special) to iusefp.o(.text) for __I$use$fp
    cos_i.o(i.__kernel_cos) refers to dfixi.o(.text) for __aeabi_d2iz
    cos_i.o(i.__kernel_cos) refers to dmul.o(.text) for __aeabi_dmul
    cos_i.o(i.__kernel_cos) refers to poly.o(i.__kernel_poly) for __kernel_poly
    cos_i.o(i.__kernel_cos) refers to dadd.o(.text) for __aeabi_dsub
    cos_i.o(i.__kernel_cos) refers to cos_i.o(.constdata) for .constdata
    cos_i.o(.constdata) refers (Special) to iusefp.o(.text) for __I$use$fp
    rred.o(i.__ieee754_rem_pio2) refers (Special) to iusefp.o(.text) for __I$use$fp
    rred.o(i.__ieee754_rem_pio2) refers to dadd.o(.text) for __aeabi_dsub
    rred.o(i.__ieee754_rem_pio2) refers to fabs.o(i.fabs) for fabs
    rred.o(i.__ieee754_rem_pio2) refers to dmul.o(.text) for __aeabi_dmul
    rred.o(i.__ieee754_rem_pio2) refers to dfixi.o(.text) for __aeabi_d2iz
    rred.o(i.__ieee754_rem_pio2) refers to dflti.o(.text) for __aeabi_i2d
    rred.o(i.__ieee754_rem_pio2) refers to dfltui.o(.text) for __aeabi_ui2d
    rred.o(i.__ieee754_rem_pio2) refers to rred.o(.constdata) for .constdata
    rred.o(i.__use_accurate_range_reduction) refers (Special) to iusefp.o(.text) for __I$use$fp
    rred.o(.constdata) refers (Special) to iusefp.o(.text) for __I$use$fp
    sin_i.o(i.__kernel_sin) refers (Special) to iusefp.o(.text) for __I$use$fp
    sin_i.o(i.__kernel_sin) refers to fpclassify.o(i.__ARM_fpclassify) for __ARM_fpclassify
    sin_i.o(i.__kernel_sin) refers to dunder.o(i.__mathlib_dbl_underflow) for __mathlib_dbl_underflow
    sin_i.o(i.__kernel_sin) refers to dmul.o(.text) for __aeabi_dmul
    sin_i.o(i.__kernel_sin) refers to poly.o(i.__kernel_poly) for __kernel_poly
    sin_i.o(i.__kernel_sin) refers to dadd.o(.text) for __aeabi_dsub
    sin_i.o(i.__kernel_sin) refers to sin_i.o(.constdata) for .constdata
    sin_i.o(.constdata) refers (Special) to iusefp.o(.text) for __I$use$fp
    sin_i_x.o(i.____kernel_sin$lsc) refers (Special) to iusefp.o(.text) for __I$use$fp
    sin_i_x.o(i.____kernel_sin$lsc) refers to dmul.o(.text) for __aeabi_dmul
    sin_i_x.o(i.____kernel_sin$lsc) refers to poly.o(i.__kernel_poly) for __kernel_poly
    sin_i_x.o(i.____kernel_sin$lsc) refers to dadd.o(.text) for __aeabi_dsub
    sin_i_x.o(i.____kernel_sin$lsc) refers to sin_i_x.o(.constdata) for .constdata
    sin_i_x.o(.constdata) refers (Special) to iusefp.o(.text) for __I$use$fp
    entry2.o(.ARM.Collect$$$$00000001) refers to entry2.o(.ARM.Collect$$$$00002712) for __lit__00000000
    entry2.o(.ARM.Collect$$$$00002712) refers to startup_rvmdk.o(STACK) for __initial_sp
    entry2.o(__vectab_stack_and_reset_area) refers to startup_rvmdk.o(STACK) for __initial_sp
    entry2.o(__vectab_stack_and_reset_area) refers to entry.o(.ARM.Collect$$$$00000000) for __main
    entry5.o(.ARM.Collect$$$$00000004) refers to init.o(.text) for __scatterload
    entry9a.o(.ARM.Collect$$$$0000000B) refers to main.o(i.main) for main
    entry9b.o(.ARM.Collect$$$$0000000C) refers to main.o(i.main) for main
    errno.o(i.__aeabi_errno_addr) refers to errno.o(.data) for .data
    errno.o(i.__read_errno) refers to errno.o(.data) for .data
    errno.o(i.__set_errno) refers to errno.o(.data) for .data
    depilogue.o(.text) refers to llshl.o(.text) for __aeabi_llsl
    depilogue.o(.text) refers to llushr.o(.text) for __aeabi_llsr
    dunder.o(i.__mathlib_dbl_underflow) refers to dmul.o(.text) for __aeabi_dmul
    fabs.o(i.__hardfp_fabs) refers (Special) to iusefp.o(.text) for __I$use$fp
    fabs.o(i.__softfp_fabs) refers (Special) to iusefp.o(.text) for __I$use$fp
    fabs.o(i.fabs) refers (Special) to iusefp.o(.text) for __I$use$fp
    fpclassify.o(i.__ARM_fpclassify) refers (Special) to iusefp.o(.text) for __I$use$fp
    poly.o(i.__kernel_poly) refers (Special) to iusefp.o(.text) for __I$use$fp
    poly.o(i.__kernel_poly) refers to dmul.o(.text) for __aeabi_dmul
    poly.o(i.__kernel_poly) refers to dadd.o(.text) for __aeabi_dadd
    init.o(.text) refers to entry5.o(.ARM.Collect$$$$00000004) for __main_after_scatterload
    dflti.o(.text) refers to depilogue.o(.text) for _double_epilogue
    dfixi.o(.text) refers to llushr.o(.text) for __aeabi_llsr


==============================================================================

Removing Unused input sections from the image.

    Removing startup_rvmdk.o(HEAP), (0 bytes).
    Removing startup_rvmdk.o(.text), (0 bytes).
    Removing uartstdio.o(i.UARTgetc), (24 bytes).
    Removing uartstdio.o(i.UARTgets), (132 bytes).
    Removing ustdlib.o(i.ucmptime), (82 bytes).
    Removing ustdlib.o(i.ulocaltime), (168 bytes).
    Removing ustdlib.o(i.umktime), (58 bytes).
    Removing ustdlib.o(i.urand), (28 bytes).
    Removing ustdlib.o(i.usnprintf), (18 bytes).
    Removing ustdlib.o(i.usprintf), (22 bytes).
    Removing ustdlib.o(i.usrand), (12 bytes).
    Removing ustdlib.o(i.ustrcasecmp), (8 bytes).
    Removing ustdlib.o(i.ustrcmp), (8 bytes).
    Removing ustdlib.o(i.ustrlen), (16 bytes).
    Removing ustdlib.o(i.ustrncasecmp), (70 bytes).
    Removing ustdlib.o(i.ustrncmp), (46 bytes).
    Removing ustdlib.o(i.ustrncpy), (34 bytes).
    Removing ustdlib.o(i.ustrstr), (42 bytes).
    Removing ustdlib.o(i.ustrtof), (320 bytes).
    Removing ustdlib.o(i.ustrtoul), (154 bytes).
    Removing ustdlib.o(i.uvsnprintf), (592 bytes).
    Removing ustdlib.o(.constdata), (76 bytes).
    Removing ustdlib.o(.conststring), (17 bytes).
    Removing ustdlib.o(.data), (4 bytes).
    Removing adc_task.o(i.ADC_Print), (2 bytes).
    Removing adc_task.o(i.ADC_PrintJSON), (2 bytes).
    Removing adc_task.o(i.clearAdcData), (12 bytes).
    Removing adc_task.o(i.setAdcData), (14 bytes).
    Removing adc_task.o(.data), (2 bytes).
    Removing adc_task.o(.data), (4 bytes).
    Removing adc_task.o(.data), (4 bytes).
    Removing gpio_task.o(i.GPIO_PB2_SET_HIGH), (16 bytes).
    Removing gpio_task.o(.data), (4 bytes).
    Removing pll.o(i.PLLCoeffUpdate), (292 bytes).
    Removing pll.o(i.PLLRun), (216 bytes).
    Removing pll.o(i.PLLTask), (20 bytes).
    Removing pll.o(i.Timer2AIntHandler), (28 bytes).
    Removing pll.o(i.configureTimer2A), (96 bytes).
    Removing adc.o(i.ADCBusy), (8 bytes).
    Removing adc.o(i.ADCClockConfigGet), (32 bytes).
    Removing adc.o(i.ADCComparatorConfigure), (10 bytes).
    Removing adc.o(i.ADCComparatorIntClear), (4 bytes).
    Removing adc.o(i.ADCComparatorIntDisable), (18 bytes).
    Removing adc.o(i.ADCComparatorIntEnable), (16 bytes).
    Removing adc.o(i.ADCComparatorIntStatus), (4 bytes).
    Removing adc.o(i.ADCComparatorRegionSet), (14 bytes).
    Removing adc.o(i.ADCComparatorReset), (40 bytes).
    Removing adc.o(i.ADCHardwareOversampleConfigure), (18 bytes).
    Removing adc.o(i.ADCIntClearEx), (4 bytes).
    Removing adc.o(i.ADCIntDisable), (16 bytes).
    Removing adc.o(i.ADCIntDisableEx), (10 bytes).
    Removing adc.o(i.ADCIntEnableEx), (8 bytes).
    Removing adc.o(i.ADCIntStatus), (52 bytes).
    Removing adc.o(i.ADCIntStatusEx), (22 bytes).
    Removing adc.o(i.ADCIntUnregister), (108 bytes).
    Removing adc.o(i.ADCPhaseDelayGet), (4 bytes).
    Removing adc.o(i.ADCPhaseDelaySet), (4 bytes).
    Removing adc.o(i.ADCProcessorTrigger), (26 bytes).
    Removing adc.o(i.ADCReferenceGet), (8 bytes).
    Removing adc.o(i.ADCReferenceSet), (12 bytes).
    Removing adc.o(i.ADCSequenceDMADisable), (18 bytes).
    Removing adc.o(i.ADCSequenceDMAEnable), (16 bytes).
    Removing adc.o(i.ADCSequenceOverflow), (12 bytes).
    Removing adc.o(i.ADCSequenceOverflowClear), (10 bytes).
    Removing adc.o(i.ADCSequenceUnderflow), (12 bytes).
    Removing adc.o(i.ADCSequenceUnderflowClear), (10 bytes).
    Removing adc.o(i.ADCSoftwareOversampleConfigure), (44 bytes).
    Removing adc.o(i.ADCSoftwareOversampleDataGet), (88 bytes).
    Removing adc.o(i.ADCSoftwareOversampleStepConfigure), (168 bytes).
    Removing adc.o(.data), (6 bytes).
    Removing gpio.o(i.GPIOADCTriggerDisable), (14 bytes).
    Removing gpio.o(i.GPIOADCTriggerEnable), (12 bytes).
    Removing gpio.o(i.GPIODMATriggerDisable), (14 bytes).
    Removing gpio.o(i.GPIODMATriggerEnable), (12 bytes).
    Removing gpio.o(i.GPIODirModeGet), (34 bytes).
    Removing gpio.o(i.GPIOIntClear), (6 bytes).
    Removing gpio.o(i.GPIOIntDisable), (14 bytes).
    Removing gpio.o(i.GPIOIntEnable), (12 bytes).
    Removing gpio.o(i.GPIOIntRegister), (26 bytes).
    Removing gpio.o(i.GPIOIntRegisterPin), (30 bytes).
    Removing gpio.o(i.GPIOIntStatus), (14 bytes).
    Removing gpio.o(i.GPIOIntTypeGet), (68 bytes).
    Removing gpio.o(i.GPIOIntTypeSet), (80 bytes).
    Removing gpio.o(i.GPIOIntUnregister), (22 bytes).
    Removing gpio.o(i.GPIOIntUnregisterPin), (26 bytes).
    Removing gpio.o(i.GPIOPadConfigGet), (204 bytes).
    Removing gpio.o(i.GPIOPinConfigure), (68 bytes).
    Removing gpio.o(i.GPIOPinRead), (6 bytes).
    Removing gpio.o(i.GPIOPinTypeCAN), (28 bytes).
    Removing gpio.o(i.GPIOPinTypeComparator), (28 bytes).
    Removing gpio.o(i.GPIOPinTypeComparatorOutput), (28 bytes).
    Removing gpio.o(i.GPIOPinTypeDIVSCLK), (28 bytes).
    Removing gpio.o(i.GPIOPinTypeEPI), (28 bytes).
    Removing gpio.o(i.GPIOPinTypeEthernetLED), (28 bytes).
    Removing gpio.o(i.GPIOPinTypeEthernetMII), (28 bytes).
    Removing gpio.o(i.GPIOPinTypeGPIOInput), (28 bytes).
    Removing gpio.o(i.GPIOPinTypeGPIOOutputOD), (28 bytes).
    Removing gpio.o(i.GPIOPinTypeHibernateRTCCLK), (28 bytes).
    Removing gpio.o(i.GPIOPinTypeI2C), (28 bytes).
    Removing gpio.o(i.GPIOPinTypeI2CSCL), (28 bytes).
    Removing gpio.o(i.GPIOPinTypeLCD), (28 bytes).
    Removing gpio.o(i.GPIOPinTypeOneWire), (28 bytes).
    Removing gpio.o(i.GPIOPinTypePWM), (28 bytes).
    Removing gpio.o(i.GPIOPinTypeQEI), (28 bytes).
    Removing gpio.o(i.GPIOPinTypeSSI), (28 bytes).
    Removing gpio.o(i.GPIOPinTypeTimer), (28 bytes).
    Removing gpio.o(i.GPIOPinTypeTrace), (28 bytes).
    Removing gpio.o(i.GPIOPinTypeUART), (28 bytes).
    Removing gpio.o(i.GPIOPinTypeUSBAnalog), (28 bytes).
    Removing gpio.o(i.GPIOPinTypeUSBDigital), (28 bytes).
    Removing gpio.o(i.GPIOPinTypeWakeHigh), (30 bytes).
    Removing gpio.o(i.GPIOPinTypeWakeLow), (30 bytes).
    Removing gpio.o(i.GPIOPinWakeStatus), (6 bytes).
    Removing gpio.o(i._GPIOIntNumberGet), (80 bytes).
    Removing gpio.o(.constdata), (552 bytes).
    Removing interrupt.o(i.IntIsEnabled), (96 bytes).
    Removing interrupt.o(i.IntMasterDisable), (14 bytes).
    Removing interrupt.o(i.IntMasterEnable), (14 bytes).
    Removing interrupt.o(i.IntPendClear), (68 bytes).
    Removing interrupt.o(i.IntPendSet), (84 bytes).
    Removing interrupt.o(i.IntPriorityGet), (28 bytes).
    Removing interrupt.o(i.IntPriorityGroupingGet), (36 bytes).
    Removing interrupt.o(i.IntPriorityGroupingSet), (28 bytes).
    Removing interrupt.o(i.IntPriorityMaskGet), (4 bytes).
    Removing interrupt.o(i.IntPriorityMaskSet), (4 bytes).
    Removing interrupt.o(i.IntTrigger), (12 bytes).
    Removing interrupt.o(i.IntUnregister), (20 bytes).
    Removing interrupt.o(i._IntDefaultHandler), (2 bytes).
    Removing sysctl.o(.emb_text), (6 bytes).
    Removing sysctl.o(i.SysCtlAltClkConfig), (12 bytes).
    Removing sysctl.o(i.SysCtlClockFreqSet), (740 bytes).
    Removing sysctl.o(i.SysCtlClockOutConfig), (20 bytes).
    Removing sysctl.o(i.SysCtlClockSet), (288 bytes).
    Removing sysctl.o(i.SysCtlDeepSleep), (32 bytes).
    Removing sysctl.o(i.SysCtlDeepSleepClockConfigSet), (112 bytes).
    Removing sysctl.o(i.SysCtlDeepSleepClockSet), (12 bytes).
    Removing sysctl.o(i.SysCtlDeepSleepPowerSet), (12 bytes).
    Removing sysctl.o(i.SysCtlFlashSectorSizeGet), (56 bytes).
    Removing sysctl.o(i.SysCtlFlashSizeGet), (56 bytes).
    Removing sysctl.o(i.SysCtlGPIOAHBDisable), (28 bytes).
    Removing sysctl.o(i.SysCtlGPIOAHBEnable), (24 bytes).
    Removing sysctl.o(i.SysCtlIntClear), (12 bytes).
    Removing sysctl.o(i.SysCtlIntDisable), (16 bytes).
    Removing sysctl.o(i.SysCtlIntEnable), (16 bytes).
    Removing sysctl.o(i.SysCtlIntRegister), (20 bytes).
    Removing sysctl.o(i.SysCtlIntStatus), (16 bytes).
    Removing sysctl.o(i.SysCtlIntUnregister), (18 bytes).
    Removing sysctl.o(i.SysCtlLDODeepSleepGet), (12 bytes).
    Removing sysctl.o(i.SysCtlLDODeepSleepSet), (12 bytes).
    Removing sysctl.o(i.SysCtlLDOSleepGet), (12 bytes).
    Removing sysctl.o(i.SysCtlLDOSleepSet), (12 bytes).
    Removing sysctl.o(i.SysCtlMOSCConfigSet), (12 bytes).
    Removing sysctl.o(i.SysCtlNMIClear), (16 bytes).
    Removing sysctl.o(i.SysCtlNMIStatus), (12 bytes).
    Removing sysctl.o(i.SysCtlPIOSCCalibrate), (76 bytes).
    Removing sysctl.o(i.SysCtlPWMClockGet), (24 bytes).
    Removing sysctl.o(i.SysCtlPWMClockSet), (20 bytes).
    Removing sysctl.o(i.SysCtlPeripheralClockGating), (68 bytes).
    Removing sysctl.o(i.SysCtlPeripheralDeepSleepDisable), (40 bytes).
    Removing sysctl.o(i.SysCtlPeripheralDeepSleepEnable), (40 bytes).
    Removing sysctl.o(i.SysCtlPeripheralDisable), (40 bytes).
    Removing sysctl.o(i.SysCtlPeripheralPowerOff), (40 bytes).
    Removing sysctl.o(i.SysCtlPeripheralPowerOn), (40 bytes).
    Removing sysctl.o(i.SysCtlPeripheralPresent), (44 bytes).
    Removing sysctl.o(i.SysCtlPeripheralReady), (44 bytes).
    Removing sysctl.o(i.SysCtlPeripheralReset), (60 bytes).
    Removing sysctl.o(i.SysCtlPeripheralSleepDisable), (40 bytes).
    Removing sysctl.o(i.SysCtlPeripheralSleepEnable), (40 bytes).
    Removing sysctl.o(i.SysCtlReset), (16 bytes).
    Removing sysctl.o(i.SysCtlResetBehaviorGet), (12 bytes).
    Removing sysctl.o(i.SysCtlResetBehaviorSet), (12 bytes).
    Removing sysctl.o(i.SysCtlResetCauseClear), (16 bytes).
    Removing sysctl.o(i.SysCtlResetCauseGet), (12 bytes).
    Removing sysctl.o(i.SysCtlSRAMSizeGet), (16 bytes).
    Removing sysctl.o(i.SysCtlSleep), (4 bytes).
    Removing sysctl.o(i.SysCtlSleepPowerSet), (12 bytes).
    Removing sysctl.o(i.SysCtlUSBPLLDisable), (16 bytes).
    Removing sysctl.o(i.SysCtlUSBPLLEnable), (16 bytes).
    Removing sysctl.o(i.SysCtlVCOGet), (120 bytes).
    Removing sysctl.o(i.SysCtlVoltageEventClear), (16 bytes).
    Removing sysctl.o(i.SysCtlVoltageEventConfig), (12 bytes).
    Removing sysctl.o(i.SysCtlVoltageEventStatus), (12 bytes).
    Removing timer.o(i.TimerADCEventGet), (4 bytes).
    Removing timer.o(i.TimerADCEventSet), (4 bytes).
    Removing timer.o(i.TimerClockSourceGet), (6 bytes).
    Removing timer.o(i.TimerClockSourceSet), (6 bytes).
    Removing timer.o(i.TimerControlEvent), (18 bytes).
    Removing timer.o(i.TimerControlLevel), (22 bytes).
    Removing timer.o(i.TimerControlStall), (22 bytes).
    Removing timer.o(i.TimerControlWaitOnTrigger), (48 bytes).
    Removing timer.o(i.TimerDMAEventGet), (4 bytes).
    Removing timer.o(i.TimerDMAEventSet), (4 bytes).
    Removing timer.o(i.TimerIntStatus), (10 bytes).
    Removing timer.o(i.TimerIntUnregister), (104 bytes).
    Removing timer.o(i.TimerLoadGet), (10 bytes).
    Removing timer.o(i.TimerLoadGet64), (14 bytes).
    Removing timer.o(i.TimerLoadSet64), (6 bytes).
    Removing timer.o(i.TimerMatchGet), (10 bytes).
    Removing timer.o(i.TimerMatchGet64), (14 bytes).
    Removing timer.o(i.TimerMatchSet), (18 bytes).
    Removing timer.o(i.TimerMatchSet64), (6 bytes).
    Removing timer.o(i.TimerPrescaleGet), (10 bytes).
    Removing timer.o(i.TimerPrescaleMatchGet), (10 bytes).
    Removing timer.o(i.TimerPrescaleMatchSet), (18 bytes).
    Removing timer.o(i.TimerPrescaleSet), (18 bytes).
    Removing timer.o(i.TimerRTCDisable), (10 bytes).
    Removing timer.o(i.TimerRTCEnable), (10 bytes).
    Removing timer.o(i.TimerSynchronize), (4 bytes).
    Removing timer.o(i.TimerUpdateMode), (42 bytes).
    Removing timer.o(i.TimerValueGet), (10 bytes).
    Removing timer.o(i.TimerValueGet64), (14 bytes).
    Removing uart.o(i.UART9BitAddrSend), (38 bytes).
    Removing uart.o(i.UART9BitAddrSet), (10 bytes).
    Removing uart.o(i.UART9BitDisable), (14 bytes).
    Removing uart.o(i.UART9BitEnable), (14 bytes).
    Removing uart.o(i.UARTBreakCtl), (18 bytes).
    Removing uart.o(i.UARTBusy), (8 bytes).
    Removing uart.o(i.UARTCharGet), (12 bytes).
    Removing uart.o(i.UARTCharGetNonBlocking), (16 bytes).
    Removing uart.o(i.UARTCharPut), (12 bytes).
    Removing uart.o(i.UARTCharPutNonBlocking), (16 bytes).
    Removing uart.o(i.UARTCharsAvail), (10 bytes).
    Removing uart.o(i.UARTClockSourceGet), (6 bytes).
    Removing uart.o(i.UARTConfigGetExpClk), (46 bytes).
    Removing uart.o(i.UARTConfigSetExpClk), (110 bytes).
    Removing uart.o(i.UARTDMADisable), (10 bytes).
    Removing uart.o(i.UARTDMAEnable), (8 bytes).
    Removing uart.o(i.UARTDisable), (30 bytes).
    Removing uart.o(i.UARTDisableSIR), (10 bytes).
    Removing uart.o(i.UARTEnable), (20 bytes).
    Removing uart.o(i.UARTEnableSIR), (18 bytes).
    Removing uart.o(i.UARTFIFODisable), (10 bytes).
    Removing uart.o(i.UARTFIFOEnable), (10 bytes).
    Removing uart.o(i.UARTFIFOLevelGet), (16 bytes).
    Removing uart.o(i.UARTFIFOLevelSet), (6 bytes).
    Removing uart.o(i.UARTFlowControlGet), (8 bytes).
    Removing uart.o(i.UARTFlowControlSet), (12 bytes).
    Removing uart.o(i.UARTIntClear), (4 bytes).
    Removing uart.o(i.UARTIntDisable), (10 bytes).
    Removing uart.o(i.UARTIntEnable), (8 bytes).
    Removing uart.o(i.UARTIntRegister), (88 bytes).
    Removing uart.o(i.UARTIntStatus), (10 bytes).
    Removing uart.o(i.UARTIntUnregister), (88 bytes).
    Removing uart.o(i.UARTLoopbackEnable), (10 bytes).
    Removing uart.o(i.UARTModemControlClear), (14 bytes).
    Removing uart.o(i.UARTModemControlGet), (8 bytes).
    Removing uart.o(i.UARTModemControlSet), (12 bytes).
    Removing uart.o(i.UARTModemStatusGet), (10 bytes).
    Removing uart.o(i.UARTParityModeGet), (8 bytes).
    Removing uart.o(i.UARTParityModeSet), (12 bytes).
    Removing uart.o(i.UARTRxErrorClear), (6 bytes).
    Removing uart.o(i.UARTRxErrorGet), (8 bytes).
    Removing uart.o(i.UARTSmartCardDisable), (10 bytes).
    Removing uart.o(i.UARTSmartCardEnable), (22 bytes).
    Removing uart.o(i.UARTSpaceAvail), (10 bytes).
    Removing uart.o(i.UARTTxIntModeGet), (8 bytes).
    Removing uart.o(i.UARTTxIntModeSet), (12 bytes).
    Removing uart.o(.constdata), (128 bytes).
    Removing cpu.o(.emb_text), (38 bytes).
    Removing dadd.o(.text), (334 bytes).
    Removing ddiv.o(.text), (222 bytes).
    Removing f2d.o(.text), (38 bytes).
    Removing d2f.o(.text), (56 bytes).
    Removing fepilogue.o(.text), (108 bytes).
    Removing dneg.o(.text), (6 bytes).
    Removing dflti.o(.text), (34 bytes).
    Removing dfixi.o(.text), (62 bytes).

267 unused section(s) (total 10691 bytes) removed from the image.

==============================================================================

Image Symbol Table

    Local Symbols

    Symbol Name                              Value     Ov Type        Size  Object(Section)

    RESET                                    0x00000000   Section      648  startup_rvmdk.o(RESET)
    ../clib/../cmprslib/zerorunl2.c          0x00000000   Number         0  __dczerorl2.o ABSOLUTE
    ../clib/microlib/errno.c                 0x00000000   Number         0  errno.o ABSOLUTE
    ../clib/microlib/init/entry.s            0x00000000   Number         0  entry7b.o ABSOLUTE
    ../clib/microlib/init/entry.s            0x00000000   Number         0  entry5.o ABSOLUTE
    ../clib/microlib/init/entry.s            0x00000000   Number         0  entry10a.o ABSOLUTE
    ../clib/microlib/init/entry.s            0x00000000   Number         0  entry2.o ABSOLUTE
    ../clib/microlib/init/entry.s            0x00000000   Number         0  entry.o ABSOLUTE
    ../clib/microlib/init/entry.s            0x00000000   Number         0  entry7a.o ABSOLUTE
    ../clib/microlib/init/entry.s            0x00000000   Number         0  entry11b.o ABSOLUTE
    ../clib/microlib/init/entry.s            0x00000000   Number         0  entry11a.o ABSOLUTE
    ../clib/microlib/init/entry.s            0x00000000   Number         0  entry10b.o ABSOLUTE
    ../clib/microlib/init/entry.s            0x00000000   Number         0  entry9b.o ABSOLUTE
    ../clib/microlib/init/entry.s            0x00000000   Number         0  entry9a.o ABSOLUTE
    ../clib/microlib/init/entry.s            0x00000000   Number         0  entry8b.o ABSOLUTE
    ../clib/microlib/init/entry.s            0x00000000   Number         0  entry8a.o ABSOLUTE
    ../clib/microlib/longlong.c              0x00000000   Number         0  llshl.o ABSOLUTE
    ../clib/microlib/longlong.c              0x00000000   Number         0  llushr.o ABSOLUTE
    ../clib/microlib/longlong.c              0x00000000   Number         0  llsshr.o ABSOLUTE
    ../clib/microlib/stubs.s                 0x00000000   Number         0  iusefp.o ABSOLUTE
    ../fplib/microlib/d2f.c                  0x00000000   Number         0  d2f.o ABSOLUTE
    ../fplib/microlib/f2d.c                  0x00000000   Number         0  f2d.o ABSOLUTE
    ../fplib/microlib/fpadd.c                0x00000000   Number         0  dadd.o ABSOLUTE
    ../fplib/microlib/fpdiv.c                0x00000000   Number         0  ddiv.o ABSOLUTE
    ../fplib/microlib/fpepilogue.c           0x00000000   Number         0  fepilogue.o ABSOLUTE
    ../fplib/microlib/fpepilogue.c           0x00000000   Number         0  depilogue.o ABSOLUTE
    ../fplib/microlib/fpfix.c                0x00000000   Number         0  dfixui.o ABSOLUTE
    ../fplib/microlib/fpfix.c                0x00000000   Number         0  dfixi.o ABSOLUTE
    ../fplib/microlib/fpflt.c                0x00000000   Number         0  dfltui.o ABSOLUTE
    ../fplib/microlib/fpflt.c                0x00000000   Number         0  dflti.o ABSOLUTE
    ../fplib/microlib/fpmul.c                0x00000000   Number         0  dmul.o ABSOLUTE
    ../fplib/microlib/fpneg.c                0x00000000   Number         0  dneg.o ABSOLUTE
    ../mathlib/cos.c                         0x00000000   Number         0  cos.o ABSOLUTE
    ../mathlib/cos.c                         0x00000000   Number         0  cos_x.o ABSOLUTE
    ../mathlib/cos_i.c                       0x00000000   Number         0  cos_i.o ABSOLUTE
    ../mathlib/dunder.c                      0x00000000   Number         0  dunder.o ABSOLUTE
    ../mathlib/fabs.c                        0x00000000   Number         0  fabs.o ABSOLUTE
    ../mathlib/fpclassify.c                  0x00000000   Number         0  fpclassify.o ABSOLUTE
    ../mathlib/poly.c                        0x00000000   Number         0  poly.o ABSOLUTE
    ../mathlib/rred.c                        0x00000000   Number         0  rred.o ABSOLUTE
    ../mathlib/sin.c                         0x00000000   Number         0  sin_x.o ABSOLUTE
    ../mathlib/sin.c                         0x00000000   Number         0  sin.o ABSOLUTE
    ../mathlib/sin_i.c                       0x00000000   Number         0  sin_i_x.o ABSOLUTE
    ../mathlib/sin_i.c                       0x00000000   Number         0  sin_i.o ABSOLUTE
    ..\utils\uartstdio.c                     0x00000000   Number         0  uartstdio.o ABSOLUTE
    ..\utils\ustdlib.c                       0x00000000   Number         0  ustdlib.o ABSOLUTE
    PLL.c                                    0x00000000   Number         0  pll.o ABSOLUTE
    adc.c                                    0x00000000   Number         0  adc.o ABSOLUTE
    adc_task.c                               0x00000000   Number         0  adc_task.o ABSOLUTE
    cpu.c                                    0x00000000   Number         0  cpu.o ABSOLUTE
    cpu.c                                    0x00000000   Number         0  cpu.o ABSOLUTE
    dc.s                                     0x00000000   Number         0  dc.o ABSOLUTE
    gpio.c                                   0x00000000   Number         0  gpio.o ABSOLUTE
    gpio_task.c                              0x00000000   Number         0  gpio_task.o ABSOLUTE
    handlers.s                               0x00000000   Number         0  handlers.o ABSOLUTE
    init.s                                   0x00000000   Number         0  init.o ABSOLUTE
    interrupt.c                              0x00000000   Number         0  interrupt.o ABSOLUTE
    main.c                                   0x00000000   Number         0  main.o ABSOLUTE
    startup_rvmdk.S                          0x00000000   Number         0  startup_rvmdk.o ABSOLUTE
    sysctl.c                                 0x00000000   Number         0  sysctl.o ABSOLUTE
    sysctl.c                                 0x00000000   Number         0  sysctl.o ABSOLUTE
    timer.c                                  0x00000000   Number         0  timer.o ABSOLUTE
    uart.c                                   0x00000000   Number         0  uart.o ABSOLUTE
    $v0                                      0x0000026c   Number         0  startup_rvmdk.o(RESET)
    NmiSR                                    0x00000281   Thumb Code     0  startup_rvmdk.o(RESET)
    FaultISR                                 0x00000283   Thumb Code     0  startup_rvmdk.o(RESET)
    IntDefaultHandler                        0x00000285   Thumb Code     0  startup_rvmdk.o(RESET)
    .ARM.Collect$$$$00000000                 0x00000288   Section        0  entry.o(.ARM.Collect$$$$00000000)
    .ARM.Collect$$$$00000001                 0x00000288   Section        4  entry2.o(.ARM.Collect$$$$00000001)
    .ARM.Collect$$$$00000004                 0x0000028c   Section        4  entry5.o(.ARM.Collect$$$$00000004)
    .ARM.Collect$$$$00000008                 0x00000290   Section        0  entry7b.o(.ARM.Collect$$$$00000008)
    .ARM.Collect$$$$0000000A                 0x00000290   Section        0  entry8b.o(.ARM.Collect$$$$0000000A)
    .ARM.Collect$$$$0000000B                 0x00000290   Section        8  entry9a.o(.ARM.Collect$$$$0000000B)
    .ARM.Collect$$$$0000000D                 0x00000298   Section        0  entry10a.o(.ARM.Collect$$$$0000000D)
    .ARM.Collect$$$$0000000F                 0x00000298   Section        0  entry11a.o(.ARM.Collect$$$$0000000F)
    .ARM.Collect$$$$00002712                 0x00000298   Section        4  entry2.o(.ARM.Collect$$$$00002712)
    __lit__00000000                          0x00000298   Data           4  entry2.o(.ARM.Collect$$$$00002712)
    .text                                    0x0000029c   Section        0  dmul.o(.text)
    .text                                    0x00000380   Section        0  dfltui.o(.text)
    .text                                    0x0000039a   Section        0  dfixui.o(.text)
    .text                                    0x000003cc   Section        0  llshl.o(.text)
    .text                                    0x000003ea   Section        0  llushr.o(.text)
    .text                                    0x0000040a   Section        0  iusefp.o(.text)
    .text                                    0x0000040a   Section        0  depilogue.o(.text)
    .text                                    0x000004c8   Section       36  init.o(.text)
    .text                                    0x000004ec   Section        0  __dczerorl2.o(.text)
    i.ADC0Seq2_Handler                       0x00000548   Section        0  adc_task.o(i.ADC0Seq2_Handler)
    i.ADCClockConfigSet                      0x000005f8   Section        0  adc.o(i.ADCClockConfigSet)
    i.ADCIntClear                            0x00000614   Section        0  adc.o(i.ADCIntClear)
    i.ADCIntEnable                           0x0000061e   Section        0  adc.o(i.ADCIntEnable)
    i.ADCIntRegister                         0x00000630   Section        0  adc.o(i.ADCIntRegister)
    i.ADCSequenceConfigure                   0x00000698   Section        0  adc.o(i.ADCSequenceConfigure)
    i.ADCSequenceDataGet                     0x000006f8   Section        0  adc.o(i.ADCSequenceDataGet)
    i.ADCSequenceDisable                     0x0000071c   Section        0  adc.o(i.ADCSequenceDisable)
    i.ADCSequenceEnable                      0x0000072c   Section        0  adc.o(i.ADCSequenceEnable)
    i.ADCSequenceStepConfigure               0x0000073a   Section        0  adc.o(i.ADCSequenceStepConfigure)
    i.ADCTask                                0x000007d4   Section        0  adc_task.o(i.ADCTask)
    i.ADCTaskInit                            0x00000860   Section        0  adc_task.o(i.ADCTaskInit)
    i.ConfigureUART                          0x0000095c   Section        0  main.o(i.ConfigureUART)
    i.GPIODirModeSet                         0x000009b8   Section        0  gpio.o(i.GPIODirModeSet)
    i.GPIOPadConfigSet                       0x000009e0   Section        0  gpio.o(i.GPIOPadConfigSet)
    i.GPIOPinTypeADC                         0x00000b18   Section        0  gpio.o(i.GPIOPinTypeADC)
    i.GPIOPinTypeGPIOOutput                  0x00000b34   Section        0  gpio.o(i.GPIOPinTypeGPIOOutput)
    i.GPIOPinWrite                           0x00000b50   Section        0  gpio.o(i.GPIOPinWrite)
    i.GPIOTask                               0x00000b58   Section        0  gpio_task.o(i.GPIOTask)
    i.GPIOTaskInit                           0x00000b94   Section        0  gpio_task.o(i.GPIOTaskInit)
    i.GPIO_PB2_SET_LOW                       0x00000bdc   Section        0  gpio_task.o(i.GPIO_PB2_SET_LOW)
    i.IntDisable                             0x00000bec   Section        0  interrupt.o(i.IntDisable)
    i.IntEnable                              0x00000c50   Section        0  interrupt.o(i.IntEnable)
    i.IntPrioritySet                         0x00000cb4   Section        0  interrupt.o(i.IntPrioritySet)
    i.IntRegister                            0x00000cdc   Section        0  interrupt.o(i.IntRegister)
    i.PLLTaskInit                            0x00000d10   Section        0  pll.o(i.PLLTaskInit)
    i.Producer                               0x00000d64   Section        0  main.o(i.Producer)
    i.SysCtlClockGet                         0x00000d68   Section        0  sysctl.o(i.SysCtlClockGet)
    i.SysCtlPeripheralEnable                 0x00000ebc   Section        0  sysctl.o(i.SysCtlPeripheralEnable)
    i.Timer1AIntHandler                      0x00000ee4   Section        0  gpio_task.o(i.Timer1AIntHandler)
    i.TimerConfigure                         0x00000fa8   Section        0  timer.o(i.TimerConfigure)
    i.TimerControlTrigger                    0x00001008   Section        0  timer.o(i.TimerControlTrigger)
    i.TimerDisable                           0x00001058   Section        0  timer.o(i.TimerDisable)
    i.TimerEnable                            0x00001068   Section        0  timer.o(i.TimerEnable)
    i.TimerIntClear                          0x00001076   Section        0  timer.o(i.TimerIntClear)
    i.TimerIntDisable                        0x0000107a   Section        0  timer.o(i.TimerIntDisable)
    i.TimerIntEnable                         0x00001084   Section        0  timer.o(i.TimerIntEnable)
    i.TimerIntRegister                       0x0000108c   Section        0  timer.o(i.TimerIntRegister)
    i.TimerLoadSet                           0x000010f4   Section        0  timer.o(i.TimerLoadSet)
    i.UARTClockSourceSet                     0x00001106   Section        0  uart.o(i.UARTClockSourceSet)
    i.UARTStdioConfig                        0x0000110c   Section        0  uartstdio.o(i.UARTStdioConfig)
    i.UARTprintf                             0x00001168   Section        0  uartstdio.o(i.UARTprintf)
    i.UARTvprintf                            0x0000117c   Section        0  uartstdio.o(i.UARTvprintf)
    i.UARTwrite                              0x00001330   Section        0  uartstdio.o(i.UARTwrite)
    i.__scatterload_copy                     0x0000136c   Section       14  handlers.o(i.__scatterload_copy)
    i.__scatterload_null                     0x0000137a   Section        2  handlers.o(i.__scatterload_null)
    i.__scatterload_zeroinit                 0x0000137c   Section       14  handlers.o(i.__scatterload_zeroinit)
    i.configureTimer1A                       0x0000138c   Section        0  gpio_task.o(i.configureTimer1A)
    i.main                                   0x000013f4   Section        0  main.o(i.main)
    i.sqrt                                   0x0000145c   Section        0  adc_task.o(i.sqrt)
    .constdata                               0x0000148c   Section       28  uartstdio.o(.constdata)
    g_pcHex                                  0x0000148c   Data           4  uartstdio.o(.constdata)
    g_ui32UARTBase                           0x00001490   Data          12  uartstdio.o(.constdata)
    g_ui32UARTPeriph                         0x0000149c   Data          12  uartstdio.o(.constdata)
    .constdata                               0x000014a8   Section      268  interrupt.o(.constdata)
    g_pui32Priority                          0x000014a8   Data          32  interrupt.o(.constdata)
    g_pui32Regs                              0x000014c8   Data         156  interrupt.o(.constdata)
    g_pui32EnRegs                            0x00001564   Data          20  interrupt.o(.constdata)
    g_pui32Dii16Regs                         0x00001578   Data          20  interrupt.o(.constdata)
    g_pui32PendRegs                          0x0000158c   Data          20  interrupt.o(.constdata)
    g_pui32UnpendRegs                        0x000015a0   Data          20  interrupt.o(.constdata)
    .constdata                               0x000015b4   Section      596  sysctl.o(.constdata)
    g_pui32VCOFrequencies                    0x000015b4   Data           8  sysctl.o(.constdata)
    g_pui32Xtals                             0x000015bc   Data         108  sysctl.o(.constdata)
    g_pppui32XTALtoVCO                       0x00001628   Data         432  sysctl.o(.constdata)
    g_sXTALtoMEMTIM                          0x000017d8   Data          48  sysctl.o(.constdata)
    .constdata                               0x00001808   Section      160  timer.o(.constdata)
    g_ppui32TimerIntMap                      0x00001808   Data          96  timer.o(.constdata)
    g_ppui32TimerIntMapSnowflake             0x00001868   Data          64  timer.o(.constdata)
    .conststring                             0x000018a8   Section       17  uartstdio.o(.conststring)
    .data                                    0x20000000   Section        8  uartstdio.o(.data)
    bLastWasCR                               0x20000000   Data           1  uartstdio.o(.data)
    g_ui32Base                               0x20000004   Data           4  uartstdio.o(.data)
    .data                                    0x20000008   Section       24  adc_task.o(.data)
    sum_squares                              0x20000010   Data           4  adc_task.o(.data)
    .data                                    0x20000020   Section        4  gpio_task.o(.data)
    .data                                    0x20000028   Section      116  gpio_task.o(.data)
    vtable                                   0x20000400   Section      620  interrupt.o(vtable)
    g_pfnRAMVectors                          0x20000400   Data         620  interrupt.o(vtable)
    .bss                                     0x2000066c   Section       12  main.o(.bss)
    .bss                                     0x20000678   Section     8000  adc_task.o(.bss)
    .bss                                     0x200025b8   Section      140  pll.o(.bss)
    STACK                                    0x20002648   Section      256  startup_rvmdk.o(STACK)
    StackMem                                 0x20002648   Data           0  startup_rvmdk.o(STACK)

    Global Symbols

    Symbol Name                              Value     Ov Type        Size  Object(Section)

    BuildAttributes$$THM_ISAv4$E$P$D$K$B$S$7EM$VFPi3$EXTD16$VFPS$VFMA$PE$A:L22UL41UL21$X:L11$S22US41US21$IEEE1$IW$USESV6$~STKCKD$USESV7$~SHL$OTIME$ROPI$IEEEX$EBA8$MICROLIB$REQ8$PRES8$EABIv2 0x00000000   Number         0  anon$$obj.o ABSOLUTE
    __ARM_use_no_argv                        0x00000000   Number         0  main.o ABSOLUTE
    __Vectors                                0x00000000   Data           0  startup_rvmdk.o(RESET)
    __cpp_initialize__aeabi_                  - Undefined Weak Reference
    __cxa_finalize                            - Undefined Weak Reference
    _clock_init                               - Undefined Weak Reference
    _microlib_exit                            - Undefined Weak Reference
    Reset_Handler                            0x0000026d   Thumb Code     0  startup_rvmdk.o(RESET)
    __main                                   0x00000289   Thumb Code     0  entry.o(.ARM.Collect$$$$00000000)
    _main_stk                                0x00000289   Thumb Code     0  entry2.o(.ARM.Collect$$$$00000001)
    _main_scatterload                        0x0000028d   Thumb Code     0  entry5.o(.ARM.Collect$$$$00000004)
    __main_after_scatterload                 0x00000291   Thumb Code     0  entry5.o(.ARM.Collect$$$$00000004)
    _main_clock                              0x00000291   Thumb Code     0  entry7b.o(.ARM.Collect$$$$00000008)
    _main_cpp_init                           0x00000291   Thumb Code     0  entry8b.o(.ARM.Collect$$$$0000000A)
    _main_init                               0x00000291   Thumb Code     0  entry9a.o(.ARM.Collect$$$$0000000B)
    __rt_final_cpp                           0x00000299   Thumb Code     0  entry10a.o(.ARM.Collect$$$$0000000D)
    __rt_final_exit                          0x00000299   Thumb Code     0  entry11a.o(.ARM.Collect$$$$0000000F)
    __aeabi_dmul                             0x0000029d   Thumb Code   228  dmul.o(.text)
    __aeabi_ui2d                             0x00000381   Thumb Code    26  dfltui.o(.text)
    __aeabi_d2uiz                            0x0000039b   Thumb Code    50  dfixui.o(.text)
    __aeabi_llsl                             0x000003cd   Thumb Code    30  llshl.o(.text)
    _ll_shift_l                              0x000003cd   Thumb Code     0  llshl.o(.text)
    __aeabi_llsr                             0x000003eb   Thumb Code    32  llushr.o(.text)
    _ll_ushift_r                             0x000003eb   Thumb Code     0  llushr.o(.text)
    __I$use$fp                               0x0000040b   Thumb Code     0  iusefp.o(.text)
    _double_round                            0x0000040b   Thumb Code    26  depilogue.o(.text)
    _double_epilogue                         0x00000425   Thumb Code   164  depilogue.o(.text)
    __scatterload                            0x000004c9   Thumb Code    28  init.o(.text)
    __scatterload_rt2                        0x000004c9   Thumb Code     0  init.o(.text)
    __decompress                             0x000004ed   Thumb Code     0  __dczerorl2.o(.text)
    __decompress1                            0x000004ed   Thumb Code    92  __dczerorl2.o(.text)
    ADC0Seq2_Handler                         0x00000549   Thumb Code   152  adc_task.o(i.ADC0Seq2_Handler)
    ADCClockConfigSet                        0x000005f9   Thumb Code    28  adc.o(i.ADCClockConfigSet)
    ADCIntClear                              0x00000615   Thumb Code    10  adc.o(i.ADCIntClear)
    ADCIntEnable                             0x0000061f   Thumb Code    16  adc.o(i.ADCIntEnable)
    ADCIntRegister                           0x00000631   Thumb Code    92  adc.o(i.ADCIntRegister)
    ADCSequenceConfigure                     0x00000699   Thumb Code    96  adc.o(i.ADCSequenceConfigure)
    ADCSequenceDataGet                       0x000006f9   Thumb Code    36  adc.o(i.ADCSequenceDataGet)
    ADCSequenceDisable                       0x0000071d   Thumb Code    16  adc.o(i.ADCSequenceDisable)
    ADCSequenceEnable                        0x0000072d   Thumb Code    14  adc.o(i.ADCSequenceEnable)
    ADCSequenceStepConfigure                 0x0000073b   Thumb Code   154  adc.o(i.ADCSequenceStepConfigure)
    ADCTask                                  0x000007d5   Thumb Code    88  adc_task.o(i.ADCTask)
    ADCTaskInit                              0x00000861   Thumb Code   224  adc_task.o(i.ADCTaskInit)
    ConfigureUART                            0x0000095d   Thumb Code    76  main.o(i.ConfigureUART)
    GPIODirModeSet                           0x000009b9   Thumb Code    40  gpio.o(i.GPIODirModeSet)
    GPIOPadConfigSet                         0x000009e1   Thumb Code   312  gpio.o(i.GPIOPadConfigSet)
    GPIOPinTypeADC                           0x00000b19   Thumb Code    28  gpio.o(i.GPIOPinTypeADC)
    GPIOPinTypeGPIOOutput                    0x00000b35   Thumb Code    28  gpio.o(i.GPIOPinTypeGPIOOutput)
    GPIOPinWrite                             0x00000b51   Thumb Code     6  gpio.o(i.GPIOPinWrite)
    GPIOTask                                 0x00000b59   Thumb Code    54  gpio_task.o(i.GPIOTask)
    GPIOTaskInit                             0x00000b95   Thumb Code    56  gpio_task.o(i.GPIOTaskInit)
    GPIO_PB2_SET_LOW                         0x00000bdd   Thumb Code    10  gpio_task.o(i.GPIO_PB2_SET_LOW)
    IntDisable                               0x00000bed   Thumb Code    92  interrupt.o(i.IntDisable)
    IntEnable                                0x00000c51   Thumb Code    92  interrupt.o(i.IntEnable)
    IntPrioritySet                           0x00000cb5   Thumb Code    36  interrupt.o(i.IntPrioritySet)
    IntRegister                              0x00000cdd   Thumb Code    44  interrupt.o(i.IntRegister)
    PLLTaskInit                              0x00000d11   Thumb Code    70  pll.o(i.PLLTaskInit)
    Producer                                 0x00000d65   Thumb Code     2  main.o(i.Producer)
    SysCtlClockGet                           0x00000d69   Thumb Code   304  sysctl.o(i.SysCtlClockGet)
    SysCtlPeripheralEnable                   0x00000ebd   Thumb Code    36  sysctl.o(i.SysCtlPeripheralEnable)
    Timer1AIntHandler                        0x00000ee5   Thumb Code   176  gpio_task.o(i.Timer1AIntHandler)
    TimerConfigure                           0x00000fa9   Thumb Code    88  timer.o(i.TimerConfigure)
    TimerControlTrigger                      0x00001009   Thumb Code    70  timer.o(i.TimerControlTrigger)
    TimerDisable                             0x00001059   Thumb Code    16  timer.o(i.TimerDisable)
    TimerEnable                              0x00001069   Thumb Code    14  timer.o(i.TimerEnable)
    TimerIntClear                            0x00001077   Thumb Code     4  timer.o(i.TimerIntClear)
    TimerIntDisable                          0x0000107b   Thumb Code    10  timer.o(i.TimerIntDisable)
    TimerIntEnable                           0x00001085   Thumb Code     8  timer.o(i.TimerIntEnable)
    TimerIntRegister                         0x0000108d   Thumb Code    88  timer.o(i.TimerIntRegister)
    TimerLoadSet                             0x000010f5   Thumb Code    18  timer.o(i.TimerLoadSet)
    UARTClockSourceSet                       0x00001107   Thumb Code     6  uart.o(i.UARTClockSourceSet)
    UARTStdioConfig                          0x0000110d   Thumb Code    82  uartstdio.o(i.UARTStdioConfig)
    UARTprintf                               0x00001169   Thumb Code    18  uartstdio.o(i.UARTprintf)
    UARTvprintf                              0x0000117d   Thumb Code   420  uartstdio.o(i.UARTvprintf)
    UARTwrite                                0x00001331   Thumb Code    56  uartstdio.o(i.UARTwrite)
    __scatterload_copy                       0x0000136d   Thumb Code    14  handlers.o(i.__scatterload_copy)
    __scatterload_null                       0x0000137b   Thumb Code     2  handlers.o(i.__scatterload_null)
    __scatterload_zeroinit                   0x0000137d   Thumb Code    14  handlers.o(i.__scatterload_zeroinit)
    configureTimer1A                         0x0000138d   Thumb Code    88  gpio_task.o(i.configureTimer1A)
    main                                     0x000013f5   Thumb Code    72  main.o(i.main)
    sqrt                                     0x0000145d   Thumb Code    42  adc_task.o(i.sqrt)
    Region$$Table$$Base                      0x000018bc   Number         0  anon$$obj.o(Region$$Table)
    Region$$Table$$Limit                     0x000018dc   Number         0  anon$$obj.o(Region$$Table)
    adc_input_index                          0x20000008   Data           2  adc_task.o(.data)
    rmsFlag                                  0x2000000a   Data           2  adc_task.o(.data)
    rms                                      0x2000000c   Data           4  adc_task.o(.data)
    scbLevelShift                            0x20000014   Data           4  adc_task.o(.data)
    status                                   0x20000018   Data           4  adc_task.o(.data)
    correctedInput                           0x2000001c   Data           4  adc_task.o(.data)
    inputValue                               0x20000020   Data           4  gpio_task.o(.data)
    dcValue                                  0x20000028   Data           2  gpio_task.o(.data)
    counter                                  0x2000002a   Data           2  gpio_task.o(.data)
    saw_index                                0x2000002c   Data           4  gpio_task.o(.data)
    sFactor                                  0x20000030   Data           8  gpio_task.o(.data)
    sawtooth                                 0x20000038   Data         100  gpio_task.o(.data)
    lpf_coeff                                0x2000066c   Data          12  main.o(.bss)
    adcRawInput                              0x20000678   Data        8000  adc_task.o(.bss)
    PLLSync                                  0x200025b8   Data         140  pll.o(.bss)
    __initial_sp                             0x20002748   Data           0  startup_rvmdk.o(STACK)



==============================================================================

Memory Map of the image

  Image Entry point : 0x0000026d

  Load Region LR_IROM (Base: 0x00000000, Size: 0x00001f48, Max: 0x00040000, ABSOLUTE, COMPRESSED[0x00001930])

    Execution Region ER_IROM (Base: 0x00000000, Size: 0x000018dc, Max: 0x00040000, ABSOLUTE)

    Base Addr    Size         Type   Attr      Idx    E Section Name        Object

    0x00000000   0x00000288   Code   RO           90  * RESET               startup_rvmdk.o
    0x00000288   0x00000000   Code   RO         2067  * .ARM.Collect$$$$00000000  mc_w.l(entry.o)
    0x00000288   0x00000004   Code   RO         2098    .ARM.Collect$$$$00000001  mc_w.l(entry2.o)
    0x0000028c   0x00000004   Code   RO         2101    .ARM.Collect$$$$00000004  mc_w.l(entry5.o)
    0x00000290   0x00000000   Code   RO         2103    .ARM.Collect$$$$00000008  mc_w.l(entry7b.o)
    0x00000290   0x00000000   Code   RO         2105    .ARM.Collect$$$$0000000A  mc_w.l(entry8b.o)
    0x00000290   0x00000008   Code   RO         2106    .ARM.Collect$$$$0000000B  mc_w.l(entry9a.o)
    0x00000298   0x00000000   Code   RO         2108    .ARM.Collect$$$$0000000D  mc_w.l(entry10a.o)
    0x00000298   0x00000000   Code   RO         2110    .ARM.Collect$$$$0000000F  mc_w.l(entry11a.o)
    0x00000298   0x00000004   Code   RO         2099    .ARM.Collect$$$$00002712  mc_w.l(entry2.o)
    0x0000029c   0x000000e4   Code   RO         2072    .text               mf_w.l(dmul.o)
    0x00000380   0x0000001a   Code   RO         2076    .text               mf_w.l(dfltui.o)
    0x0000039a   0x00000032   Code   RO         2078    .text               mf_w.l(dfixui.o)
    0x000003cc   0x0000001e   Code   RO         2112    .text               mc_w.l(llshl.o)
    0x000003ea   0x00000020   Code   RO         2114    .text               mc_w.l(llushr.o)
    0x0000040a   0x00000000   Code   RO         2125    .text               mc_w.l(iusefp.o)
    0x0000040a   0x000000be   Code   RO         2128    .text               mf_w.l(depilogue.o)
    0x000004c8   0x00000024   Code   RO         2144    .text               mc_w.l(init.o)
    0x000004ec   0x0000005c   Code   RO         2158    .text               mc_w.l(__dczerorl2.o)
    0x00000548   0x000000b0   Code   RO          272    i.ADC0Seq2_Handler  adc_task.o
    0x000005f8   0x0000001c   Code   RO          449    i.ADCClockConfigSet  driverlib.lib(adc.o)
    0x00000614   0x0000000a   Code   RO          458    i.ADCIntClear       driverlib.lib(adc.o)
    0x0000061e   0x00000010   Code   RO          462    i.ADCIntEnable      driverlib.lib(adc.o)
    0x0000062e   0x00000002   PAD
    0x00000630   0x00000068   Code   RO          464    i.ADCIntRegister    driverlib.lib(adc.o)
    0x00000698   0x00000060   Code   RO          473    i.ADCSequenceConfigure  driverlib.lib(adc.o)
    0x000006f8   0x00000024   Code   RO          476    i.ADCSequenceDataGet  driverlib.lib(adc.o)
    0x0000071c   0x00000010   Code   RO          477    i.ADCSequenceDisable  driverlib.lib(adc.o)
    0x0000072c   0x0000000e   Code   RO          478    i.ADCSequenceEnable  driverlib.lib(adc.o)
    0x0000073a   0x0000009a   Code   RO          481    i.ADCSequenceStepConfigure  driverlib.lib(adc.o)
    0x000007d4   0x0000008c   Code   RO          273    i.ADCTask           adc_task.o
    0x00000860   0x000000fc   Code   RO          274    i.ADCTaskInit       adc_task.o
    0x0000095c   0x0000005c   Code   RO            1    i.ConfigureUART     main.o
    0x000009b8   0x00000028   Code   RO          730    i.GPIODirModeSet    driverlib.lib(gpio.o)
    0x000009e0   0x00000138   Code   RO          742    i.GPIOPadConfigSet  driverlib.lib(gpio.o)
    0x00000b18   0x0000001c   Code   RO          745    i.GPIOPinTypeADC    driverlib.lib(gpio.o)
    0x00000b34   0x0000001c   Code   RO          754    i.GPIOPinTypeGPIOOutput  driverlib.lib(gpio.o)
    0x00000b50   0x00000006   Code   RO          772    i.GPIOPinWrite      driverlib.lib(gpio.o)
    0x00000b56   0x00000002   PAD
    0x00000b58   0x0000003c   Code   RO          348    i.GPIOTask          gpio_task.o
    0x00000b94   0x00000048   Code   RO          349    i.GPIOTaskInit      gpio_task.o
    0x00000bdc   0x00000010   Code   RO          351    i.GPIO_PB2_SET_LOW  gpio_task.o
    0x00000bec   0x00000064   Code   RO         1032    i.IntDisable        driverlib.lib(interrupt.o)
    0x00000c50   0x00000064   Code   RO         1033    i.IntEnable         driverlib.lib(interrupt.o)
    0x00000cb4   0x00000028   Code   RO         1044    i.IntPrioritySet    driverlib.lib(interrupt.o)
    0x00000cdc   0x00000034   Code   RO         1045    i.IntRegister       driverlib.lib(interrupt.o)
    0x00000d10   0x00000054   Code   RO          398    i.PLLTaskInit       pll.o
    0x00000d64   0x00000002   Code   RO            2    i.Producer          main.o
    0x00000d66   0x00000002   PAD
    0x00000d68   0x00000154   Code   RO         1151    i.SysCtlClockGet    driverlib.lib(sysctl.o)
    0x00000ebc   0x00000028   Code   RO         1182    i.SysCtlPeripheralEnable  driverlib.lib(sysctl.o)
    0x00000ee4   0x000000c4   Code   RO          352    i.Timer1AIntHandler  gpio_task.o
    0x00000fa8   0x00000060   Code   RO         1500    i.TimerConfigure    driverlib.lib(timer.o)
    0x00001008   0x00000050   Code   RO         1504    i.TimerControlTrigger  driverlib.lib(timer.o)
    0x00001058   0x00000010   Code   RO         1508    i.TimerDisable      driverlib.lib(timer.o)
    0x00001068   0x0000000e   Code   RO         1509    i.TimerEnable       driverlib.lib(timer.o)
    0x00001076   0x00000004   Code   RO         1510    i.TimerIntClear     driverlib.lib(timer.o)
    0x0000107a   0x0000000a   Code   RO         1511    i.TimerIntDisable   driverlib.lib(timer.o)
    0x00001084   0x00000008   Code   RO         1512    i.TimerIntEnable    driverlib.lib(timer.o)
    0x0000108c   0x00000068   Code   RO         1513    i.TimerIntRegister  driverlib.lib(timer.o)
    0x000010f4   0x00000012   Code   RO         1518    i.TimerLoadSet      driverlib.lib(timer.o)
    0x00001106   0x00000006   Code   RO         1750    i.UARTClockSourceSet  driverlib.lib(uart.o)
    0x0000110c   0x0000005c   Code   RO           95    i.UARTStdioConfig   uartstdio.o
    0x00001168   0x00000012   Code   RO           98    i.UARTprintf        uartstdio.o
    0x0000117a   0x00000002   PAD
    0x0000117c   0x000001b4   Code   RO           99    i.UARTvprintf       uartstdio.o
    0x00001330   0x0000003c   Code   RO          100    i.UARTwrite         uartstdio.o
    0x0000136c   0x0000000e   Code   RO         2152    i.__scatterload_copy  mc_w.l(handlers.o)
    0x0000137a   0x00000002   Code   RO         2153    i.__scatterload_null  mc_w.l(handlers.o)
    0x0000137c   0x0000000e   Code   RO         2154    i.__scatterload_zeroinit  mc_w.l(handlers.o)
    0x0000138a   0x00000002   PAD
    0x0000138c   0x00000068   Code   RO          353    i.configureTimer1A  gpio_task.o
    0x000013f4   0x00000068   Code   RO            3    i.main              main.o
    0x0000145c   0x00000030   Code   RO          279    i.sqrt              adc_task.o
    0x0000148c   0x0000001c   Data   RO          101    .constdata          uartstdio.o
    0x000014a8   0x0000010c   Data   RO         1049    .constdata          driverlib.lib(interrupt.o)
    0x000015b4   0x00000254   Data   RO         1204    .constdata          driverlib.lib(sysctl.o)
    0x00001808   0x000000a0   Data   RO         1534    .constdata          driverlib.lib(timer.o)
    0x000018a8   0x00000011   Data   RO          102    .conststring        uartstdio.o
    0x000018b9   0x00000003   PAD
    0x000018bc   0x00000020   Data   RO         2150    Region$$Table       anon$$obj.o


    Execution Region RW_IRAM (Base: 0x20000000, Size: 0x00002748, Max: 0x00008000, ABSOLUTE, COMPRESSED[0x00000054])

    Base Addr    Size         Type   Attr      Idx    E Section Name        Object

    0x20000000   0x00000008   Data   RW          103    .data               uartstdio.o
    0x20000008   0x00000018   Data   RW          282    .data               adc_task.o
    0x20000020   0x00000004   Data   RW          354    .data               gpio_task.o
    0x20000024   0x00000004   PAD
    0x20000028   0x00000074   Data   RW          355    .data               gpio_task.o
    0x2000009c   0x00000364   PAD
    0x20000400   0x0000026c   Data   RW         1050    vtable              driverlib.lib(interrupt.o)
    0x2000066c   0x0000000c   Zero   RW            4    .bss                main.o
    0x20000678   0x00001f40   Zero   RW          280    .bss                adc_task.o
    0x200025b8   0x0000008c   Zero   RW          401    .bss                pll.o
    0x20002644   0x00000004   PAD
    0x20002648   0x00000100   Zero   RW           88    STACK               startup_rvmdk.o


==============================================================================

Image component sizes


      Code (inc. data)   RO Data    RW Data    ZI Data      Debug   Object Name

       616        110          0         24       8000       3998   adc_task.o
       448         64          0        120          0       3974   gpio_task.o
       198         48          0          0         12       8495   main.o
        84         14          0          0        140       1552   pll.o
       648        622          0          0        256        292   startup_rvmdk.o
       606         30         45          8          0       4660   uartstdio.o

    ----------------------------------------------------------------------
      2604        888         80       1024       8412      22971   Object Totals
         0          0         32          0          0          0   (incl. Generated)
         4          0          3        872          4          0   (incl. Padding)

    ----------------------------------------------------------------------

      Code (inc. data)   RO Data    RW Data    ZI Data      Debug   Library Member Name

       474         12          0          0          0       9250   adc.o
       414          0          0          0          0       3796   gpio.o
       292         28        268        620          0       3260   interrupt.o
       380         40        596          0          0       3150   sysctl.o
       350         34        160          0          0       5949   timer.o
         6          0          0          0          0        497   uart.o
        92          0          0          0          0          0   __dczerorl2.o
         0          0          0          0          0          0   entry.o
         0          0          0          0          0          0   entry10a.o
         0          0          0          0          0          0   entry11a.o
         8          4          0          0          0          0   entry2.o
         4          0          0          0          0          0   entry5.o
         0          0          0          0          0          0   entry7b.o
         0          0          0          0          0          0   entry8b.o
         8          4          0          0          0          0   entry9a.o
        30          0          0          0          0          0   handlers.o
        36          8          0          0          0         68   init.o
         0          0          0          0          0          0   iusefp.o
        30          0          0          0          0         68   llshl.o
        32          0          0          0          0         68   llushr.o
       190          0          0          0          0        176   depilogue.o
        50          0          0          0          0         76   dfixui.o
        26          0          0          0          0         76   dfltui.o
       228          0          0          0          0         96   dmul.o

    ----------------------------------------------------------------------
      2656        130       1024        620          0      26530   Library Totals
         6          0          0          0          0          0   (incl. Padding)

    ----------------------------------------------------------------------

      Code (inc. data)   RO Data    RW Data    ZI Data      Debug   Library Name

      1916        114       1024        620          0      25902   driverlib.lib
       240         16          0          0          0        204   mc_w.l
       494          0          0          0          0        424   mf_w.l

    ----------------------------------------------------------------------
      2656        130       1024        620          0      26530   Library Totals

    ----------------------------------------------------------------------

==============================================================================


      Code (inc. data)   RO Data    RW Data    ZI Data      Debug   

      5260       1018       1104       1644       8412      45041   Grand Totals
      5260       1018       1104         84       8412      45041   ELF Image Totals (compressed)
      5260       1018       1104         84          0          0   ROM Totals

==============================================================================

    Total RO  Size (Code + RO Data)                 6364 (   6.21kB)
    Total RW  Size (RW Data + ZI Data)             10056 (   9.82kB)
    Total ROM Size (Code + RO Data + RW Data)       6448 (   6.30kB)

==============================================================================

