<html>
<body>
<pre>
<h1>µVision Build Log</h1>
<h2>Project:</h2>
C:\Users\Oriana\Desktop\InverterFinalCode\InverterControlLoop\freertos_demo.uvproj
Project File Date:  07/10/2018

<h2>Output:</h2>
Build target 'freertos_demo'
compiling Control.c...
Control.c(161): warning:  #1-D: last line of file ends without a newline
  }
Control.c: 1 warning, 0 errors
linking...
Program Size: Code=13624 RO-data=5592 RW-data=1644 ZI-data=4420  
After Build - User command #1: fromelf --bin --output .\rvmdk\freertos_demo.bin .\rvmdk\freertos_demo.axf
".\rvmdk\freertos_demo.axf" - 0 Error(s), 1 Warning(s).
Load "C:\\Users\\Oriana\\Desktop\\InverterFinalCode\\InverterControlLoop\\rvmdk\\freertos_demo.axf" 
Connecting: Mode=JTAG, Speed=1000000Hz
Erase Done.
Programming Done.
Verify OK.
ng(s).
Load "C:\\Users\\Oriana\\Desktop\\InverterFinalCode\\InverterControlLoop\\rvmdk\\freertos_demo.axf" 
Connecting: Mode=JTAG, Speed=1000000Hz
Erase Done.
Programming Done.
Verify OK.
