<html>
<body>
<pre>
<h1>µVision Build Log</h1>
<h2>Project:</h2>
C:\Users\Oriana\Desktop\InverterFinalCode\ChopperCode\PWM.uvproj
Project File Date:  03/09/2017

<h2>Output:</h2>
Build target 'PWM'
linking...
Program Size: Code=2408 RO-data=32 RW-data=292 ZI-data=1124  
".\PWM.axf" - 0 Error(s), 0 Warning(s).
Load "C:\\Users\\Oriana\\Desktop\\InverterFinalCode\\ChopperCode\\PWM.axf" 
Connecting: Mode=JTAG, Speed=1000000Hz
Connection failed!, error code=&d
Error: Flash Download failed  -  Target DLL has been cancelled
</pre>
</body>
</html>
Code\\PWM.axf" 
Connecting: Mode=JTAG, Speed=1000000Hz
Erase Done.
Programming Done.
Verify OK.
.
Programming Done.
Verify OK.
Load "C:\\Users\\Oriana\\Desktop\\InverterFinalCode\\ChopperCode\\PWM.axf" 
Connecting: Mode=JTAG, Speed=1000000Hz
Erase Done.
Programming Done.
Verify OK.
